Parsing 947-02 from https://hrrac.af/en/our-projects/enhancing-protection-and-housing-land-and-property-hlp-rights-for-vulnerable-communities-in-kabul-and-khost
dflat: invalid XML format
restored 0 files
--
Parsing abdo from https://www.africabookorg.co.zw
dflat: invalid XML format
restored 0 files
--
Downloading abfhalsingland-activity-publisher from https://iatipublisher-prod.s3.amazonaws.com/xml/mergedActivityXml/abfhalsingland-activities.xml
curl: download ERROR 403
Parsing abfhalsingland-activity-publisher from https://iatipublisher-prod.s3.amazonaws.com/xml/mergedActivityXml/abfhalsingland-activities.xml
dflat: input XML file does not exist
restored 0 files
--
Parsing across from https://across.tghn.org/
dflat: invalid XML format
restored 0 files
--
Downloading adjarra-act from https://rsr.akvo.org/organisation/4643/iati/
curl: download ERROR 429
Parsing adjarra-act from https://rsr.akvo.org/organisation/4643/iati/
dflat: input XML file does not exist
restored 1 files
--
Downloading adjohoun-org from https://rsr.akvo.org/organisation/4644/iati-org/
curl: download ERROR 429
Parsing adjohoun-org from https://rsr.akvo.org/organisation/4644/iati-org/
dflat: input XML file does not exist
restored 1 files
--
Downloading ads-nyanza-1416009 from http://iati.simavi.org/ADS/IATI-activities.xml
curl: download ERROR 404
Parsing ads-nyanza-1416009 from http://iati.simavi.org/ADS/IATI-activities.xml
dflat: input XML file does not exist
restored 1 files
--
Downloading afdi-fr-activity from http://rsr.akvo.org/organisation/5280/iati/
curl: download ERROR 404
Parsing afdi-fr-activity from http://rsr.akvo.org/organisation/5280/iati/
dflat: input XML file does not exist
restored 0 files
--
Downloading afdi-fr-org from http://rsr.akvo.org/organisation/5280/iati-org/
curl: download ERROR 429
Parsing afdi-fr-org from http://rsr.akvo.org/organisation/5280/iati-org/
dflat: input XML file does not exist
restored 1 files
--
Parsing aflatoun-apr2015 from https://aflatoun.box.com/v/iati-2015april
dflat: invalid XML format
restored 0 files
--
Downloading afrikagrupperna-all_activities from https://csoadmin.sida.se/iati/Afrikagrupperna-%28Africa-groups-of-Sweden%29.xml
curl: download ERROR 000
Parsing afrikagrupperna-all_activities from https://csoadmin.sida.se/iati/Afrikagrupperna-%28Africa-groups-of-Sweden%29.xml
dflat: input XML file does not exist
restored 53 files
--
Downloading afsc-bbb-1 from http://iati.redeenkind.nl/MmeM/IATI-activities.xml
curl: download ERROR 000
Parsing afsc-bbb-1 from http://iati.redeenkind.nl/MmeM/IATI-activities.xml
dflat: input XML file does not exist
restored 0 files
--
Downloading agriterra-nl-kvk-41048542-201802-activities from https://www.agriterra.org/upload_directory/files/IATI_output_20180817_122959.xml
curl: download ERROR 404
Parsing agriterra-nl-kvk-41048542-201802-activities from https://www.agriterra.org/upload_directory/files/IATI_output_20180817_122959.xml
dflat: input XML file does not exist
restored 938 files
--
Downloading agriterra-org from https://www.agriterra.org/upload_directory/files/organisation_agriterra_20180820.xml
curl: download ERROR 404
Parsing agriterra-org from https://www.agriterra.org/upload_directory/files/organisation_agriterra_20180820.xml
dflat: input XML file does not exist
restored 1 files
--
Parsing agroicone-br from https://drive.google.com/file/d/1JB7Lr4vAk3CjHZz4GdBpsQTdxf4Wq4cj/view?usp=sharing
dflat: invalid XML format
restored 0 files
--
Parsing agroicone-org from https://drive.google.com/file/d/1JAlwE6ybRYPRCvf69E2k628uL02prhoD/view?usp=sharing
dflat: invalid XML format
restored 0 files
--
Downloading aiddata-afghanistanaims from https://github.com/AidData-WM/public_datasets/raw/master/iati/iati_2.03_AfghanistanAIMS_GeocodedResearchRelease.xml
curl: download ERROR 404
Parsing aiddata-afghanistanaims from https://github.com/AidData-WM/public_datasets/raw/master/iati/iati_2.03_AfghanistanAIMS_GeocodedResearchRelease.xml
dflat: input XML file does not exist
restored 0 files
--
Downloading aidenvironment-20180601 from http://www.aidenvironment.org/iati/NL-KVK-41208024-20180601.php
curl: download ERROR 404
Parsing aidenvironment-20180601 from http://www.aidenvironment.org/iati/NL-KVK-41208024-20180601.php
dflat: input XML file does not exist
restored 0 files
--
Downloading akpro-misserete-act from https://rsr.akvo.org/organisation/4642/iati/
curl: download ERROR 429
Parsing akpro-misserete-act from https://rsr.akvo.org/organisation/4642/iati/
dflat: input XML file does not exist
restored 1 files
--
Downloading akvo-activities from http://rsr.akvo.org/organisation/42/iati.xml
curl: download ERROR 429
Parsing akvo-activities from http://rsr.akvo.org/organisation/42/iati.xml
dflat: input XML file does not exist
restored 25 files
--
Downloading alcrer-1-act from https://rsr.akvo.org/organisation/4538/iati/
curl: download ERROR 429
Parsing alcrer-1-act from https://rsr.akvo.org/organisation/4538/iati/
dflat: input XML file does not exist
restored 1 files
--
Downloading allada-act1 from https://rsr.akvo.org/organisation/4647/iati/
curl: download ERROR 429
Parsing allada-act1 from https://rsr.akvo.org/organisation/4647/iati/
dflat: input XML file does not exist
restored 2 files
--
Downloading allada-org from https://rsr.akvo.org/organisation/4647/iati-org/
curl: download ERROR 429
Parsing allada-org from https://rsr.akvo.org/organisation/4647/iati-org/
dflat: input XML file does not exist
restored 1 files
--
Downloading allwecan-org from https://aidstream.s3.us-west-2.amazonaws.com/xml/allwecan-org.xml
curl: download ERROR 403
Parsing allwecan-org from https://aidstream.s3.us-west-2.amazonaws.com/xml/allwecan-org.xml
dflat: input XML file does not exist
restored 0 files
--
Downloading amwa-makeway from https://rsr.akvo.org/organisation/6175/iati/
curl: download ERROR 429
Parsing amwa-makeway from https://rsr.akvo.org/organisation/6175/iati/
dflat: input XML file does not exist
restored 7 files
--
Downloading anaepmr_benin-org from https://rsr.akvo.org/organisation/4985/iati-org/
curl: download ERROR 429
Parsing anaepmr_benin-org from https://rsr.akvo.org/organisation/4985/iati-org/
dflat: input XML file does not exist
restored 1 files
--
Downloading ancb_benin-org from https://rsr.akvo.org/organisation/3654/iati-org/
curl: download ERROR 429
Parsing ancb_benin-org from https://rsr.akvo.org/organisation/3654/iati-org/
dflat: input XML file does not exist
restored 1 files
--
Downloading aplahoue-act1 from https://rsr.akvo.org/organisation/4653/iati/
curl: download ERROR 429
Parsing aplahoue-act1 from https://rsr.akvo.org/organisation/4653/iati/
dflat: input XML file does not exist
restored 2 files
--
Downloading aplahoue-org from https://rsr.akvo.org/organisation/4653/iati-org/
curl: download ERROR 429
Parsing aplahoue-org from https://rsr.akvo.org/organisation/4653/iati-org/
dflat: input XML file does not exist
restored 1 files
--
Downloading asdap-activity2 from https://rsr.akvo.org/organisation/5844/iati/
curl: download ERROR 429
Parsing asdap-activity2 from https://rsr.akvo.org/organisation/5844/iati/
dflat: input XML file does not exist
restored 1 files
--
Downloading asdap-file4 from https://rsr.akvo.org/organisation/5844/iati/
curl: download ERROR 429
Parsing asdap-file4 from https://rsr.akvo.org/organisation/5844/iati/
dflat: input XML file does not exist
restored 1 files
--
Downloading asovb-organisation-publisher from https://iatipublisher-prod.s3.amazonaws.com/organizationXmlFiles/ASOVB-organisation.xml
curl: download ERROR 403
Parsing asovb-organisation-publisher from https://iatipublisher-prod.s3.amazonaws.com/organizationXmlFiles/ASOVB-organisation.xml
dflat: input XML file does not exist
restored 1 files
--
Downloading aw-3977 from https://rsr.akvo.org/organisation/3977/iati.xml
curl: download ERROR 429
Parsing aw-3977 from https://rsr.akvo.org/organisation/3977/iati.xml
dflat: input XML file does not exist
restored 1 files
--
Downloading beis-gb-gov-13-rs from https://science-and-innovation-network.s3.eu-west-2.amazonaws.com/Royal+Society+R%26I+Activity+File.xml
curl: download ERROR 403
Parsing beis-gb-gov-13-rs from https://science-and-innovation-network.s3.eu-west-2.amazonaws.com/Royal+Society+R%26I+Activity+File.xml
dflat: input XML file does not exist
restored 132 files
--
Downloading bnps-bd-1986 from http://iati.simavi.org/BNPS/IATI-activities.xml
curl: download ERROR 404
Parsing bnps-bd-1986 from http://iati.simavi.org/BNPS/IATI-activities.xml
dflat: input XML file does not exist
restored 1 files
--
Downloading boat-count-rumonge from https://geoplanpartners.com/boat-count-rumonge
curl: download ERROR 404
Parsing boat-count-rumonge from https://geoplanpartners.com/boat-count-rumonge
dflat: input XML file does not exist
restored 0 files
--
Downloading bopa-act1 from https://rsr.akvo.org/organisation/4645/iati/
curl: download ERROR 429
Parsing bopa-act1 from https://rsr.akvo.org/organisation/4645/iati/
dflat: input XML file does not exist
restored 3 files
--
Downloading caeb_mali-act from https://rsr.akvo.org/organisation/632/iati/
curl: download ERROR 429
Parsing caeb_mali-act from https://rsr.akvo.org/organisation/632/iati/
dflat: input XML file does not exist
restored 1 files
--
Downloading caeb_mali-org from https://rsr.akvo.org/organisation/632/iati-org/
curl: download ERROR 429
Parsing caeb_mali-org from https://rsr.akvo.org/organisation/632/iati-org/
dflat: input XML file does not exist
restored 1 files
--
Downloading cafod-multipleeeu from https://iati.cafod.org.uk/uploads/IATIFile_Multiple_EEU.xml
curl: download ERROR 404
Parsing cafod-multipleeeu from https://iati.cafod.org.uk/uploads/IATIFile_Multiple_EEU.xml
dflat: input XML file does not exist
restored 0 files
--
Downloading cafod-tanzania from https://iati.cafod.org.uk/uploads/IATIFile_Tanzania.xml
curl: download ERROR 404
Parsing cafod-tanzania from https://iati.cafod.org.uk/uploads/IATIFile_Tanzania.xml
dflat: input XML file does not exist
restored 14 files
--
Downloading caritasfin-8a from http://mapping.caritas.eu/iati/activities.xml?id=39&hash=e935f58cfaa2bed30bb55b641b2c5f95
curl: download ERROR 000
Parsing caritasfin-8a from http://mapping.caritas.eu/iati/activities.xml?id=39&hash=e935f58cfaa2bed30bb55b641b2c5f95
dflat: input XML file does not exist
restored 0 files
--
Downloading caritas_serbia-17062603 from http://mapping.caritas.eu/iati/activities.xml?id=63&hash=18e05ac544f885739dc400cc0ead83f4
curl: download ERROR 000
Parsing caritas_serbia-17062603 from http://mapping.caritas.eu/iati/activities.xml?id=63&hash=18e05ac544f885739dc400cc0ead83f4
dflat: input XML file does not exist
restored 0 files
--
Downloading cavwoc-201801 from http://iati.simavi.org/CAVWOC/IATI-activities.xml
curl: download ERROR 404
Parsing cavwoc-201801 from http://iati.simavi.org/CAVWOC/IATI-activities.xml
dflat: input XML file does not exist
restored 1 files
--
Downloading ccdnigeria-1 from https://drive.google.com/file/d/0B7tiexkEWHbbUndKZkRCSUlkRm8/view
curl: download ERROR 401
Parsing ccdnigeria-1 from https://drive.google.com/file/d/0B7tiexkEWHbbUndKZkRCSUlkRm8/view
dflat: input XML file does not exist
restored 0 files
--
Downloading cdc_ohg-act from https://rsr.akvo.org/organisation/6313/iati/
curl: download ERROR 429
Parsing cdc_ohg-act from https://rsr.akvo.org/organisation/6313/iati/
dflat: input XML file does not exist
restored 1 files
--
Downloading cdc_ohg-org from https://rsr.akvo.org/organisation/6313/iati-org/
curl: download ERROR 429
Parsing cdc_ohg-org from https://rsr.akvo.org/organisation/6313/iati-org/
dflat: input XML file does not exist
restored 1 files
--
Downloading cerf-projectsfunded2007 from https://cerfgms-webapi.unocha.org/v1/iati/project/year/2007.xml
curl: download ERROR 000
Parsing cerf-projectsfunded2007 from https://cerfgms-webapi.unocha.org/v1/iati/project/year/2007.xml
dflat: input XML file does not exist
restored 450 files
--
Downloading cerf-projectsfunded2008 from https://cerfgms-webapi.unocha.org/v1/iati/project/year/2008.xml
curl: download ERROR 000
Parsing cerf-projectsfunded2008 from https://cerfgms-webapi.unocha.org/v1/iati/project/year/2008.xml
dflat: input XML file does not exist
restored 519 files
--
Downloading cerf-projectsfunded2009 from https://cerfgms-webapi.unocha.org/v1/iati/project/year/2009.xml
curl: download ERROR 000
Parsing cerf-projectsfunded2009 from https://cerfgms-webapi.unocha.org/v1/iati/project/year/2009.xml
dflat: input XML file does not exist
restored 466 files
--
Downloading cerf-projectsfunded2010 from https://cerfgms-webapi.unocha.org/v1/iati/project/year/2010.xml
curl: download ERROR 000
Parsing cerf-projectsfunded2010 from https://cerfgms-webapi.unocha.org/v1/iati/project/year/2010.xml
dflat: input XML file does not exist
restored 469 files
--
Downloading cerf-projectsfunded2011 from https://cerfgms-webapi.unocha.org/v1/iati/project/year/2011.xml
curl: download ERROR 000
Parsing cerf-projectsfunded2011 from https://cerfgms-webapi.unocha.org/v1/iati/project/year/2011.xml
dflat: input XML file does not exist
restored 473 files
--
Downloading cerf-projectsfunded2012 from https://cerfgms-webapi.unocha.org/v1/iati/project/year/2012.xml
curl: download ERROR 000
Parsing cerf-projectsfunded2012 from https://cerfgms-webapi.unocha.org/v1/iati/project/year/2012.xml
dflat: input XML file does not exist
restored 534 files
--
Downloading cerf-projectsfunded2013 from https://cerfgms-webapi.unocha.org/v1/iati/project/year/2013.xml
curl: download ERROR 000
Parsing cerf-projectsfunded2013 from https://cerfgms-webapi.unocha.org/v1/iati/project/year/2013.xml
dflat: input XML file does not exist
restored 528 files
--
Downloading cerf-projectsfunded2014 from https://cerfgms-webapi.unocha.org/v1/iati/project/year/2014.xml
curl: download ERROR 000
Parsing cerf-projectsfunded2014 from https://cerfgms-webapi.unocha.org/v1/iati/project/year/2014.xml
dflat: input XML file does not exist
restored 588 files
--
Downloading cerf-projectsfunded2016 from https://cerfgms-webapi.unocha.org/v1/iati/project/year/2016.xml
curl: download ERROR 000
Parsing cerf-projectsfunded2016 from https://cerfgms-webapi.unocha.org/v1/iati/project/year/2016.xml
dflat: input XML file does not exist
restored 439 files
--
Downloading cerf-projectsfunded2018 from https://cerfgms-webapi.unocha.org/v1/iati/project/year/2018.xml
curl: download ERROR 000
Parsing cerf-projectsfunded2018 from https://cerfgms-webapi.unocha.org/v1/iati/project/year/2018.xml
dflat: input XML file does not exist
restored 401 files
--
Downloading cerf-projectsfunded2020 from https://cerfgms-webapi.unocha.org/v1/iati/project/year/2020.xml
curl: download ERROR 000
Parsing cerf-projectsfunded2020 from https://cerfgms-webapi.unocha.org/v1/iati/project/year/2020.xml
dflat: input XML file does not exist
restored 328 files
--
Downloading cerf-projectsfunded2021 from https://cerfgms-webapi.unocha.org/v1/iati/project/year/2021.xml
curl: download ERROR 000
Parsing cerf-projectsfunded2021 from https://cerfgms-webapi.unocha.org/v1/iati/project/year/2021.xml
dflat: input XML file does not exist
restored 269 files
--
Downloading cerf-projectsfunded2022 from https://cerfgms-webapi.unocha.org/v1/iati/project/year/2022.xml
curl: download ERROR 000
Parsing cerf-projectsfunded2022 from https://cerfgms-webapi.unocha.org/v1/iati/project/year/2022.xml
dflat: input XML file does not exist
restored 401 files
--
Downloading cerf-projectsfunded2023 from https://cerfgms-webapi.unocha.org/v1/iati/project/year/2023.xml
curl: download ERROR 000
Parsing cerf-projectsfunded2023 from https://cerfgms-webapi.unocha.org/v1/iati/project/year/2023.xml
dflat: input XML file does not exist
restored 381 files
--
Downloading cerf-projectsfunded2024 from https://cerfgms-webapi.unocha.org/v1/iati/project/year/2024.xml
curl: download ERROR 000
Parsing cerf-projectsfunded2024 from https://cerfgms-webapi.unocha.org/v1/iati/project/year/2024.xml
dflat: input XML file does not exist
restored 359 files
--
Downloading cgiar-activities-grants from https://www.cgiar.org/sites/g/files/fvypus371/files/xml/iati/grants.xml?update=today
curl: download ERROR 403
Parsing cgiar-activities-grants from https://www.cgiar.org/sites/g/files/fvypus371/files/xml/iati/grants.xml?update=today
dflat: input XML file does not exist
restored 6464 files
--
Downloading cgiar-activities-initiatives from https://www.cgiar.org/sites/g/files/fvypus371/files/xml/iati/initiatives.xml?update=today
curl: download ERROR 403
Parsing cgiar-activities-initiatives from https://www.cgiar.org/sites/g/files/fvypus371/files/xml/iati/initiatives.xml?update=today
dflat: input XML file does not exist
restored 32 files
--
Downloading cgiar-org from https://www.cgiar.org/sites/g/files/fvypus371/files/xml/iati/CGIAR_organisation.xml?update=today
curl: download ERROR 403
Parsing cgiar-org from https://www.cgiar.org/sites/g/files/fvypus371/files/xml/iati/CGIAR_organisation.xml?update=today
dflat: input XML file does not exist
restored 16 files
--
Downloading cibe-01 from http://mapping.caritas.eu/iati/activities.xml?id=29&hash=a77d969b23e706cb8fec1850daae34e9
curl: download ERROR 000
Parsing cibe-01 from http://mapping.caritas.eu/iati/activities.xml?id=29&hash=a77d969b23e706cb8fec1850daae34e9
dflat: input XML file does not exist
restored 0 files
--
Downloading cibe-02 from http://mapping.caritas.eu/iati/organisations.xml?id=29&hash=a77d969b23e706cb8fec1850daae34e9
curl: download ERROR 000
Parsing cibe-02 from http://mapping.caritas.eu/iati/organisations.xml?id=29&hash=a77d969b23e706cb8fec1850daae34e9
dflat: input XML file does not exist
restored 0 files
--
Downloading cibe-mijndataset from http://mapping.caritas.eu/iati/activities.xml?id=29&hash=a77d969b23e706cb8fec1850daae34e9
curl: download ERROR 000
Parsing cibe-mijndataset from http://mapping.caritas.eu/iati/activities.xml?id=29&hash=a77d969b23e706cb8fec1850daae34e9
dflat: input XML file does not exist
restored 0 files
--
Downloading cibe-rw from https://aidstream.org/files/xml/cibe-rw.xml
curl: download ERROR 404
Parsing cibe-rw from https://aidstream.org/files/xml/cibe-rw.xml
dflat: input XML file does not exist
restored 1 files
--
Downloading cibe-test3 from http://mapping.caritas.eu/iati/activities.xml?id=29&hash=a77d969b23e706cb8fec1850daae34e9
curl: download ERROR 000
Parsing cibe-test3 from http://mapping.caritas.eu/iati/activities.xml?id=29&hash=a77d969b23e706cb8fec1850daae34e9
dflat: input XML file does not exist
restored 0 files
--
Downloading cif-389 from http://siteresources.worldbank.org/IATI/CIF/CIF-389.xml
curl: download ERROR 502
Parsing cif-389 from http://siteresources.worldbank.org/IATI/CIF/CIF-389.xml
dflat: input XML file does not exist
restored 0 files
--
Downloading cif-889 from http://siteresources.worldbank.org/IATI/CIF/CIF-889.xml
curl: download ERROR 502
Parsing cif-889 from http://siteresources.worldbank.org/IATI/CIF/CIF-889.xml
dflat: input XML file does not exist
restored 0 files
--
Downloading cif-998 from http://siteresources.worldbank.org/IATI/CIF/CIF-998.xml
curl: download ERROR 502
Parsing cif-998 from http://siteresources.worldbank.org/IATI/CIF/CIF-998.xml
dflat: input XML file does not exist
restored 0 files
--
Downloading cif-cd from http://siteresources.worldbank.org/IATI/CIF/CIF-CD.xml
curl: download ERROR 502
Parsing cif-cd from http://siteresources.worldbank.org/IATI/CIF/CIF-CD.xml
dflat: input XML file does not exist
restored 0 files
--
Downloading cif-ye from http://siteresources.worldbank.org/IATI/CIF/CIF-YE.xml
curl: download ERROR 502
Parsing cif-ye from http://siteresources.worldbank.org/IATI/CIF/CIF-YE.xml
dflat: input XML file does not exist
restored 0 files
--
Parsing cilc-org-peer2peer from https://stgcilc.sharepoint.com/:u:/g/EavOgOaBSWFItQZC03G6_sMBLasCDxjk24iPkBzTecNP4w?e=pRBc9R
dflat: invalid XML format
restored 0 files
--
Downloading cini_jhk-91 from http://iati.simavi.org/CINI/IATI-activities.xml
curl: download ERROR 404
Parsing cini_jhk-91 from http://iati.simavi.org/CINI/IATI-activities.xml
dflat: input XML file does not exist
restored 1 files
--
Downloading clingendael-998 from https://aidstream.org/files/xml/clingendael-998.xml
curl: download ERROR 404
Parsing clingendael-998 from https://aidstream.org/files/xml/clingendael-998.xml
dflat: input XML file does not exist
restored 19 files
--
Downloading coffey-gy from https://aidstream.s3.us-west-2.amazonaws.com/xml/coffey-gy.xml
curl: download ERROR 403
Parsing coffey-gy from https://aidstream.s3.us-west-2.amazonaws.com/xml/coffey-gy.xml
dflat: input XML file does not exist
restored 1 files
--
Downloading come-act1 from https://rsr.akvo.org/organisation/4641/iati/
curl: download ERROR 429
Parsing come-act1 from https://rsr.akvo.org/organisation/4641/iati/
dflat: input XML file does not exist
restored 2 files
--
Parsing concernuk-org from https://www.dataworkbench.io/publisher/concernuk/concernuk-org.xml
dflat: invalid XML format
restored 1 files
--
Downloading cowi-act from https://rsr.akvo.org/organisation/4662/iati/
curl: download ERROR 429
Parsing cowi-act from https://rsr.akvo.org/organisation/4662/iati/
dflat: input XML file does not exist
restored 2 files
--
Downloading cowi-org from https://rsr.akvo.org/organisation/4662/iati-org/
curl: download ERROR 429
Parsing cowi-org from https://rsr.akvo.org/organisation/4662/iati-org/
dflat: input XML file does not exist
restored 1 files
--
Downloading cpmhf-activity-publisher from https://iatipublisher-prod.s3.amazonaws.com/xml/mergedActivityXml/CPMHF-activities.xml
curl: download ERROR 403
Parsing cpmhf-activity-publisher from https://iatipublisher-prod.s3.amazonaws.com/xml/mergedActivityXml/CPMHF-activities.xml
dflat: input XML file does not exist
restored 6 files
--
Downloading cpmhf-organisation-publisher from https://iatipublisher-prod.s3.amazonaws.com/organizationXmlFiles/CPMHF-organisation.xml
curl: download ERROR 403
Parsing cpmhf-organisation-publisher from https://iatipublisher-prod.s3.amazonaws.com/organizationXmlFiles/CPMHF-organisation.xml
dflat: input XML file does not exist
restored 1 files
--
Downloading crehpa-1844 from https://crehpa.org.np
curl: download ERROR 403
Parsing crehpa-1844 from https://crehpa.org.np
dflat: input XML file does not exist
restored 0 files
--
Downloading csa-kenya-ke-ncb-218-051-96110-823 from http://iati.simavi.org/CSA/IATI-activities.xml
curl: download ERROR 404
Parsing csa-kenya-ke-ncb-218-051-96110-823 from http://iati.simavi.org/CSA/IATI-activities.xml
dflat: input XML file does not exist
restored 1 files
--
Downloading dangbo-act from https://rsr.akvo.org/organisation/4646/iati/
curl: download ERROR 429
Parsing dangbo-act from https://rsr.akvo.org/organisation/4646/iati/
dflat: input XML file does not exist
restored 3 files
--
Downloading dangbo-org from https://rsr.akvo.org/organisation/4646/iati-org/
curl: download ERROR 429
Parsing dangbo-org from https://rsr.akvo.org/organisation/4646/iati-org/
dflat: input XML file does not exist
restored 1 files
--
Downloading decp-decpactivities2014-2017 from http://dev.pummoodle.com/_decp/decpactivities2014-2017.xml
curl: download ERROR 404
Parsing decp-decpactivities2014-2017 from http://dev.pummoodle.com/_decp/decpactivities2014-2017.xml
dflat: input XML file does not exist
restored 31 files
--
Downloading decp-decpactivities2018-2022 from http://dev.pummoodle.com/_decp/decpactivities2018-2022.xml
curl: download ERROR 404
Parsing decp-decpactivities2018-2022 from http://dev.pummoodle.com/_decp/decpactivities2018-2022.xml
dflat: input XML file does not exist
restored 56 files
--
Downloading decp-org from http://dev.pummoodle.com/_decp/decp-org.xml
curl: download ERROR 404
Parsing decp-org from http://dev.pummoodle.com/_decp/decp-org.xml
dflat: input XML file does not exist
restored 1 files
--
Downloading diakonia-sweden-all_activities from https://csoadmin.sida.se/iati/Diakonia.xml
curl: download ERROR 000
Parsing diakonia-sweden-all_activities from https://csoadmin.sida.se/iati/Diakonia.xml
dflat: input XML file does not exist
restored 350 files
--
Downloading dipr-998 from https://devinit.org/documents/691/Latest_IATI_-_data2.xml
curl: download ERROR 404
Parsing dipr-998 from https://devinit.org/documents/691/Latest_IATI_-_data2.xml
dflat: input XML file does not exist
restored 76 files
--
Parsing dkt-001 from https://aidstream.org/lite/activity/21990
dflat: invalid XML format
restored 0 files
--
Parsing dod-northofsahararegional from https://us-east-1.console.aws.amazon.com/s3/object/iati-reporting?region=us-east-1&prefix=department_of_defense/xml/iati-activities-Africa+North+of+Sahara.xml
dflat: invalid XML format
restored 0 files
--
Downloading doi-middleeastregional from https://iati-reporting.s3.amazonaws.com/department_of_interior/xml/iati-activities-%20Middle+East+and+regional.xml
curl: download ERROR 403
Parsing doi-middleeastregional from https://iati-reporting.s3.amazonaws.com/department_of_interior/xml/iati-activities-%20Middle+East+and+regional.xml
dflat: input XML file does not exist
restored 0 files
--
Downloading doj-chinarepublicoftaiwan from https://iati-reporting.s3.amazonaws.com/department_of_justice/xml/iati-activities-chinarepublicoftaiwan
curl: download ERROR 403
Parsing doj-chinarepublicoftaiwan from https://iati-reporting.s3.amazonaws.com/department_of_justice/xml/iati-activities-chinarepublicoftaiwan
dflat: input XML file does not exist
restored 0 files
--
Downloading dorp-org-88 from http://iati.simavi.org/DORP/IATI-activities.xml
curl: download ERROR 404
Parsing dorp-org-88 from http://iati.simavi.org/DORP/IATI-activities.xml
dflat: input XML file does not exist
restored 1 files
--
Downloading dsit-bbsrc-gcrf-ld from https://science-and-innovation-network.s3.eu-west-2.amazonaws.com/DSIT+Biotechnology+and+Biological+Sciences+Research+Council+GCRF+Activity+File.xml
curl: download ERROR 403
Parsing dsit-bbsrc-gcrf-ld from https://science-and-innovation-network.s3.eu-west-2.amazonaws.com/DSIT+Biotechnology+and+Biological+Sciences+Research+Council+GCRF+Activity+File.xml
dflat: input XML file does not exist
restored 0 files
--
Downloading ecovega-enterprises-2025 from https://storage.googleapis.com/ecovega-fsd-iati/ecovegaafrica.xml
curl: download ERROR 403
Parsing ecovega-enterprises-2025 from https://storage.googleapis.com/ecovega-fsd-iati/ecovegaafrica.xml
dflat: input XML file does not exist
restored 51 files
--
Downloading ecovega-erp-files from https://storage.googleapis.com/ecovega-fsd-iati/ray.xml
curl: download ERROR 403
Parsing ecovega-erp-files from https://storage.googleapis.com/ecovega-fsd-iati/ray.xml
dflat: input XML file does not exist
restored 55 files
--
Downloading ecuk-bd from http://www.uk.ecorys.com/iati/GB-COH-01650169-C5127/GB-COH-01650169-C5127.xml
curl: download ERROR 000
Parsing ecuk-bd from http://www.uk.ecorys.com/iati/GB-COH-01650169-C5127/GB-COH-01650169-C5127.xml
dflat: input XML file does not exist
restored 0 files
--
Downloading ecuk-org from http://www.uk.ecorys.com/iati/GB-COH-01650169.xml
curl: download ERROR 000
Parsing ecuk-org from http://www.uk.ecorys.com/iati/GB-COH-01650169.xml
dflat: input XML file does not exist
restored 0 files
--
Downloading edukans_foundation-03 from https://www.unienzv.nl/downloads/NL-KVK-32092131_32.xml
curl: download ERROR 404
Parsing edukans_foundation-03 from https://www.unienzv.nl/downloads/NL-KVK-32092131_32.xml
dflat: input XML file does not exist
restored 88 files
--
Parsing edukans_foundation-04 from https://unienzv.sharepoint.com/:u:/s/Edukans-FTP/EWYUiH1d-FpBvZ8xPaSmn_UBSmFdyo167qYwIt3E85Gi1A?e=0nNzPZ
dflat: invalid XML format
restored 0 files
--
Parsing eu4csosea from https://eu4csos-emergency-actions.org/2022-2024
dflat: invalid XML format
restored 0 files
--
Parsing eu4csosempowerua from https://eu4csos.org/about/
dflat: invalid XML format
restored 0 files
--
Downloading f2a-yw4a from https://grants.faithtoactionetwork.org/grants/f2a-yw4a.xml
curl: download ERROR 404
Parsing f2a-yw4a from https://grants.faithtoactionetwork.org/grants/f2a-yw4a.xml
dflat: input XML file does not exist
restored 5 files
--
Downloading flepuganda-000001 from http://iati.simavi.org/FLEP/IATI-activities.xml
curl: download ERROR 404
Parsing flepuganda-000001 from http://iati.simavi.org/FLEP/IATI-activities.xml
dflat: input XML file does not exist
restored 1 files
--
Downloading fomin-ar from https://webimages.iadb.org/iati/fomin-Argentina.xml
curl: download ERROR 404
Parsing fomin-ar from https://webimages.iadb.org/iati/fomin-Argentina.xml
dflat: input XML file does not exist
restored 10 files
--
Downloading fomin-bb from https://webimages.iadb.org/iati/fomin-Barbados.xml
curl: download ERROR 404
Parsing fomin-bb from https://webimages.iadb.org/iati/fomin-Barbados.xml
dflat: input XML file does not exist
restored 1 files
--
Downloading fomin-bo from https://webimages.iadb.org/iati/fomin-Bolivia.xml
curl: download ERROR 404
Parsing fomin-bo from https://webimages.iadb.org/iati/fomin-Bolivia.xml
dflat: input XML file does not exist
restored 20 files
--
Downloading fomin-br from https://webimages.iadb.org/iati/fomin-Brazil.xml
curl: download ERROR 404
Parsing fomin-br from https://webimages.iadb.org/iati/fomin-Brazil.xml
dflat: input XML file does not exist
restored 5 files
--
Downloading fomin-bs from https://webimages.iadb.org/iati/fomin-Bahamas.xml
curl: download ERROR 404
Parsing fomin-bs from https://webimages.iadb.org/iati/fomin-Bahamas.xml
dflat: input XML file does not exist
restored 1 files
--
Downloading fomin-bz from https://webimages.iadb.org/iati/fomin-Belize.xml
curl: download ERROR 404
Parsing fomin-bz from https://webimages.iadb.org/iati/fomin-Belize.xml
dflat: input XML file does not exist
restored 2 files
--
Downloading fomin-cl from https://webimages.iadb.org/iati/fomin-Chile.xml
curl: download ERROR 404
Parsing fomin-cl from https://webimages.iadb.org/iati/fomin-Chile.xml
dflat: input XML file does not exist
restored 4 files
--
Downloading fomin-co from https://webimages.iadb.org/iati/fomin-Colombia.xml
curl: download ERROR 404
Parsing fomin-co from https://webimages.iadb.org/iati/fomin-Colombia.xml
dflat: input XML file does not exist
restored 15 files
--
Downloading fomin-cr from https://webimages.iadb.org/iati/fomin-Costa-Rica.xml
curl: download ERROR 404
Parsing fomin-cr from https://webimages.iadb.org/iati/fomin-Costa-Rica.xml
dflat: input XML file does not exist
restored 11 files
--
Downloading fomin-do from https://webimages.iadb.org/iati/fomin-Dominican-Republic.xml
curl: download ERROR 404
Parsing fomin-do from https://webimages.iadb.org/iati/fomin-Dominican-Republic.xml
dflat: input XML file does not exist
restored 6 files
--
Downloading fomin-ec from https://webimages.iadb.org/iati/fomin-Ecuador.xml
curl: download ERROR 404
Parsing fomin-ec from https://webimages.iadb.org/iati/fomin-Ecuador.xml
dflat: input XML file does not exist
restored 24 files
--
Downloading fomin-gt from https://webimages.iadb.org/iati/fomin-Guatemala.xml
curl: download ERROR 404
Parsing fomin-gt from https://webimages.iadb.org/iati/fomin-Guatemala.xml
dflat: input XML file does not exist
restored 20 files
--
Downloading fomin-gy from https://webimages.iadb.org/iati/fomin-Guyana.xml
curl: download ERROR 404
Parsing fomin-gy from https://webimages.iadb.org/iati/fomin-Guyana.xml
dflat: input XML file does not exist
restored 3 files
--
Downloading fomin-ho from https://webimages.iadb.org/iati/fomin-Honduras.xml
curl: download ERROR 404
Parsing fomin-ho from https://webimages.iadb.org/iati/fomin-Honduras.xml
dflat: input XML file does not exist
restored 19 files
--
Downloading fomin-ht from https://webimages.iadb.org/iati/fomin-Haiti.xml
curl: download ERROR 404
Parsing fomin-ht from https://webimages.iadb.org/iati/fomin-Haiti.xml
dflat: input XML file does not exist
restored 7 files
--
Downloading fomin-jm from https://webimages.iadb.org/iati/fomin-Jamaica.xml
curl: download ERROR 404
Parsing fomin-jm from https://webimages.iadb.org/iati/fomin-Jamaica.xml
dflat: input XML file does not exist
restored 3 files
--
Downloading fomin-mx from https://webimages.iadb.org/iati/fomin-Mexico.xml
curl: download ERROR 404
Parsing fomin-mx from https://webimages.iadb.org/iati/fomin-Mexico.xml
dflat: input XML file does not exist
restored 13 files
--
Downloading fomin-ni from https://webimages.iadb.org/iati/fomin-Nicaragua.xml
curl: download ERROR 404
Parsing fomin-ni from https://webimages.iadb.org/iati/fomin-Nicaragua.xml
dflat: input XML file does not exist
restored 17 files
--
Downloading fomin-pa from https://webimages.iadb.org/iati/fomin-Panama.xml
curl: download ERROR 404
Parsing fomin-pa from https://webimages.iadb.org/iati/fomin-Panama.xml
dflat: input XML file does not exist
restored 4 files
--
Downloading fomin-pe from https://webimages.iadb.org/iati/fomin-Peru.xml
curl: download ERROR 404
Parsing fomin-pe from https://webimages.iadb.org/iati/fomin-Peru.xml
dflat: input XML file does not exist
restored 22 files
--
Downloading fomin-py from https://webimages.iadb.org/iati/fomin-Paraguay.xml
curl: download ERROR 404
Parsing fomin-py from https://webimages.iadb.org/iati/fomin-Paraguay.xml
dflat: input XML file does not exist
restored 9 files
--
Downloading fomin-rg from https://webimages.iadb.org/iati/fomin-Regional.xml
curl: download ERROR 404
Parsing fomin-rg from https://webimages.iadb.org/iati/fomin-Regional.xml
dflat: input XML file does not exist
restored 30 files
--
Downloading fomin-sr from https://webimages.iadb.org/iati/fomin-Suriname.xml
curl: download ERROR 404
Parsing fomin-sr from https://webimages.iadb.org/iati/fomin-Suriname.xml
dflat: input XML file does not exist
restored 4 files
--
Downloading fomin-sv from https://webimages.iadb.org/iati/fomin-El-Salvador.xml
curl: download ERROR 404
Parsing fomin-sv from https://webimages.iadb.org/iati/fomin-El-Salvador.xml
dflat: input XML file does not exist
restored 13 files
--
Downloading fomin-tt from https://webimages.iadb.org/iati/fomin-Trinidad-and-Tobago.xml
curl: download ERROR 404
Parsing fomin-tt from https://webimages.iadb.org/iati/fomin-Trinidad-and-Tobago.xml
dflat: input XML file does not exist
restored 2 files
--
Downloading fomin-uy from https://webimages.iadb.org/iati/fomin-Uruguay.xml
curl: download ERROR 404
Parsing fomin-uy from https://webimages.iadb.org/iati/fomin-Uruguay.xml
dflat: input XML file does not exist
restored 2 files
--
Downloading fomin-ve from https://webimages.iadb.org/iati/fomin-Venezuela.xml
curl: download ERROR 404
Parsing fomin-ve from https://webimages.iadb.org/iati/fomin-Venezuela.xml
dflat: input XML file does not exist
restored 0 files
--
Downloading foundation_center-open_ag from http://gis.foundationcenter.org/IATI/xmlresult.xml
curl: download ERROR 000
Parsing foundation_center-open_ag from http://gis.foundationcenter.org/IATI/xmlresult.xml
dflat: input XML file does not exist
restored 0 files
--
Downloading france-af from https://baseprojets.transparence-aide.gouv.fr/api/iati/2.01/AF.xml
curl: download ERROR 000
Parsing france-af from https://baseprojets.transparence-aide.gouv.fr/api/iati/2.01/AF.xml
dflat: input XML file does not exist
restored 10 files
--
Downloading france-bdi from https://baseprojets.transparence-aide.gouv.fr/api/iati/2.01/BI.xml
curl: download ERROR 000
Parsing france-bdi from https://baseprojets.transparence-aide.gouv.fr/api/iati/2.01/BI.xml
dflat: input XML file does not exist
restored 9 files
--
Downloading france-bd from https://baseprojets.transparence-aide.gouv.fr/api/iati/2.01/BD.xml
curl: download ERROR 000
Parsing france-bd from https://baseprojets.transparence-aide.gouv.fr/api/iati/2.01/BD.xml
dflat: input XML file does not exist
restored 3 files
--
Downloading france-bf from https://baseprojets.transparence-aide.gouv.fr/api/iati/2.01/BF.xml
curl: download ERROR 000
Parsing france-bf from https://baseprojets.transparence-aide.gouv.fr/api/iati/2.01/BF.xml
dflat: input XML file does not exist
restored 21 files
--
Downloading france-bn from https://baseprojets.transparence-aide.gouv.fr/api/iati/2.01/BJ.xml
curl: download ERROR 000
Parsing france-bn from https://baseprojets.transparence-aide.gouv.fr/api/iati/2.01/BJ.xml
dflat: input XML file does not exist
restored 10 files
--
Downloading france-bo from https://baseprojets.transparence-aide.gouv.fr/api/iati/2.01/BO.xml
curl: download ERROR 000
Parsing france-bo from https://baseprojets.transparence-aide.gouv.fr/api/iati/2.01/BO.xml
dflat: input XML file does not exist
restored 5 files
--
Downloading france-br from https://baseprojets.transparence-aide.gouv.fr/api/iati/2.01/BR.xml
curl: download ERROR 000
Parsing france-br from https://baseprojets.transparence-aide.gouv.fr/api/iati/2.01/BR.xml
dflat: input XML file does not exist
restored 118 files
--
Downloading france-cd from https://baseprojets.transparence-aide.gouv.fr/api/iati/2.01/CD.xml
curl: download ERROR 000
Parsing france-cd from https://baseprojets.transparence-aide.gouv.fr/api/iati/2.01/CD.xml
dflat: input XML file does not exist
restored 47 files
--
Parsing france-centrale2 from https://www.data.gouv.fr/s/resources/l-aide-publique-au-developpement-de-la-france/20161117-170251/APD_bilaterale_francaise_transitant_par_les_ONG_francaises_et_etrangeres_en_2015_base_brute.csv
dflat: invalid XML format
restored 0 files
--
Parsing france-centrale from https://www.data.gouv.fr/s/resources/l-aide-publique-au-developpement-de-la-france/20161010-120951/Document_Politique_Transversale_2016.xml
dflat: no activities or organisations found in XML file
restored 0 files
--
Downloading france-cg from https://baseprojets.transparence-aide.gouv.fr/api/iati/2.01/CG.xml
curl: download ERROR 000
Parsing france-cg from https://baseprojets.transparence-aide.gouv.fr/api/iati/2.01/CG.xml
dflat: input XML file does not exist
restored 66 files
--
Parsing france-cicid from https://www.diplomatie.gouv.fr/en/french-foreign-policy/development-assistance/news/2018/article/interministerial-committee-for-international-cooperation-and-development-a-new
dflat: invalid XML format
restored 0 files
--
Downloading france-cl from https://baseprojets.transparence-aide.gouv.fr/api/iati/2.01/CO.xml
curl: download ERROR 000
Parsing france-cl from https://baseprojets.transparence-aide.gouv.fr/api/iati/2.01/CO.xml
dflat: input XML file does not exist
restored 40 files
--
Downloading france-co from https://baseprojets.transparence-aide.gouv.fr/api/iati/2.01/KM.xml
curl: download ERROR 000
Parsing france-co from https://baseprojets.transparence-aide.gouv.fr/api/iati/2.01/KM.xml
dflat: input XML file does not exist
restored 49 files
--
Downloading france-ct from https://baseprojets.transparence-aide.gouv.fr/api/iati/2.01/CI.xml
curl: download ERROR 000
Parsing france-ct from https://baseprojets.transparence-aide.gouv.fr/api/iati/2.01/CI.xml
dflat: input XML file does not exist
restored 15 files
--
Downloading france-dji from https://baseprojets.transparence-aide.gouv.fr/api/iati/2.01/DJ.xml
curl: download ERROR 000
Parsing france-dji from https://baseprojets.transparence-aide.gouv.fr/api/iati/2.01/DJ.xml
dflat: input XML file does not exist
restored 9 files
--
Downloading france-do from https://baseprojets.transparence-aide.gouv.fr/api/iati/2.01/DO.xml
curl: download ERROR 000
Parsing france-do from https://baseprojets.transparence-aide.gouv.fr/api/iati/2.01/DO.xml
dflat: input XML file does not exist
restored 4 files
--
Downloading france-dpt2020 from https://www.performance-publique.budget.gouv.fr/sites/performance_publique/files/farandole/ressources/2020/pap/pdf/DPT/DPT2020_politique_developpement.pdf
curl: download ERROR 000
Parsing france-dpt2020 from https://www.performance-publique.budget.gouv.fr/sites/performance_publique/files/farandole/ressources/2020/pap/pdf/DPT/DPT2020_politique_developpement.pdf
dflat: input XML file does not exist
restored 0 files
--
Downloading france-ec from https://baseprojets.transparence-aide.gouv.fr/api/iati/2.01/EC.xml
curl: download ERROR 000
Parsing france-ec from https://baseprojets.transparence-aide.gouv.fr/api/iati/2.01/EC.xml
dflat: input XML file does not exist
restored 20 files
--
Downloading france-eg from https://baseprojets.transparence-aide.gouv.fr/api/iati/2.01/EG.xml
curl: download ERROR 000
Parsing france-eg from https://baseprojets.transparence-aide.gouv.fr/api/iati/2.01/EG.xml
dflat: input XML file does not exist
restored 13 files
--
Downloading france-et from https://baseprojets.transparence-aide.gouv.fr/api/iati/2.01/ET.xml
curl: download ERROR 000
Parsing france-et from https://baseprojets.transparence-aide.gouv.fr/api/iati/2.01/ET.xml
dflat: input XML file does not exist
restored 20 files
--
Downloading france-ga from https://baseprojets.transparence-aide.gouv.fr/api/iati/2.01/GA.xml
curl: download ERROR 000
Parsing france-ga from https://baseprojets.transparence-aide.gouv.fr/api/iati/2.01/GA.xml
dflat: input XML file does not exist
restored 14 files
--
Downloading france-gh from https://baseprojets.transparence-aide.gouv.fr/api/iati/2.01/GH.xml
curl: download ERROR 000
Parsing france-gh from https://baseprojets.transparence-aide.gouv.fr/api/iati/2.01/GH.xml
dflat: input XML file does not exist
restored 71 files
--
Downloading france-gn from https://baseprojets.transparence-aide.gouv.fr/api/iati/2.01/GN.xml
curl: download ERROR 000
Parsing france-gn from https://baseprojets.transparence-aide.gouv.fr/api/iati/2.01/GN.xml
dflat: input XML file does not exist
restored 48 files
--
Downloading france-gt from https://baseprojets.transparence-aide.gouv.fr/api/iati/2.01/GT.xml
curl: download ERROR 000
Parsing france-gt from https://baseprojets.transparence-aide.gouv.fr/api/iati/2.01/GT.xml
dflat: input XML file does not exist
restored 11 files
--
Downloading france-ht from https://baseprojets.transparence-aide.gouv.fr/api/iati/2.01/HT.xml
curl: download ERROR 000
Parsing france-ht from https://baseprojets.transparence-aide.gouv.fr/api/iati/2.01/HT.xml
dflat: input XML file does not exist
restored 33 files
--
Downloading france-jo from https://baseprojets.transparence-aide.gouv.fr/api/iati/2.01/JO.xml
curl: download ERROR 000
Parsing france-jo from https://baseprojets.transparence-aide.gouv.fr/api/iati/2.01/JO.xml
dflat: input XML file does not exist
restored 14 files
--
Downloading france-ke from https://baseprojets.transparence-aide.gouv.fr/api/iati/2.01/KE.xml
curl: download ERROR 000
Parsing france-ke from https://baseprojets.transparence-aide.gouv.fr/api/iati/2.01/KE.xml
dflat: input XML file does not exist
restored 32 files
--
Downloading france-kh from https://baseprojets.transparence-aide.gouv.fr/api/iati/2.01/KH.xml
curl: download ERROR 000
Parsing france-kh from https://baseprojets.transparence-aide.gouv.fr/api/iati/2.01/KH.xml
dflat: input XML file does not exist
restored 26 files
--
Downloading france-la from https://baseprojets.transparence-aide.gouv.fr/api/iati/2.01/LA.xml
curl: download ERROR 000
Parsing france-la from https://baseprojets.transparence-aide.gouv.fr/api/iati/2.01/LA.xml
dflat: input XML file does not exist
restored 7 files
--
Downloading france-lopdsi2014 from https://www.legifrance.gouv.fr/affichTexte.do?cidTexte=JORFTEXT000029210384&categorieLien=id
curl: download ERROR 403
Parsing france-lopdsi2014 from https://www.legifrance.gouv.fr/affichTexte.do?cidTexte=JORFTEXT000029210384&categorieLien=id
dflat: input XML file does not exist
restored 0 files
--
Downloading france-ma from https://baseprojets.transparence-aide.gouv.fr/api/iati/2.01/MA.xml
curl: download ERROR 000
Parsing france-ma from https://baseprojets.transparence-aide.gouv.fr/api/iati/2.01/MA.xml
dflat: input XML file does not exist
restored 90 files
--
Downloading france-mdg from https://baseprojets.transparence-aide.gouv.fr/api/iati/2.01/MG.xml
curl: download ERROR 000
Parsing france-mdg from https://baseprojets.transparence-aide.gouv.fr/api/iati/2.01/MG.xml
dflat: input XML file does not exist
restored 31 files
--
Downloading france-ml from https://baseprojets.transparence-aide.gouv.fr/api/iati/2.01/ML.xml
curl: download ERROR 000
Parsing france-ml from https://baseprojets.transparence-aide.gouv.fr/api/iati/2.01/ML.xml
dflat: input XML file does not exist
restored 162 files
--
Downloading france-mm from https://baseprojets.transparence-aide.gouv.fr/api/iati/2.01/MM.xml
curl: download ERROR 000
Parsing france-mm from https://baseprojets.transparence-aide.gouv.fr/api/iati/2.01/MM.xml
dflat: input XML file does not exist
restored 27 files
--
Downloading france-mt from https://baseprojets.transparence-aide.gouv.fr/api/iati/2.01/MR.xml
curl: download ERROR 000
Parsing france-mt from https://baseprojets.transparence-aide.gouv.fr/api/iati/2.01/MR.xml
dflat: input XML file does not exist
restored 84 files
--
Downloading france-mz from https://baseprojets.transparence-aide.gouv.fr/api/iati/2.01/MZ.xml
curl: download ERROR 000
Parsing france-mz from https://baseprojets.transparence-aide.gouv.fr/api/iati/2.01/MZ.xml
dflat: input XML file does not exist
restored 66 files
--
Downloading france-ne from https://baseprojets.transparence-aide.gouv.fr/api/iati/2.01/NE.xml
curl: download ERROR 000
Parsing france-ne from https://baseprojets.transparence-aide.gouv.fr/api/iati/2.01/NE.xml
dflat: input XML file does not exist
restored 19 files
--
Downloading france-ng from https://baseprojets.transparence-aide.gouv.fr/api/iati/2.01/NG.xml
curl: download ERROR 000
Parsing france-ng from https://baseprojets.transparence-aide.gouv.fr/api/iati/2.01/NG.xml
dflat: input XML file does not exist
restored 34 files
--
Downloading france-ph from https://baseprojets.transparence-aide.gouv.fr/api/iati/2.01/PH.xml
curl: download ERROR 000
Parsing france-ph from https://baseprojets.transparence-aide.gouv.fr/api/iati/2.01/PH.xml
dflat: input XML file does not exist
restored 21 files
--
Downloading france-pk from https://baseprojets.transparence-aide.gouv.fr/api/iati/2.01/PK.xml
curl: download ERROR 000
Parsing france-pk from https://baseprojets.transparence-aide.gouv.fr/api/iati/2.01/PK.xml
dflat: input XML file does not exist
restored 4 files
--
Parsing france-rapportbisannuelparlement from https://www.diplomatie.gouv.fr/fr/photos-videos-publications-infographies/publications/enjeux-planetaires-cooperation-internationale/rapports-et-etudes/article/publication-du-rapport-bisannuel-au-parlement-mise-en-oeuvre-de-la-strategie
dflat: invalid XML format
restored 0 files
--
Downloading france-sd from https://baseprojets.transparence-aide.gouv.fr/api/iati/2.01/SD.xml
curl: download ERROR 000
Parsing france-sd from https://baseprojets.transparence-aide.gouv.fr/api/iati/2.01/SD.xml
dflat: input XML file does not exist
restored 23 files
--
Downloading france-sn from https://baseprojets.transparence-aide.gouv.fr/api/iati/2.01/SN.xml
curl: download ERROR 000
Parsing france-sn from https://baseprojets.transparence-aide.gouv.fr/api/iati/2.01/SN.xml
dflat: input XML file does not exist
restored 20 files
--
Downloading france-td from https://baseprojets.transparence-aide.gouv.fr/api/iati/2.01/TD.xml
curl: download ERROR 000
Parsing france-td from https://baseprojets.transparence-aide.gouv.fr/api/iati/2.01/TD.xml
dflat: input XML file does not exist
restored 88 files
--
Downloading france-tgo from https://baseprojets.transparence-aide.gouv.fr/api/iati/2.01/TG.xml
curl: download ERROR 000
Parsing france-tgo from https://baseprojets.transparence-aide.gouv.fr/api/iati/2.01/TG.xml
dflat: input XML file does not exist
restored 55 files
--
Downloading france-tk from https://baseprojets.transparence-aide.gouv.fr/api/iati/2.01/TR.xml
curl: download ERROR 000
Parsing france-tk from https://baseprojets.transparence-aide.gouv.fr/api/iati/2.01/TR.xml
dflat: input XML file does not exist
restored 21 files
--
Downloading france-tn from https://baseprojets.transparence-aide.gouv.fr/api/iati/2.01/TN.xml
curl: download ERROR 000
Parsing france-tn from https://baseprojets.transparence-aide.gouv.fr/api/iati/2.01/TN.xml
dflat: input XML file does not exist
restored 33 files
--
Downloading france-tz from https://baseprojets.transparence-aide.gouv.fr/api/iati/2.01/TZ.xml
curl: download ERROR 000
Parsing france-tz from https://baseprojets.transparence-aide.gouv.fr/api/iati/2.01/TZ.xml
dflat: input XML file does not exist
restored 3 files
--
Downloading france-ug from https://baseprojets.transparence-aide.gouv.fr/api/iati/2.01/UG.xml
curl: download ERROR 000
Parsing france-ug from https://baseprojets.transparence-aide.gouv.fr/api/iati/2.01/UG.xml
dflat: input XML file does not exist
restored 14 files
--
Downloading france-za from https://baseprojets.transparence-aide.gouv.fr/api/iati/2.01/ZA.xml
curl: download ERROR 000
Parsing france-za from https://baseprojets.transparence-aide.gouv.fr/api/iati/2.01/ZA.xml
dflat: input XML file does not exist
restored 70 files
--
Downloading fsuf-activity-publisher from https://iatipublisher-prod.s3.amazonaws.com/xml/mergedActivityXml/FSUF-activities.xml
curl: download ERROR 403
Parsing fsuf-activity-publisher from https://iatipublisher-prod.s3.amazonaws.com/xml/mergedActivityXml/FSUF-activities.xml
dflat: input XML file does not exist
restored 1 files
--
Downloading fsuf-organisation-publisher from https://iatipublisher-prod.s3.amazonaws.com/organizationXmlFiles/FSUF-organisation.xml
curl: download ERROR 403
Parsing fsuf-organisation-publisher from https://iatipublisher-prod.s3.amazonaws.com/organizationXmlFiles/FSUF-organisation.xml
dflat: input XML file does not exist
restored 1 files
--
Downloading gac-amc-act_2 from http://w05.international.gc.ca/projectbrowser-banqueprojets/iita-iati/dfatd-maecd_activit_status_2.xml
curl: download ERROR 000
Parsing gac-amc-act_2 from http://w05.international.gc.ca/projectbrowser-banqueprojets/iita-iati/dfatd-maecd_activit_status_2.xml
dflat: input XML file does not exist
restored 1726 files
--
Downloading gac-amc-act_3 from http://w05.international.gc.ca/projectbrowser-banqueprojets/iita-iati/dfatd-maecd_activit_status_3.xml
curl: download ERROR 000
Parsing gac-amc-act_3 from http://w05.international.gc.ca/projectbrowser-banqueprojets/iita-iati/dfatd-maecd_activit_status_3.xml
dflat: input XML file does not exist
restored 759 files
--
Downloading gac-amc-act_4 from http://w05.international.gc.ca/projectbrowser-banqueprojets/iita-iati/dfatd-maecd_activit_status_4.xml
curl: download ERROR 000
Parsing gac-amc-act_4 from http://w05.international.gc.ca/projectbrowser-banqueprojets/iita-iati/dfatd-maecd_activit_status_4.xml
dflat: input XML file does not exist
restored 941 files
--
Downloading gac-amc-org from http://w05.international.gc.ca/projectbrowser-banqueprojets/iita-iati/dfatd-maecd_organisation.xml
curl: download ERROR 000
Parsing gac-amc-org from http://w05.international.gc.ca/projectbrowser-banqueprojets/iita-iati/dfatd-maecd_organisation.xml
dflat: input XML file does not exist
restored 1 files
--
Parsing gecfundmanagerpwc-spheir from https://aidstream.org/activity/28425
dflat: invalid XML format
restored 0 files
--
Parsing gef-lb from https://d2mxkr7359ifh6.cloudfront.net/GEF/LB.xml
dflat: invalid XML format
restored 15 files
--
Parsing gef-mx from https://d2mxkr7359ifh6.cloudfront.net/GEF/MX.xml
dflat: invalid XML format
restored 15 files
--
Downloading gpe-org from http://globalpartnership.org/iati/IATI_GPE-Mar-2016.xml
curl: download ERROR 403
Parsing gpe-org from http://globalpartnership.org/iati/IATI_GPE-Mar-2016.xml
dflat: input XML file does not exist
restored 0 files
--
Downloading gpsp-org-org from https://rsr.akvo.org/organisation/5096/iati-org/
curl: download ERROR 429
Parsing gpsp-org-org from https://rsr.akvo.org/organisation/5096/iati-org/
dflat: input XML file does not exist
restored 1 files
--
Downloading gsma_foundation-050324 from https://1drv.ms/u/s!Avf6c2EK3xhLajeMhLJVFtB4MC8?e=eCiufK
curl: download ERROR 403
Parsing gsma_foundation-050324 from https://1drv.ms/u/s!Avf6c2EK3xhLajeMhLJVFtB4MC8?e=eCiufK
dflat: input XML file does not exist
restored 0 files
--
Parsing gsma_foundation-280324 from https://github.com/philippob33220/IATI/blob/main/01032024.xml
dflat: invalid XML format
restored 0 files
--
Downloading gsma_foundation-org2 from https://dl.dropboxusercontent.com/s/lwu8rjvbbbnc5cj/040821.xml
curl: download ERROR 404
Parsing gsma_foundation-org2 from https://dl.dropboxusercontent.com/s/lwu8rjvbbbnc5cj/040821.xml
dflat: input XML file does not exist
restored 116 files
--
Downloading gsma_foundation-org-3 from https://dl.dropboxusercontent.com/s/3sq3d03zokej61r/220222.xml
curl: download ERROR 404
Parsing gsma_foundation-org-3 from https://dl.dropboxusercontent.com/s/3sq3d03zokej61r/220222.xml
dflat: input XML file does not exist
restored 116 files
--
Parsing hanu from https://helpageadvocacy.org/
dflat: invalid XML format
restored 0 files
--
Downloading hif-89 from https://aidstream.s3.us-west-2.amazonaws.com/xml/hif-89.xml
curl: download ERROR 403
Parsing hif-89 from https://aidstream.s3.us-west-2.amazonaws.com/xml/hif-89.xml
dflat: input XML file does not exist
restored 1 files
--
Parsing hirdasomalia from https://hirdaafrica.org/
dflat: invalid XML format
restored 0 files
--
Parsing iavi-01-organizationfileannualupdate2025 from https://aidstream.s3.us-west-2.amazonaws.com/documents/IAVI-2024-Annual-Report-20250909110949.pdf
dflat: invalid XML format
restored 0 files
--
Downloading icraf_-drydev-project from https://rsr.akvo.org/organisation/4530/iati/
curl: download ERROR 429
Parsing icraf_-drydev-project from https://rsr.akvo.org/organisation/4530/iati/
dflat: input XML file does not exist
restored 1 files
--
Downloading icraf_-drydev from https://rsr.akvo.org/organisation/4530/iati-org/
curl: download ERROR 429
Parsing icraf_-drydev from https://rsr.akvo.org/organisation/4530/iati-org/
dflat: input XML file does not exist
restored 1 files
--
Parsing icrc-2017 from https://app.icrc.org/data/iati/XM-DAC-21016-2017.xml
dflat: invalid XML format
restored 70 files
--
Downloading icrc-2021 from https://icrcadlzprdchndipublic.blob.core.windows.net/iati/XM-DAC-21016-2021.xml
curl: download ERROR 404
Parsing icrc-2021 from https://icrcadlzprdchndipublic.blob.core.windows.net/iati/XM-DAC-21016-2021.xml
dflat: input XML file does not exist
restored 71 files
--
Downloading icrc-2022 from https://icrcadlzprdchndipublic.blob.core.windows.net/iati/XM-DAC-21016-2022.xml
curl: download ERROR 404
Parsing icrc-2022 from https://icrcadlzprdchndipublic.blob.core.windows.net/iati/XM-DAC-21016-2022.xml
dflat: input XML file does not exist
restored 73 files
--
Downloading icrc-2023 from https://icrcadlzprdchndipublic.blob.core.windows.net/iati/XM-DAC-21016-2023.xml
curl: download ERROR 404
Parsing icrc-2023 from https://icrcadlzprdchndipublic.blob.core.windows.net/iati/XM-DAC-21016-2023.xml
dflat: input XML file does not exist
restored 73 files
--
Downloading icrc-2024 from https://icrcadlzprdchndipublic.blob.core.windows.net/iati/XM-DAC-21016-2024.xml
curl: download ERROR 404
Parsing icrc-2024 from https://icrcadlzprdchndipublic.blob.core.windows.net/iati/XM-DAC-21016-2024.xml
dflat: input XML file does not exist
restored 68 files
--
Downloading icrc-2025 from https://icrcadlzprdchndipublic.blob.core.windows.net/iati/XM-DAC-21016-2025.xml
curl: download ERROR 404
Parsing icrc-2025 from https://icrcadlzprdchndipublic.blob.core.windows.net/iati/XM-DAC-21016-2025.xml
dflat: input XML file does not exist
restored 67 files
--
Downloading idf-kenya from https://drive.google.com/file/d/11kN4yVUHfn4aTX7GGikF33t0sr1rtDaQ/view?usp=drive_link
curl: download ERROR 404
Parsing idf-kenya from https://drive.google.com/file/d/11kN4yVUHfn4aTX7GGikF33t0sr1rtDaQ/view?usp=drive_link
dflat: input XML file does not exist
restored 0 files
--
Downloading ifad-activitity-af from https://iati.ifad.org/reports/ifad_af_activities.xml
curl: download ERROR 403
Parsing ifad-activitity-af from https://iati.ifad.org/reports/ifad_af_activities.xml
dflat: input XML file does not exist
restored 5 files
--
Downloading ifad-activitity-al from https://iati.ifad.org/reports/ifad_al_activities.xml
curl: download ERROR 403
Parsing ifad-activitity-al from https://iati.ifad.org/reports/ifad_al_activities.xml
dflat: input XML file does not exist
restored 5 files
--
Downloading ifad-activitity-am from https://iati.ifad.org/reports/ifad_am_activities.xml
curl: download ERROR 403
Parsing ifad-activitity-am from https://iati.ifad.org/reports/ifad_am_activities.xml
dflat: input XML file does not exist
restored 7 files
--
Downloading ifad-activitity-ao from https://iati.ifad.org/reports/ifad_ao_activities.xml
curl: download ERROR 403
Parsing ifad-activitity-ao from https://iati.ifad.org/reports/ifad_ao_activities.xml
dflat: input XML file does not exist
restored 10 files
--
Downloading ifad-activitity-ar from https://iati.ifad.org/reports/ifad_ar_activities.xml
curl: download ERROR 403
Parsing ifad-activitity-ar from https://iati.ifad.org/reports/ifad_ar_activities.xml
dflat: input XML file does not exist
restored 10 files
--
Downloading ifad-activitity-az from https://iati.ifad.org/reports/ifad_az_activities.xml
curl: download ERROR 403
Parsing ifad-activitity-az from https://iati.ifad.org/reports/ifad_az_activities.xml
dflat: input XML file does not exist
restored 5 files
--
Downloading ifad-activitity-ba from https://iati.ifad.org/reports/ifad_ba_activities.xml
curl: download ERROR 403
Parsing ifad-activitity-ba from https://iati.ifad.org/reports/ifad_ba_activities.xml
dflat: input XML file does not exist
restored 9 files
--
Downloading ifad-activitity-bd from https://iati.ifad.org/reports/ifad_bd_activities.xml
curl: download ERROR 403
Parsing ifad-activitity-bd from https://iati.ifad.org/reports/ifad_bd_activities.xml
dflat: input XML file does not exist
restored 39 files
--
Downloading ifad-activitity-bf from https://iati.ifad.org/reports/ifad_bf_activities.xml
curl: download ERROR 403
Parsing ifad-activitity-bf from https://iati.ifad.org/reports/ifad_bf_activities.xml
dflat: input XML file does not exist
restored 18 files
--
Downloading ifad-activitity-bi from https://iati.ifad.org/reports/ifad_bi_activities.xml
curl: download ERROR 403
Parsing ifad-activitity-bi from https://iati.ifad.org/reports/ifad_bi_activities.xml
dflat: input XML file does not exist
restored 15 files
--
Downloading ifad-activitity-bj from https://iati.ifad.org/reports/ifad_bj_activities.xml
curl: download ERROR 403
Parsing ifad-activitity-bj from https://iati.ifad.org/reports/ifad_bj_activities.xml
dflat: input XML file does not exist
restored 15 files
--
Downloading ifad-activitity-bo from https://iati.ifad.org/reports/ifad_bo_activities.xml
curl: download ERROR 403
Parsing ifad-activitity-bo from https://iati.ifad.org/reports/ifad_bo_activities.xml
dflat: input XML file does not exist
restored 15 files
--
Downloading ifad-activitity-br from https://iati.ifad.org/reports/ifad_br_activities.xml
curl: download ERROR 403
Parsing ifad-activitity-br from https://iati.ifad.org/reports/ifad_br_activities.xml
dflat: input XML file does not exist
restored 20 files
--
Downloading ifad-activitity-bt from https://iati.ifad.org/reports/ifad_bt_activities.xml
curl: download ERROR 403
Parsing ifad-activitity-bt from https://iati.ifad.org/reports/ifad_bt_activities.xml
dflat: input XML file does not exist
restored 10 files
--
Downloading ifad-activitity-bw from https://iati.ifad.org/reports/ifad_bw_activities.xml
curl: download ERROR 403
Parsing ifad-activitity-bw from https://iati.ifad.org/reports/ifad_bw_activities.xml
dflat: input XML file does not exist
restored 3 files
--
Downloading ifad-activitity-bz from https://iati.ifad.org/reports/ifad_bz_activities.xml
curl: download ERROR 403
Parsing ifad-activitity-bz from https://iati.ifad.org/reports/ifad_bz_activities.xml
dflat: input XML file does not exist
restored 4 files
--
Downloading ifad-activitity-cd from https://iati.ifad.org/reports/ifad_cd_activities.xml
curl: download ERROR 403
Parsing ifad-activitity-cd from https://iati.ifad.org/reports/ifad_cd_activities.xml
dflat: input XML file does not exist
restored 10 files
--
Downloading ifad-activitity-cf from https://iati.ifad.org/reports/ifad_cf_activities.xml
curl: download ERROR 403
Parsing ifad-activitity-cf from https://iati.ifad.org/reports/ifad_cf_activities.xml
dflat: input XML file does not exist
restored 11 files
--
Downloading ifad-activitity-cg from https://iati.ifad.org/reports/ifad_cg_activities.xml
curl: download ERROR 403
Parsing ifad-activitity-cg from https://iati.ifad.org/reports/ifad_cg_activities.xml
dflat: input XML file does not exist
restored 9 files
--
Downloading ifad-activitity-ci from https://iati.ifad.org/reports/ifad_ci_activities.xml
curl: download ERROR 403
Parsing ifad-activitity-ci from https://iati.ifad.org/reports/ifad_ci_activities.xml
dflat: input XML file does not exist
restored 14 files
--
Downloading ifad-activitity-cl from https://iati.ifad.org/reports/ifad_cl_activities.xml
curl: download ERROR 403
Parsing ifad-activitity-cl from https://iati.ifad.org/reports/ifad_cl_activities.xml
dflat: input XML file does not exist
restored 1 files
--
Downloading ifad-activitity-cm from https://iati.ifad.org/reports/ifad_cm_activities.xml
curl: download ERROR 403
Parsing ifad-activitity-cm from https://iati.ifad.org/reports/ifad_cm_activities.xml
dflat: input XML file does not exist
restored 12 files
--
Downloading ifad-activitity-cn from https://iati.ifad.org/reports/ifad_cn_activities.xml
curl: download ERROR 403
Parsing ifad-activitity-cn from https://iati.ifad.org/reports/ifad_cn_activities.xml
dflat: input XML file does not exist
restored 36 files
--
Downloading ifad-activitity-co from https://iati.ifad.org/reports/ifad_co_activities.xml
curl: download ERROR 403
Parsing ifad-activitity-co from https://iati.ifad.org/reports/ifad_co_activities.xml
dflat: input XML file does not exist
restored 5 files
--
Downloading ifad-activitity-cr from https://iati.ifad.org/reports/ifad_cr_activities.xml
curl: download ERROR 403
Parsing ifad-activitity-cr from https://iati.ifad.org/reports/ifad_cr_activities.xml
dflat: input XML file does not exist
restored 4 files
--
Downloading ifad-activitity-cu from https://iati.ifad.org/reports/ifad_cu_activities.xml
curl: download ERROR 403
Parsing ifad-activitity-cu from https://iati.ifad.org/reports/ifad_cu_activities.xml
dflat: input XML file does not exist
restored 4 files
--
Downloading ifad-activitity-cv from https://iati.ifad.org/reports/ifad_cv_activities.xml
curl: download ERROR 403
Parsing ifad-activitity-cv from https://iati.ifad.org/reports/ifad_cv_activities.xml
dflat: input XML file does not exist
restored 5 files
--
Downloading ifad-activitity-cy from https://iati.ifad.org/reports/ifad_cy_activities.xml
curl: download ERROR 403
Parsing ifad-activitity-cy from https://iati.ifad.org/reports/ifad_cy_activities.xml
dflat: input XML file does not exist
restored 1 files
--
Downloading ifad-activitity-dj from https://iati.ifad.org/reports/ifad_dj_activities.xml
curl: download ERROR 403
Parsing ifad-activitity-dj from https://iati.ifad.org/reports/ifad_dj_activities.xml
dflat: input XML file does not exist
restored 9 files
--
Downloading ifad-activitity-dm from https://iati.ifad.org/reports/ifad_dm_activities.xml
curl: download ERROR 403
Parsing ifad-activitity-dm from https://iati.ifad.org/reports/ifad_dm_activities.xml
dflat: input XML file does not exist
restored 3 files
--
Downloading ifad-activitity-do from https://iati.ifad.org/reports/ifad_do_activities.xml
curl: download ERROR 403
Parsing ifad-activitity-do from https://iati.ifad.org/reports/ifad_do_activities.xml
dflat: input XML file does not exist
restored 9 files
--
Downloading ifad-activitity-dz from https://iati.ifad.org/reports/ifad_dz_activities.xml
curl: download ERROR 403
Parsing ifad-activitity-dz from https://iati.ifad.org/reports/ifad_dz_activities.xml
dflat: input XML file does not exist
restored 5 files
--
Downloading ifad-activitity-ec from https://iati.ifad.org/reports/ifad_ec_activities.xml
curl: download ERROR 403
Parsing ifad-activitity-ec from https://iati.ifad.org/reports/ifad_ec_activities.xml
dflat: input XML file does not exist
restored 11 files
--
Downloading ifad-activitity-eg from https://iati.ifad.org/reports/ifad_eg_activities.xml
curl: download ERROR 403
Parsing ifad-activitity-eg from https://iati.ifad.org/reports/ifad_eg_activities.xml
dflat: input XML file does not exist
restored 15 files
--
Downloading ifad-activitity-er from https://iati.ifad.org/reports/ifad_er_activities.xml
curl: download ERROR 403
Parsing ifad-activitity-er from https://iati.ifad.org/reports/ifad_er_activities.xml
dflat: input XML file does not exist
restored 8 files
--
Downloading ifad-activitity-et from https://iati.ifad.org/reports/ifad_et_activities.xml
curl: download ERROR 403
Parsing ifad-activitity-et from https://iati.ifad.org/reports/ifad_et_activities.xml
dflat: input XML file does not exist
restored 22 files
--
Downloading ifad-activitity-fj from https://iati.ifad.org/reports/ifad_fj_activities.xml
curl: download ERROR 403
Parsing ifad-activitity-fj from https://iati.ifad.org/reports/ifad_fj_activities.xml
dflat: input XML file does not exist
restored 2 files
--
Downloading ifad-activitity-ga from https://iati.ifad.org/reports/ifad_ga_activities.xml
curl: download ERROR 403
Parsing ifad-activitity-ga from https://iati.ifad.org/reports/ifad_ga_activities.xml
dflat: input XML file does not exist
restored 3 files
--
Downloading ifad-activitity-gd from https://iati.ifad.org/reports/ifad_gd_activities.xml
curl: download ERROR 403
Parsing ifad-activitity-gd from https://iati.ifad.org/reports/ifad_gd_activities.xml
dflat: input XML file does not exist
restored 4 files
--
Downloading ifad-activitity-ge from https://iati.ifad.org/reports/ifad_ge_activities.xml
curl: download ERROR 403
Parsing ifad-activitity-ge from https://iati.ifad.org/reports/ifad_ge_activities.xml
dflat: input XML file does not exist
restored 6 files
--
Downloading ifad-activitity-gh from https://iati.ifad.org/reports/ifad_gh_activities.xml
curl: download ERROR 403
Parsing ifad-activitity-gh from https://iati.ifad.org/reports/ifad_gh_activities.xml
dflat: input XML file does not exist
restored 20 files
--
Downloading ifad-activitity-gm from https://iati.ifad.org/reports/ifad_gm_activities.xml
curl: download ERROR 403
Parsing ifad-activitity-gm from https://iati.ifad.org/reports/ifad_gm_activities.xml
dflat: input XML file does not exist
restored 11 files
--
Downloading ifad-activitity-gn from https://iati.ifad.org/reports/ifad_gn_activities.xml
curl: download ERROR 403
Parsing ifad-activitity-gn from https://iati.ifad.org/reports/ifad_gn_activities.xml
dflat: input XML file does not exist
restored 15 files
--
Downloading ifad-activitity-gq from https://iati.ifad.org/reports/ifad_gq_activities.xml
curl: download ERROR 403
Parsing ifad-activitity-gq from https://iati.ifad.org/reports/ifad_gq_activities.xml
dflat: input XML file does not exist
restored 4 files
--
Downloading ifad-activitity-gt from https://iati.ifad.org/reports/ifad_gt_activities.xml
curl: download ERROR 403
Parsing ifad-activitity-gt from https://iati.ifad.org/reports/ifad_gt_activities.xml
dflat: input XML file does not exist
restored 8 files
--
Downloading ifad-activitity-gw from https://iati.ifad.org/reports/ifad_gw_activities.xml
curl: download ERROR 403
Parsing ifad-activitity-gw from https://iati.ifad.org/reports/ifad_gw_activities.xml
dflat: input XML file does not exist
restored 5 files
--
Downloading ifad-activitity-gy from https://iati.ifad.org/reports/ifad_gy_activities.xml
curl: download ERROR 403
Parsing ifad-activitity-gy from https://iati.ifad.org/reports/ifad_gy_activities.xml
dflat: input XML file does not exist
restored 4 files
--
Downloading ifad-activitity-hn from https://iati.ifad.org/reports/ifad_hn_activities.xml
curl: download ERROR 403
Parsing ifad-activitity-hn from https://iati.ifad.org/reports/ifad_hn_activities.xml
dflat: input XML file does not exist
restored 14 files
--
Downloading ifad-activitity-ht from https://iati.ifad.org/reports/ifad_ht_activities.xml
curl: download ERROR 403
Parsing ifad-activitity-ht from https://iati.ifad.org/reports/ifad_ht_activities.xml
dflat: input XML file does not exist
restored 12 files
--
Downloading ifad-activitity-id from https://iati.ifad.org/reports/ifad_id_activities.xml
curl: download ERROR 403
Parsing ifad-activitity-id from https://iati.ifad.org/reports/ifad_id_activities.xml
dflat: input XML file does not exist
restored 23 files
--
Downloading ifad-activitity-in from https://iati.ifad.org/reports/ifad_in_activities.xml
curl: download ERROR 403
Parsing ifad-activitity-in from https://iati.ifad.org/reports/ifad_in_activities.xml
dflat: input XML file does not exist
restored 37 files
--
Downloading ifad-activitity-iq from https://iati.ifad.org/reports/ifad_iq_activities.xml
curl: download ERROR 403
Parsing ifad-activitity-iq from https://iati.ifad.org/reports/ifad_iq_activities.xml
dflat: input XML file does not exist
restored 1 files
--
Downloading ifad-activitity-jm from https://iati.ifad.org/reports/ifad_jm_activities.xml
curl: download ERROR 403
Parsing ifad-activitity-jm from https://iati.ifad.org/reports/ifad_jm_activities.xml
dflat: input XML file does not exist
restored 3 files
--
Downloading ifad-activitity-jo from https://iati.ifad.org/reports/ifad_jo_activities.xml
curl: download ERROR 403
Parsing ifad-activitity-jo from https://iati.ifad.org/reports/ifad_jo_activities.xml
dflat: input XML file does not exist
restored 11 files
--
Downloading ifad-activitity-ke from https://iati.ifad.org/reports/ifad_ke_activities.xml
curl: download ERROR 403
Parsing ifad-activitity-ke from https://iati.ifad.org/reports/ifad_ke_activities.xml
dflat: input XML file does not exist
restored 21 files
--
Downloading ifad-activitity-kg from https://iati.ifad.org/reports/ifad_kg_activities.xml
curl: download ERROR 403
Parsing ifad-activitity-kg from https://iati.ifad.org/reports/ifad_kg_activities.xml
dflat: input XML file does not exist
restored 7 files
--
Downloading ifad-activitity-kh from https://iati.ifad.org/reports/ifad_kh_activities.xml
curl: download ERROR 403
Parsing ifad-activitity-kh from https://iati.ifad.org/reports/ifad_kh_activities.xml
dflat: input XML file does not exist
restored 12 files
--
Downloading ifad-activitity-ki from https://iati.ifad.org/reports/ifad_ki_activities.xml
curl: download ERROR 403
Parsing ifad-activitity-ki from https://iati.ifad.org/reports/ifad_ki_activities.xml
dflat: input XML file does not exist
restored 1 files
--
Downloading ifad-activitity-km from https://iati.ifad.org/reports/ifad_km_activities.xml
curl: download ERROR 403
Parsing ifad-activitity-km from https://iati.ifad.org/reports/ifad_km_activities.xml
dflat: input XML file does not exist
restored 7 files
--
Downloading ifad-activitity-kp from https://iati.ifad.org/reports/ifad_kp_activities.xml
curl: download ERROR 403
Parsing ifad-activitity-kp from https://iati.ifad.org/reports/ifad_kp_activities.xml
dflat: input XML file does not exist
restored 3 files
--
Downloading ifad-activitity-la from https://iati.ifad.org/reports/ifad_la_activities.xml
curl: download ERROR 403
Parsing ifad-activitity-la from https://iati.ifad.org/reports/ifad_la_activities.xml
dflat: input XML file does not exist
restored 18 files
--
Downloading ifad-activitity-lb from https://iati.ifad.org/reports/ifad_lb_activities.xml
curl: download ERROR 403
Parsing ifad-activitity-lb from https://iati.ifad.org/reports/ifad_lb_activities.xml
dflat: input XML file does not exist
restored 5 files
--
Downloading ifad-activitity-lc from https://iati.ifad.org/reports/ifad_lc_activities.xml
curl: download ERROR 403
Parsing ifad-activitity-lc from https://iati.ifad.org/reports/ifad_lc_activities.xml
dflat: input XML file does not exist
restored 2 files
--
Downloading ifad-activitity-lk from https://iati.ifad.org/reports/ifad_lk_activities.xml
curl: download ERROR 403
Parsing ifad-activitity-lk from https://iati.ifad.org/reports/ifad_lk_activities.xml
dflat: input XML file does not exist
restored 19 files
--
Downloading ifad-activitity-lr from https://iati.ifad.org/reports/ifad_lr_activities.xml
curl: download ERROR 403
Parsing ifad-activitity-lr from https://iati.ifad.org/reports/ifad_lr_activities.xml
dflat: input XML file does not exist
restored 8 files
--
Downloading ifad-activitity-ls from https://iati.ifad.org/reports/ifad_ls_activities.xml
curl: download ERROR 403
Parsing ifad-activitity-ls from https://iati.ifad.org/reports/ifad_ls_activities.xml
dflat: input XML file does not exist
restored 12 files
--
Downloading ifad-activitity-ma from https://iati.ifad.org/reports/ifad_ma_activities.xml
curl: download ERROR 403
Parsing ifad-activitity-ma from https://iati.ifad.org/reports/ifad_ma_activities.xml
dflat: input XML file does not exist
restored 16 files
--
Downloading ifad-activitity-md from https://iati.ifad.org/reports/ifad_md_activities.xml
curl: download ERROR 403
Parsing ifad-activitity-md from https://iati.ifad.org/reports/ifad_md_activities.xml
dflat: input XML file does not exist
restored 9 files
--
Downloading ifad-activitity-me from https://iati.ifad.org/reports/ifad_me_activities.xml
curl: download ERROR 403
Parsing ifad-activitity-me from https://iati.ifad.org/reports/ifad_me_activities.xml
dflat: input XML file does not exist
restored 1 files
--
Downloading ifad-activitity-mg from https://iati.ifad.org/reports/ifad_mg_activities.xml
curl: download ERROR 403
Parsing ifad-activitity-mg from https://iati.ifad.org/reports/ifad_mg_activities.xml
dflat: input XML file does not exist
restored 19 files
--
Downloading ifad-activitity-mk from https://iati.ifad.org/reports/ifad_mk_activities.xml
curl: download ERROR 403
Parsing ifad-activitity-mk from https://iati.ifad.org/reports/ifad_mk_activities.xml
dflat: input XML file does not exist
restored 2 files
--
Downloading ifad-activitity-ml from https://iati.ifad.org/reports/ifad_ml_activities.xml
curl: download ERROR 403
Parsing ifad-activitity-ml from https://iati.ifad.org/reports/ifad_ml_activities.xml
dflat: input XML file does not exist
restored 18 files
--
Downloading ifad-activitity-mm from https://iati.ifad.org/reports/ifad_mm_activities.xml
curl: download ERROR 403
Parsing ifad-activitity-mm from https://iati.ifad.org/reports/ifad_mm_activities.xml
dflat: input XML file does not exist
restored 3 files
--
Downloading ifad-activitity-mn from https://iati.ifad.org/reports/ifad_mn_activities.xml
curl: download ERROR 403
Parsing ifad-activitity-mn from https://iati.ifad.org/reports/ifad_mn_activities.xml
dflat: input XML file does not exist
restored 3 files
--
Downloading ifad-activitity-mr from https://iati.ifad.org/reports/ifad_mr_activities.xml
curl: download ERROR 403
Parsing ifad-activitity-mr from https://iati.ifad.org/reports/ifad_mr_activities.xml
dflat: input XML file does not exist
restored 16 files
--
Downloading ifad-activitity-mu from https://iati.ifad.org/reports/ifad_mu_activities.xml
curl: download ERROR 403
Parsing ifad-activitity-mu from https://iati.ifad.org/reports/ifad_mu_activities.xml
dflat: input XML file does not exist
restored 3 files
--
Downloading ifad-activitity-mv from https://iati.ifad.org/reports/ifad_mv_activities.xml
curl: download ERROR 403
Parsing ifad-activitity-mv from https://iati.ifad.org/reports/ifad_mv_activities.xml
dflat: input XML file does not exist
restored 7 files
--
Downloading ifad-activitity-mw from https://iati.ifad.org/reports/ifad_mw_activities.xml
curl: download ERROR 403
Parsing ifad-activitity-mw from https://iati.ifad.org/reports/ifad_mw_activities.xml
dflat: input XML file does not exist
restored 15 files
--
Downloading ifad-activitity-mx from https://iati.ifad.org/reports/ifad_mx_activities.xml
curl: download ERROR 403
Parsing ifad-activitity-mx from https://iati.ifad.org/reports/ifad_mx_activities.xml
dflat: input XML file does not exist
restored 12 files
--
Downloading ifad-activitity-mz from https://iati.ifad.org/reports/ifad_mz_activities.xml
curl: download ERROR 403
Parsing ifad-activitity-mz from https://iati.ifad.org/reports/ifad_mz_activities.xml
dflat: input XML file does not exist
restored 16 files
--
Downloading ifad-activitity-na from https://iati.ifad.org/reports/ifad_na_activities.xml
curl: download ERROR 403
Parsing ifad-activitity-na from https://iati.ifad.org/reports/ifad_na_activities.xml
dflat: input XML file does not exist
restored 1 files
--
Downloading ifad-activitity-ne from https://iati.ifad.org/reports/ifad_ne_activities.xml
curl: download ERROR 403
Parsing ifad-activitity-ne from https://iati.ifad.org/reports/ifad_ne_activities.xml
dflat: input XML file does not exist
restored 15 files
--
Downloading ifad-activitity-ng from https://iati.ifad.org/reports/ifad_ng_activities.xml
curl: download ERROR 403
Parsing ifad-activitity-ng from https://iati.ifad.org/reports/ifad_ng_activities.xml
dflat: input XML file does not exist
restored 13 files
--
Downloading ifad-activitity-ni from https://iati.ifad.org/reports/ifad_ni_activities.xml
curl: download ERROR 403
Parsing ifad-activitity-ni from https://iati.ifad.org/reports/ifad_ni_activities.xml
dflat: input XML file does not exist
restored 10 files
--
Downloading ifad-activitity-np from https://iati.ifad.org/reports/ifad_np_activities.xml
curl: download ERROR 403
Parsing ifad-activitity-np from https://iati.ifad.org/reports/ifad_np_activities.xml
dflat: input XML file does not exist
restored 19 files
--
Downloading ifad-activitity-pa from https://iati.ifad.org/reports/ifad_pa_activities.xml
curl: download ERROR 403
Parsing ifad-activitity-pa from https://iati.ifad.org/reports/ifad_pa_activities.xml
dflat: input XML file does not exist
restored 8 files
--
Downloading ifad-activitity-pe from https://iati.ifad.org/reports/ifad_pe_activities.xml
curl: download ERROR 403
Parsing ifad-activitity-pe from https://iati.ifad.org/reports/ifad_pe_activities.xml
dflat: input XML file does not exist
restored 12 files
--
Downloading ifad-activitity-pg from https://iati.ifad.org/reports/ifad_pg_activities.xml
curl: download ERROR 403
Parsing ifad-activitity-pg from https://iati.ifad.org/reports/ifad_pg_activities.xml
dflat: input XML file does not exist
restored 5 files
--
Downloading ifad-activitity-ph from https://iati.ifad.org/reports/ifad_ph_activities.xml
curl: download ERROR 403
Parsing ifad-activitity-ph from https://iati.ifad.org/reports/ifad_ph_activities.xml
dflat: input XML file does not exist
restored 19 files
--
Downloading ifad-activitity-pk from https://iati.ifad.org/reports/ifad_pk_activities.xml
curl: download ERROR 403
Parsing ifad-activitity-pk from https://iati.ifad.org/reports/ifad_pk_activities.xml
dflat: input XML file does not exist
restored 30 files
--
Downloading ifad-activitity-ps from https://iati.ifad.org/reports/ifad_ps_activities.xml
curl: download ERROR 403
Parsing ifad-activitity-ps from https://iati.ifad.org/reports/ifad_ps_activities.xml
dflat: input XML file does not exist
restored 4 files
--
Downloading ifad-activitity-py from https://iati.ifad.org/reports/ifad_py_activities.xml
curl: download ERROR 403
Parsing ifad-activitity-py from https://iati.ifad.org/reports/ifad_py_activities.xml
dflat: input XML file does not exist
restored 9 files
--
Downloading ifad-activitity-ro from https://iati.ifad.org/reports/ifad_ro_activities.xml
curl: download ERROR 403
Parsing ifad-activitity-ro from https://iati.ifad.org/reports/ifad_ro_activities.xml
dflat: input XML file does not exist
restored 1 files
--
Downloading ifad-activitity-rw from https://iati.ifad.org/reports/ifad_rw_activities.xml
curl: download ERROR 403
Parsing ifad-activitity-rw from https://iati.ifad.org/reports/ifad_rw_activities.xml
dflat: input XML file does not exist
restored 21 files
--
Downloading ifad-activitity-sb from https://iati.ifad.org/reports/ifad_sb_activities.xml
curl: download ERROR 403
Parsing ifad-activitity-sb from https://iati.ifad.org/reports/ifad_sb_activities.xml
dflat: input XML file does not exist
restored 5 files
--
Downloading ifad-activitity-sc from https://iati.ifad.org/reports/ifad_sc_activities.xml
curl: download ERROR 403
Parsing ifad-activitity-sc from https://iati.ifad.org/reports/ifad_sc_activities.xml
dflat: input XML file does not exist
restored 2 files
--
Downloading ifad-activitity-sd from https://iati.ifad.org/reports/ifad_sd_activities.xml
curl: download ERROR 403
Parsing ifad-activitity-sd from https://iati.ifad.org/reports/ifad_sd_activities.xml
dflat: input XML file does not exist
restored 22 files
--
Downloading ifad-activitity-sl from https://iati.ifad.org/reports/ifad_sl_activities.xml
curl: download ERROR 403
Parsing ifad-activitity-sl from https://iati.ifad.org/reports/ifad_sl_activities.xml
dflat: input XML file does not exist
restored 10 files
--
Downloading ifad-activitity-sn from https://iati.ifad.org/reports/ifad_sn_activities.xml
curl: download ERROR 403
Parsing ifad-activitity-sn from https://iati.ifad.org/reports/ifad_sn_activities.xml
dflat: input XML file does not exist
restored 22 files
--
Downloading ifad-activitity-so from https://iati.ifad.org/reports/ifad_so_activities.xml
curl: download ERROR 403
Parsing ifad-activitity-so from https://iati.ifad.org/reports/ifad_so_activities.xml
dflat: input XML file does not exist
restored 6 files
--
Downloading ifad-activitity-sr from https://iati.ifad.org/reports/ifad_sr_activities.xml
curl: download ERROR 403
Parsing ifad-activitity-sr from https://iati.ifad.org/reports/ifad_sr_activities.xml
dflat: input XML file does not exist
restored 1 files
--
Downloading ifad-activitity-ss from https://iati.ifad.org/reports/ifad_ss_activities.xml
curl: download ERROR 403
Parsing ifad-activitity-ss from https://iati.ifad.org/reports/ifad_ss_activities.xml
dflat: input XML file does not exist
restored 4 files
--
Downloading ifad-activitity-st from https://iati.ifad.org/reports/ifad_st_activities.xml
curl: download ERROR 403
Parsing ifad-activitity-st from https://iati.ifad.org/reports/ifad_st_activities.xml
dflat: input XML file does not exist
restored 8 files
--
Downloading ifad-activitity-sv from https://iati.ifad.org/reports/ifad_sv_activities.xml
curl: download ERROR 403
Parsing ifad-activitity-sv from https://iati.ifad.org/reports/ifad_sv_activities.xml
dflat: input XML file does not exist
restored 12 files
--
Downloading ifad-activitity-sy from https://iati.ifad.org/reports/ifad_sy_activities.xml
curl: download ERROR 403
Parsing ifad-activitity-sy from https://iati.ifad.org/reports/ifad_sy_activities.xml
dflat: input XML file does not exist
restored 8 files
--
Downloading ifad-activitity-sz from https://iati.ifad.org/reports/ifad_sz_activities.xml
curl: download ERROR 403
Parsing ifad-activitity-sz from https://iati.ifad.org/reports/ifad_sz_activities.xml
dflat: input XML file does not exist
restored 7 files
--
Downloading ifad-activitity-td from https://iati.ifad.org/reports/ifad_td_activities.xml
curl: download ERROR 403
Parsing ifad-activitity-td from https://iati.ifad.org/reports/ifad_td_activities.xml
dflat: input XML file does not exist
restored 11 files
--
Downloading ifad-activitity-tg from https://iati.ifad.org/reports/ifad_tg_activities.xml
curl: download ERROR 403
Parsing ifad-activitity-tg from https://iati.ifad.org/reports/ifad_tg_activities.xml
dflat: input XML file does not exist
restored 10 files
--
Downloading ifad-activitity-th from https://iati.ifad.org/reports/ifad_th_activities.xml
curl: download ERROR 403
Parsing ifad-activitity-th from https://iati.ifad.org/reports/ifad_th_activities.xml
dflat: input XML file does not exist
restored 4 files
--
Downloading ifad-activitity-tj from https://iati.ifad.org/reports/ifad_tj_activities.xml
curl: download ERROR 403
Parsing ifad-activitity-tj from https://iati.ifad.org/reports/ifad_tj_activities.xml
dflat: input XML file does not exist
restored 6 files
--
Downloading ifad-activitity-tl from https://iati.ifad.org/reports/ifad_tl_activities.xml
curl: download ERROR 403
Parsing ifad-activitity-tl from https://iati.ifad.org/reports/ifad_tl_activities.xml
dflat: input XML file does not exist
restored 1 files
--
Downloading ifad-activitity-tn from https://iati.ifad.org/reports/ifad_tn_activities.xml
curl: download ERROR 403
Parsing ifad-activitity-tn from https://iati.ifad.org/reports/ifad_tn_activities.xml
dflat: input XML file does not exist
restored 15 files
--
Downloading ifad-activitity-to from https://iati.ifad.org/reports/ifad_to_activities.xml
curl: download ERROR 403
Parsing ifad-activitity-to from https://iati.ifad.org/reports/ifad_to_activities.xml
dflat: input XML file does not exist
restored 6 files
--
Downloading ifad-activitity-tr from https://iati.ifad.org/reports/ifad_tr_activities.xml
curl: download ERROR 403
Parsing ifad-activitity-tr from https://iati.ifad.org/reports/ifad_tr_activities.xml
dflat: input XML file does not exist
restored 12 files
--
Downloading ifad-activitity-tz from https://iati.ifad.org/reports/ifad_tz_activities.xml
curl: download ERROR 403
Parsing ifad-activitity-tz from https://iati.ifad.org/reports/ifad_tz_activities.xml
dflat: input XML file does not exist
restored 19 files
--
Downloading ifad-activitity-ug from https://iati.ifad.org/reports/ifad_ug_activities.xml
curl: download ERROR 403
Parsing ifad-activitity-ug from https://iati.ifad.org/reports/ifad_ug_activities.xml
dflat: input XML file does not exist
restored 19 files
--
Downloading ifad-activitity-uy from https://iati.ifad.org/reports/ifad_uy_activities.xml
curl: download ERROR 403
Parsing ifad-activitity-uy from https://iati.ifad.org/reports/ifad_uy_activities.xml
dflat: input XML file does not exist
restored 3 files
--
Downloading ifad-activitity-uz from https://iati.ifad.org/reports/ifad_uz_activities.xml
curl: download ERROR 403
Parsing ifad-activitity-uz from https://iati.ifad.org/reports/ifad_uz_activities.xml
dflat: input XML file does not exist
restored 5 files
--
Downloading ifad-activitity-vc from https://iati.ifad.org/reports/ifad_vc_activities.xml
curl: download ERROR 403
Parsing ifad-activitity-vc from https://iati.ifad.org/reports/ifad_vc_activities.xml
dflat: input XML file does not exist
restored 1 files
--
Downloading ifad-activitity-ve from https://iati.ifad.org/reports/ifad_ve_activities.xml
curl: download ERROR 403
Parsing ifad-activitity-ve from https://iati.ifad.org/reports/ifad_ve_activities.xml
dflat: input XML file does not exist
restored 6 files
--
Downloading ifad-activitity-vn from https://iati.ifad.org/reports/ifad_vn_activities.xml
curl: download ERROR 403
Parsing ifad-activitity-vn from https://iati.ifad.org/reports/ifad_vn_activities.xml
dflat: input XML file does not exist
restored 18 files
--
Downloading ifad-activitity-ws from https://iati.ifad.org/reports/ifad_ws_activities.xml
curl: download ERROR 403
Parsing ifad-activitity-ws from https://iati.ifad.org/reports/ifad_ws_activities.xml
dflat: input XML file does not exist
restored 3 files
--
Downloading ifad-activitity-ye from https://iati.ifad.org/reports/ifad_ye_activities.xml
curl: download ERROR 403
Parsing ifad-activitity-ye from https://iati.ifad.org/reports/ifad_ye_activities.xml
dflat: input XML file does not exist
restored 20 files
--
Downloading ifad-activitity-zm from https://iati.ifad.org/reports/ifad_zm_activities.xml
curl: download ERROR 403
Parsing ifad-activitity-zm from https://iati.ifad.org/reports/ifad_zm_activities.xml
dflat: input XML file does not exist
restored 16 files
--
Downloading ifad-activitity-zw from https://iati.ifad.org/reports/ifad_zw_activities.xml
curl: download ERROR 403
Parsing ifad-activitity-zw from https://iati.ifad.org/reports/ifad_zw_activities.xml
dflat: input XML file does not exist
restored 9 files
--
Downloading ifad-organisation from https://iati.ifad.org/reports/ifad_organisation.xml
curl: download ERROR 403
Parsing ifad-organisation from https://iati.ifad.org/reports/ifad_organisation.xml
dflat: input XML file does not exist
restored 1 files
--
Downloading ifangni-act from https://rsr.akvo.org/organisation/4143/iati/
curl: download ERROR 429
Parsing ifangni-act from https://rsr.akvo.org/organisation/4143/iati/
dflat: input XML file does not exist
restored 1 files
--
Downloading ifangni-org from https://rsr.akvo.org/organisation/4143/iati-org/
curl: download ERROR 429
Parsing ifangni-org from https://rsr.akvo.org/organisation/4143/iati-org/
dflat: input XML file does not exist
restored 1 files
--
Downloading ifcwbg-sd from https://disclosures.ifc.org/iati/ifc-sd.xml
curl: download ERROR 404
Parsing ifcwbg-sd from https://disclosures.ifc.org/iati/ifc-sd.xml
dflat: input XML file does not exist
restored 1 files
--
Downloading ifcwbg-si from https://disclosures.ifc.org/iati/ifc-si.xml
curl: download ERROR 404
Parsing ifcwbg-si from https://disclosures.ifc.org/iati/ifc-si.xml
dflat: input XML file does not exist
restored 1 files
--
Downloading ifrcrcs-act201808 from http://www.ifrc.org/Docs/IATI%20Publications/iati_activity_201808.xml
curl: download ERROR 403
Parsing ifrcrcs-act201808 from http://www.ifrc.org/Docs/IATI%20Publications/iati_activity_201808.xml
dflat: input XML file does not exist
restored 166 files
--
Downloading ifrcrcs-act201809 from http://www.ifrc.org/Docs/IATI%20Publications/IATI_activity_201809.xml
curl: download ERROR 403
Parsing ifrcrcs-act201809 from http://www.ifrc.org/Docs/IATI%20Publications/IATI_activity_201809.xml
dflat: input XML file does not exist
restored 156 files
--
Downloading ifrcrcs-act201810 from http://www.ifrc.org/Docs/IATI%20Publications/IATI_activity_201810.xml
curl: download ERROR 403
Parsing ifrcrcs-act201810 from http://www.ifrc.org/Docs/IATI%20Publications/IATI_activity_201810.xml
dflat: input XML file does not exist
restored 157 files
--
Downloading ifrcrcs-act201811 from http://www.ifrc.org/Docs/IATI%20Publications/IATI_activity_201811.xml
curl: download ERROR 403
Parsing ifrcrcs-act201811 from http://www.ifrc.org/Docs/IATI%20Publications/IATI_activity_201811.xml
dflat: input XML file does not exist
restored 151 files
--
Downloading ifrcrcs-act201812 from http://www.ifrc.org/Docs/IATI%20Publications/IATI_activity_201812.xml
curl: download ERROR 403
Parsing ifrcrcs-act201812 from http://www.ifrc.org/Docs/IATI%20Publications/IATI_activity_201812.xml
dflat: input XML file does not exist
restored 148 files
--
Downloading ifrcrcs-act201901 from http://www.ifrc.org/Docs/IATI%20Publications/IATI_activity_201901.xml
curl: download ERROR 403
Parsing ifrcrcs-act201901 from http://www.ifrc.org/Docs/IATI%20Publications/IATI_activity_201901.xml
dflat: input XML file does not exist
restored 148 files
--
Downloading ifrcrcs-act201902 from http://www.ifrc.org/Docs/IATI%20Publications/IATI_activity_201902.xml
curl: download ERROR 403
Parsing ifrcrcs-act201902 from http://www.ifrc.org/Docs/IATI%20Publications/IATI_activity_201902.xml
dflat: input XML file does not exist
restored 154 files
--
Downloading ifrcrcs-act201903 from http://www.ifrc.org/Docs/IATI%20Publications/IATI_activity_201903.xml
curl: download ERROR 403
Parsing ifrcrcs-act201903 from http://www.ifrc.org/Docs/IATI%20Publications/IATI_activity_201903.xml
dflat: input XML file does not exist
restored 156 files
--
Downloading ifrcrcs-act201904 from http://www.ifrc.org/Docs/IATI%20Publications/IATI_activity_201904.xml
curl: download ERROR 403
Parsing ifrcrcs-act201904 from http://www.ifrc.org/Docs/IATI%20Publications/IATI_activity_201904.xml
dflat: input XML file does not exist
restored 164 files
--
Downloading ifrcrcs-act201905 from http://www.ifrc.org/Docs/IATI%20Publications/IATI_activity_201905.xml
curl: download ERROR 403
Parsing ifrcrcs-act201905 from http://www.ifrc.org/Docs/IATI%20Publications/IATI_activity_201905.xml
dflat: input XML file does not exist
restored 174 files
--
Downloading ifrcrcs-act201906 from http://www.ifrc.org/Docs/IATI%20Publications/IATI_activity_201906.xml
curl: download ERROR 403
Parsing ifrcrcs-act201906 from http://www.ifrc.org/Docs/IATI%20Publications/IATI_activity_201906.xml
dflat: input XML file does not exist
restored 166 files
--
Downloading ifrcrcs-act201907 from http://www.ifrc.org/Docs/IATI%20Publications/IATI_activity_201907.xml
curl: download ERROR 403
Parsing ifrcrcs-act201907 from http://www.ifrc.org/Docs/IATI%20Publications/IATI_activity_201907.xml
dflat: input XML file does not exist
restored 175 files
--
Downloading ifrcrcs-act201908 from http://www.ifrc.org/Docs/IATI%20Publications/IATI_activity_201908.xml
curl: download ERROR 403
Parsing ifrcrcs-act201908 from http://www.ifrc.org/Docs/IATI%20Publications/IATI_activity_201908.xml
dflat: input XML file does not exist
restored 182 files
--
Downloading ifrcrcs-act201909 from http://www.ifrc.org/Docs/IATI%20Publications/IATI_activity_201909.xml
curl: download ERROR 403
Parsing ifrcrcs-act201909 from http://www.ifrc.org/Docs/IATI%20Publications/IATI_activity_201909.xml
dflat: input XML file does not exist
restored 197 files
--
Downloading ifrcrcs-act201910 from http://www.ifrc.org/Docs/IATI%20Publications/IATI_activity_201910.xml
curl: download ERROR 403
Parsing ifrcrcs-act201910 from http://www.ifrc.org/Docs/IATI%20Publications/IATI_activity_201910.xml
dflat: input XML file does not exist
restored 213 files
--
Downloading ifrcrcs-act201911 from http://www.ifrc.org/Docs/IATI%20Publications/IATI_activity_201911.xml
curl: download ERROR 403
Parsing ifrcrcs-act201911 from http://www.ifrc.org/Docs/IATI%20Publications/IATI_activity_201911.xml
dflat: input XML file does not exist
restored 221 files
--
Downloading ifrcrcs-act201912 from http://www.ifrc.org/Docs/IATI%20Publications/IATI_activity_201912.xml
curl: download ERROR 403
Parsing ifrcrcs-act201912 from http://www.ifrc.org/Docs/IATI%20Publications/IATI_activity_201912.xml
dflat: input XML file does not exist
restored 223 files
--
Downloading ifrcrcs-act202001 from http://www.ifrc.org/Docs/IATI%20Publications/IATI_activity_202001.xml
curl: download ERROR 403
Parsing ifrcrcs-act202001 from http://www.ifrc.org/Docs/IATI%20Publications/IATI_activity_202001.xml
dflat: input XML file does not exist
restored 230 files
--
Downloading ifrcrcs-act202002 from http://www.ifrc.org/Docs/IATI%20Publications/IATI_activity_202002.xml
curl: download ERROR 403
Parsing ifrcrcs-act202002 from http://www.ifrc.org/Docs/IATI%20Publications/IATI_activity_202002.xml
dflat: input XML file does not exist
restored 235 files
--
Downloading ifrcrcs-act202003 from http://www.ifrc.org/Docs/IATI%20Publications/IATI_activity_202003.xml
curl: download ERROR 403
Parsing ifrcrcs-act202003 from http://www.ifrc.org/Docs/IATI%20Publications/IATI_activity_202003.xml
dflat: input XML file does not exist
restored 238 files
--
Downloading ifrcrcs-act202004 from http://www.ifrc.org/Docs/IATI%20Publications/IATI_activity_202004.xml
curl: download ERROR 403
Parsing ifrcrcs-act202004 from http://www.ifrc.org/Docs/IATI%20Publications/IATI_activity_202004.xml
dflat: input XML file does not exist
restored 242 files
--
Downloading ifrcrcs-act202005 from http://www.ifrc.org/Docs/IATI%20Publications/IATI_activity_202005.xml
curl: download ERROR 403
Parsing ifrcrcs-act202005 from http://www.ifrc.org/Docs/IATI%20Publications/IATI_activity_202005.xml
dflat: input XML file does not exist
restored 251 files
--
Downloading ifrcrcs-act202006 from http://www.ifrc.org/Docs/IATI%20Publications/IATI_activity_202006.xml
curl: download ERROR 403
Parsing ifrcrcs-act202006 from http://www.ifrc.org/Docs/IATI%20Publications/IATI_activity_202006.xml
dflat: input XML file does not exist
restored 257 files
--
Downloading ifrcrcs-act202007 from http://www.ifrc.org/Docs/IATI%20Publications/IATI_activity_202007.xml
curl: download ERROR 403
Parsing ifrcrcs-act202007 from http://www.ifrc.org/Docs/IATI%20Publications/IATI_activity_202007.xml
dflat: input XML file does not exist
restored 273 files
--
Downloading ifrcrcs-act202008 from http://www.ifrc.org/Docs/IATI%20Publications/IATI_activity_202008.xml
curl: download ERROR 403
Parsing ifrcrcs-act202008 from http://www.ifrc.org/Docs/IATI%20Publications/IATI_activity_202008.xml
dflat: input XML file does not exist
restored 284 files
--
Downloading ifrcrcs-act202009 from http://www.ifrc.org/Docs/IATI%20Publications/IATI_activity_202009.xml
curl: download ERROR 403
Parsing ifrcrcs-act202009 from http://www.ifrc.org/Docs/IATI%20Publications/IATI_activity_202009.xml
dflat: input XML file does not exist
restored 288 files
--
Downloading ifrcrcs-act202010 from http://www.ifrc.org/Docs/IATI%20Publications/IATI_activity_202010.xml
curl: download ERROR 403
Parsing ifrcrcs-act202010 from http://www.ifrc.org/Docs/IATI%20Publications/IATI_activity_202010.xml
dflat: input XML file does not exist
restored 301 files
--
Downloading ifrcrcs-act202011 from http://www.ifrc.org/Docs/IATI%20Publications/IATI_activity_202011.xml
curl: download ERROR 403
Parsing ifrcrcs-act202011 from http://www.ifrc.org/Docs/IATI%20Publications/IATI_activity_202011.xml
dflat: input XML file does not exist
restored 313 files
--
Downloading ifrcrcs-act202012 from http://www.ifrc.org/Docs/IATI%20Publications/IATI_activity_202012.xml
curl: download ERROR 403
Parsing ifrcrcs-act202012 from http://www.ifrc.org/Docs/IATI%20Publications/IATI_activity_202012.xml
dflat: input XML file does not exist
restored 319 files
--
Downloading ifrcrcs-act202101 from http://www.ifrc.org/Docs/IATI%20Publications/IATI_activity_202101.xml
curl: download ERROR 403
Parsing ifrcrcs-act202101 from http://www.ifrc.org/Docs/IATI%20Publications/IATI_activity_202101.xml
dflat: input XML file does not exist
restored 327 files
--
Downloading ifrcrcs-act202102 from http://www.ifrc.org/Docs/IATI%20Publications/IATI_activity_202102.xml
curl: download ERROR 403
Parsing ifrcrcs-act202102 from http://www.ifrc.org/Docs/IATI%20Publications/IATI_activity_202102.xml
dflat: input XML file does not exist
restored 336 files
--
Downloading ifrcrcs-act202103 from http://www.ifrc.org/Docs/IATI%20Publications/IATI_activity_202103.xml
curl: download ERROR 403
Parsing ifrcrcs-act202103 from http://www.ifrc.org/Docs/IATI%20Publications/IATI_activity_202103.xml
dflat: input XML file does not exist
restored 342 files
--
Downloading ifrcrcs-act202104 from http://www.ifrc.org/Docs/IATI%20Publications/IATI_activity_202104.xml
curl: download ERROR 403
Parsing ifrcrcs-act202104 from http://www.ifrc.org/Docs/IATI%20Publications/IATI_activity_202104.xml
dflat: input XML file does not exist
restored 350 files
--
Downloading ifrcrcs-act202105 from http://www.ifrc.org/Docs/IATI%20Publications/IATI_activity_202105.xml
curl: download ERROR 403
Parsing ifrcrcs-act202105 from http://www.ifrc.org/Docs/IATI%20Publications/IATI_activity_202105.xml
dflat: input XML file does not exist
restored 364 files
--
Downloading ifrcrcs-act202106 from http://www.ifrc.org/Docs/IATI%20Publications/IATI_activity_202106.xml
curl: download ERROR 403
Parsing ifrcrcs-act202106 from http://www.ifrc.org/Docs/IATI%20Publications/IATI_activity_202106.xml
dflat: input XML file does not exist
restored 371 files
--
Downloading ifrcrcs-act202107 from http://www.ifrc.org/Docs/IATI%20Publications/IATI_activity_202107.xml
curl: download ERROR 403
Parsing ifrcrcs-act202107 from http://www.ifrc.org/Docs/IATI%20Publications/IATI_activity_202107.xml
dflat: input XML file does not exist
restored 385 files
--
Downloading ifrcrcs-act202108 from http://www.ifrc.org/Docs/IATI%20Publications/IATI_activity_202108.xml
curl: download ERROR 403
Parsing ifrcrcs-act202108 from http://www.ifrc.org/Docs/IATI%20Publications/IATI_activity_202108.xml
dflat: input XML file does not exist
restored 403 files
--
Downloading ifrcrcs-act202109 from http://www.ifrc.org/Docs/IATI%20Publications/IATI_activity_202109.xml
curl: download ERROR 403
Parsing ifrcrcs-act202109 from http://www.ifrc.org/Docs/IATI%20Publications/IATI_activity_202109.xml
dflat: input XML file does not exist
restored 417 files
--
Downloading ifrcrcs-act202110 from http://www.ifrc.org/Docs/IATI%20Publications/IATI_activity_202110.xml
curl: download ERROR 403
Parsing ifrcrcs-act202110 from http://www.ifrc.org/Docs/IATI%20Publications/IATI_activity_202110.xml
dflat: input XML file does not exist
restored 429 files
--
Downloading ifrcrcs-act202111 from http://www.ifrc.org/Docs/IATI%20Publications/IATI_activity_202111.xml
curl: download ERROR 403
Parsing ifrcrcs-act202111 from http://www.ifrc.org/Docs/IATI%20Publications/IATI_activity_202111.xml
dflat: input XML file does not exist
restored 441 files
--
Downloading ifrcrcs-act202112 from http://www.ifrc.org/Docs/IATI%20Publications/IATI_activity_202112.xml
curl: download ERROR 403
Parsing ifrcrcs-act202112 from http://www.ifrc.org/Docs/IATI%20Publications/IATI_activity_202112.xml
dflat: input XML file does not exist
restored 456 files
--
Downloading ifrcrcs-act202201 from http://www.ifrc.org/Docs/IATI%20Publications/IATI_activity_202201.xml
curl: download ERROR 403
Parsing ifrcrcs-act202201 from http://www.ifrc.org/Docs/IATI%20Publications/IATI_activity_202201.xml
dflat: input XML file does not exist
restored 468 files
--
Downloading ifrcrcs-act202202 from http://www.ifrc.org/Docs/IATI%20Publications/IATI_activity_202202.xml
curl: download ERROR 403
Parsing ifrcrcs-act202202 from http://www.ifrc.org/Docs/IATI%20Publications/IATI_activity_202202.xml
dflat: input XML file does not exist
restored 487 files
--
Downloading ifrcrcs-act202203 from http://www.ifrc.org/Docs/IATI%20Publications/IATI_activity_202203.xml
curl: download ERROR 403
Parsing ifrcrcs-act202203 from http://www.ifrc.org/Docs/IATI%20Publications/IATI_activity_202203.xml
dflat: input XML file does not exist
restored 492 files
--
Downloading ifrcrcs-act202204 from http://www.ifrc.org/Docs/IATI%20Publications/IATI_activity_202204.xml
curl: download ERROR 403
Parsing ifrcrcs-act202204 from http://www.ifrc.org/Docs/IATI%20Publications/IATI_activity_202204.xml
dflat: input XML file does not exist
restored 503 files
--
Downloading ifrcrcs-act202205 from http://www.ifrc.org/Docs/IATI%20Publications/IATI_activity_202205.xml
curl: download ERROR 403
Parsing ifrcrcs-act202205 from http://www.ifrc.org/Docs/IATI%20Publications/IATI_activity_202205.xml
dflat: input XML file does not exist
restored 512 files
--
Downloading ifrcrcs-act202206 from http://www.ifrc.org/Docs/IATI%20Publications/IATI_activity_202206.xml
curl: download ERROR 403
Parsing ifrcrcs-act202206 from http://www.ifrc.org/Docs/IATI%20Publications/IATI_activity_202206.xml
dflat: input XML file does not exist
restored 513 files
--
Downloading ifrcrcs-act202207 from http://www.ifrc.org/Docs/IATI%20Publications/IATI_activity_202207.xml
curl: download ERROR 403
Parsing ifrcrcs-act202207 from http://www.ifrc.org/Docs/IATI%20Publications/IATI_activity_202207.xml
dflat: input XML file does not exist
restored 533 files
--
Downloading ifrcrcs-act202208 from http://www.ifrc.org/Docs/IATI%20Publications/IATI_activity_202208.xml
curl: download ERROR 403
Parsing ifrcrcs-act202208 from http://www.ifrc.org/Docs/IATI%20Publications/IATI_activity_202208.xml
dflat: input XML file does not exist
restored 545 files
--
Downloading ifrcrcs-act202209 from http://www.ifrc.org/Docs/IATI%20Publications/IATI_activity_202209.xml
curl: download ERROR 403
Parsing ifrcrcs-act202209 from http://www.ifrc.org/Docs/IATI%20Publications/IATI_activity_202209.xml
dflat: input XML file does not exist
restored 562 files
--
Downloading ifrcrcs-act202210 from http://www.ifrc.org/Docs/IATI%20Publications/IATI_activity_202210.xml
curl: download ERROR 403
Parsing ifrcrcs-act202210 from http://www.ifrc.org/Docs/IATI%20Publications/IATI_activity_202210.xml
dflat: input XML file does not exist
restored 588 files
--
Downloading ifrcrcs-act202211 from http://www.ifrc.org/Docs/IATI%20Publications/IATI_activity_202211.xml
curl: download ERROR 403
Parsing ifrcrcs-act202211 from http://www.ifrc.org/Docs/IATI%20Publications/IATI_activity_202211.xml
dflat: input XML file does not exist
restored 601 files
--
Downloading ifrcrcs-act202212 from http://www.ifrc.org/Docs/IATI%20Publications/IATI_activity_202212.xml
curl: download ERROR 403
Parsing ifrcrcs-act202212 from http://www.ifrc.org/Docs/IATI%20Publications/IATI_activity_202212.xml
dflat: input XML file does not exist
restored 632 files
--
Downloading ifrcrcs-act202301 from http://www.ifrc.org/Docs/IATI%20Publications/IATI_activity_202301.xml
curl: download ERROR 403
Parsing ifrcrcs-act202301 from http://www.ifrc.org/Docs/IATI%20Publications/IATI_activity_202301.xml
dflat: input XML file does not exist
restored 639 files
--
Downloading ifrcrcs-act202302 from http://www.ifrc.org/Docs/IATI%20Publications/IATI_activity_202302.xml
curl: download ERROR 403
Parsing ifrcrcs-act202302 from http://www.ifrc.org/Docs/IATI%20Publications/IATI_activity_202302.xml
dflat: input XML file does not exist
restored 655 files
--
Downloading ifrcrcs-act202303 from http://www.ifrc.org/Docs/IATI%20Publications/IATI_activity_202303.xml
curl: download ERROR 403
Parsing ifrcrcs-act202303 from http://www.ifrc.org/Docs/IATI%20Publications/IATI_activity_202303.xml
dflat: input XML file does not exist
restored 665 files
--
Downloading ifrcrcs-act202304 from http://www.ifrc.org/Docs/IATI%20Publications/IATI_activity_202304.xml
curl: download ERROR 403
Parsing ifrcrcs-act202304 from http://www.ifrc.org/Docs/IATI%20Publications/IATI_activity_202304.xml
dflat: input XML file does not exist
restored 674 files
--
Downloading ifrcrcs-act202305 from http://www.ifrc.org/Docs/IATI%20Publications/IATI_activity_202305.xml
curl: download ERROR 403
Parsing ifrcrcs-act202305 from http://www.ifrc.org/Docs/IATI%20Publications/IATI_activity_202305.xml
dflat: input XML file does not exist
restored 688 files
--
Downloading ifrcrcs-act202306 from http://www.ifrc.org/Docs/IATI%20Publications/IATI_activity_202306.xml
curl: download ERROR 403
Parsing ifrcrcs-act202306 from http://www.ifrc.org/Docs/IATI%20Publications/IATI_activity_202306.xml
dflat: input XML file does not exist
restored 697 files
--
Downloading ifrcrcs-act202307 from http://www.ifrc.org/Docs/IATI%20Publications/IATI_activity_202307.xml
curl: download ERROR 403
Parsing ifrcrcs-act202307 from http://www.ifrc.org/Docs/IATI%20Publications/IATI_activity_202307.xml
dflat: input XML file does not exist
restored 707 files
--
Downloading ifrcrcs-act202308 from http://www.ifrc.org/Docs/IATI%20Publications/IATI_activity_202308.xml
curl: download ERROR 403
Parsing ifrcrcs-act202308 from http://www.ifrc.org/Docs/IATI%20Publications/IATI_activity_202308.xml
dflat: input XML file does not exist
restored 730 files
--
Downloading ifrcrcs-act202309 from http://www.ifrc.org/Docs/IATI%20Publications/IATI_activity_202309.xml
curl: download ERROR 403
Parsing ifrcrcs-act202309 from http://www.ifrc.org/Docs/IATI%20Publications/IATI_activity_202309.xml
dflat: input XML file does not exist
restored 741 files
--
Downloading ifrcrcs-act202310 from http://www.ifrc.org/Docs/IATI%20Publications/IATI_activity_202310.xml
curl: download ERROR 403
Parsing ifrcrcs-act202310 from http://www.ifrc.org/Docs/IATI%20Publications/IATI_activity_202310.xml
dflat: input XML file does not exist
restored 757 files
--
Downloading ifrcrcs-act202311 from http://www.ifrc.org/Docs/IATI%20Publications/IATI_activity_202311.xml
curl: download ERROR 403
Parsing ifrcrcs-act202311 from http://www.ifrc.org/Docs/IATI%20Publications/IATI_activity_202311.xml
dflat: input XML file does not exist
restored 773 files
--
Downloading ifrcrcs-act202312 from http://www.ifrc.org/Docs/IATI%20Publications/IATI_activity_202312.xml
curl: download ERROR 403
Parsing ifrcrcs-act202312 from http://www.ifrc.org/Docs/IATI%20Publications/IATI_activity_202312.xml
dflat: input XML file does not exist
restored 786 files
--
Downloading ifrcrcs-act202401 from http://www.ifrc.org/Docs/IATI%20Publications/IATI_activity_202401.xml
curl: download ERROR 403
Parsing ifrcrcs-act202401 from http://www.ifrc.org/Docs/IATI%20Publications/IATI_activity_202401.xml
dflat: input XML file does not exist
restored 796 files
--
Downloading ifrcrcs-act202402 from http://www.ifrc.org/Docs/IATI%20Publications/IATI_activity_202402.xml
curl: download ERROR 403
Parsing ifrcrcs-act202402 from http://www.ifrc.org/Docs/IATI%20Publications/IATI_activity_202402.xml
dflat: input XML file does not exist
restored 808 files
--
Downloading ifrcrcs-act202403 from http://www.ifrc.org/Docs/IATI%20Publications/IATI_activity_202403.xml
curl: download ERROR 403
Parsing ifrcrcs-act202403 from http://www.ifrc.org/Docs/IATI%20Publications/IATI_activity_202403.xml
dflat: input XML file does not exist
restored 822 files
--
Downloading ifrcrcs-act202404 from http://www.ifrc.org/Docs/IATI%20Publications/IATI_activity_202404.xml
curl: download ERROR 403
Parsing ifrcrcs-act202404 from http://www.ifrc.org/Docs/IATI%20Publications/IATI_activity_202404.xml
dflat: input XML file does not exist
restored 832 files
--
Downloading ifrcrcs-act202405 from http://www.ifrc.org/Docs/IATI%20Publications/IATI_activity_202405.xml
curl: download ERROR 403
Parsing ifrcrcs-act202405 from http://www.ifrc.org/Docs/IATI%20Publications/IATI_activity_202405.xml
dflat: input XML file does not exist
restored 855 files
--
Downloading ifrcrcs-act202406 from http://www.ifrc.org/Docs/IATI%20Publications/IATI_activity_202406.xml
curl: download ERROR 403
Parsing ifrcrcs-act202406 from http://www.ifrc.org/Docs/IATI%20Publications/IATI_activity_202406.xml
dflat: input XML file does not exist
restored 866 files
--
Downloading ifrcrcs-act202407 from http://www.ifrc.org/Docs/IATI%20Publications/IATI_activity_202407.xml
curl: download ERROR 403
Parsing ifrcrcs-act202407 from http://www.ifrc.org/Docs/IATI%20Publications/IATI_activity_202407.xml
dflat: input XML file does not exist
restored 878 files
--
Downloading ifrcrcs-act202408 from http://www.ifrc.org/Docs/IATI%20Publications/IATI_activity_202408.xml
curl: download ERROR 403
Parsing ifrcrcs-act202408 from http://www.ifrc.org/Docs/IATI%20Publications/IATI_activity_202408.xml
dflat: input XML file does not exist
restored 903 files
--
Downloading ifrcrcs-act202409 from http://www.ifrc.org/Docs/IATI%20Publications/IATI_activity_202409.xml
curl: download ERROR 403
Parsing ifrcrcs-act202409 from http://www.ifrc.org/Docs/IATI%20Publications/IATI_activity_202409.xml
dflat: input XML file does not exist
restored 0 files
--
Downloading ifrcrcs-act202410 from http://www.ifrc.org/Docs/IATI%20Publications/IATI_activity_202410.xml
curl: download ERROR 403
Parsing ifrcrcs-act202410 from http://www.ifrc.org/Docs/IATI%20Publications/IATI_activity_202410.xml
dflat: input XML file does not exist
restored 0 files
--
Downloading ifrcrcs-act202411 from http://www.ifrc.org/Docs/IATI%20Publications/IATI_activity_202411.xml
curl: download ERROR 403
Parsing ifrcrcs-act202411 from http://www.ifrc.org/Docs/IATI%20Publications/IATI_activity_202411.xml
dflat: input XML file does not exist
restored 0 files
--
Downloading ifrcrcs-act202412 from http://www.ifrc.org/Docs/IATI%20Publications/IATI_activity_202412.xml
curl: download ERROR 403
Parsing ifrcrcs-act202412 from http://www.ifrc.org/Docs/IATI%20Publications/IATI_activity_202412.xml
dflat: input XML file does not exist
restored 0 files
--
Downloading ifrcrcs-act202501 from http://www.ifrc.org/Docs/IATI%20Publications/IATI_activity_202501.xml
curl: download ERROR 403
Parsing ifrcrcs-act202501 from http://www.ifrc.org/Docs/IATI%20Publications/IATI_activity_202501.xml
dflat: input XML file does not exist
restored 0 files
--
Downloading ifrcrcs-act202502 from http://www.ifrc.org/Docs/IATI%20Publications/IATI_activity_202502.xml
curl: download ERROR 403
Parsing ifrcrcs-act202502 from http://www.ifrc.org/Docs/IATI%20Publications/IATI_activity_202502.xml
dflat: input XML file does not exist
restored 0 files
--
Downloading ifrcrcs-act202503 from http://www.ifrc.org/Docs/IATI%20Publications/IATI_activity_202503.xml
curl: download ERROR 403
Parsing ifrcrcs-act202503 from http://www.ifrc.org/Docs/IATI%20Publications/IATI_activity_202503.xml
dflat: input XML file does not exist
restored 0 files
--
Downloading ifrcrcs-act202504 from http://www.ifrc.org/Docs/IATI%20Publications/IATI_activity_202504.xml
curl: download ERROR 403
Parsing ifrcrcs-act202504 from http://www.ifrc.org/Docs/IATI%20Publications/IATI_activity_202504.xml
dflat: input XML file does not exist
restored 0 files
--
Downloading ifrcrcs-act202505 from http://www.ifrc.org/Docs/IATI%20Publications/IATI_activity_202505.xml
curl: download ERROR 403
Parsing ifrcrcs-act202505 from http://www.ifrc.org/Docs/IATI%20Publications/IATI_activity_202505.xml
dflat: input XML file does not exist
restored 0 files
--
Downloading ifrcrcs-act202506 from http://www.ifrc.org/Docs/IATI%20Publications/IATI_activity_202506.xml
curl: download ERROR 403
Parsing ifrcrcs-act202506 from http://www.ifrc.org/Docs/IATI%20Publications/IATI_activity_202506.xml
dflat: input XML file does not exist
restored 0 files
--
Downloading ifrcrcs-act202507 from http://www.ifrc.org/Docs/IATI%20Publications/IATI_activity_202507.xml
curl: download ERROR 403
Parsing ifrcrcs-act202507 from http://www.ifrc.org/Docs/IATI%20Publications/IATI_activity_202507.xml
dflat: input XML file does not exist
restored 0 files
--
Downloading ifrcrcs-act202508 from http://www.ifrc.org/Docs/IATI%20Publications/IATI_activity_202508.xml
curl: download ERROR 403
Parsing ifrcrcs-act202508 from http://www.ifrc.org/Docs/IATI%20Publications/IATI_activity_202508.xml
dflat: input XML file does not exist
restored 0 files
--
Downloading ifrcrcs-act202509 from http://www.ifrc.org/Docs/IATI%20Publications/IATI_activity_202509.xml
curl: download ERROR 403
Parsing ifrcrcs-act202509 from http://www.ifrc.org/Docs/IATI%20Publications/IATI_activity_202509.xml
dflat: input XML file does not exist
restored 0 files
--
Downloading ifrcrcs-act202510 from http://www.ifrc.org/Docs/IATI%20Publications/IATI_activity_202510.xml
curl: download ERROR 403
Parsing ifrcrcs-act202510 from http://www.ifrc.org/Docs/IATI%20Publications/IATI_activity_202510.xml
dflat: input XML file does not exist
restored 0 files
--
Downloading ifrcrcs-org2018 from http://www.ifrc.org/Docs/IATI%20Publications/IATI_org_2018.xml
curl: download ERROR 403
Parsing ifrcrcs-org2018 from http://www.ifrc.org/Docs/IATI%20Publications/IATI_org_2018.xml
dflat: input XML file does not exist
restored 1 files
--
Downloading ifrcrcs-org2019 from http://www.ifrc.org/Docs/IATI%20Publications/IATI_org_2019.xml
curl: download ERROR 403
Parsing ifrcrcs-org2019 from http://www.ifrc.org/Docs/IATI%20Publications/IATI_org_2019.xml
dflat: input XML file does not exist
restored 1 files
--
Downloading ifrcrcs-org2020 from http://www.ifrc.org/Docs/IATI%20Publications/IATI_org_2020.xml
curl: download ERROR 403
Parsing ifrcrcs-org2020 from http://www.ifrc.org/Docs/IATI%20Publications/IATI_org_2020.xml
dflat: input XML file does not exist
restored 1 files
--
Downloading ifrcrcs-org2021 from http://www.ifrc.org/Docs/IATI%20Publications/IATI_org_2021.xml
curl: download ERROR 403
Parsing ifrcrcs-org2021 from http://www.ifrc.org/Docs/IATI%20Publications/IATI_org_2021.xml
dflat: input XML file does not exist
restored 1 files
--
Downloading igd_benin-act-prlfp from https://iati.nimd.org/Other%20IATI%20projects/NIMD_BN_RNE_2022/IATI-act-IGD-PRLFP2022.xml
curl: download ERROR 404
Parsing igd_benin-act-prlfp from https://iati.nimd.org/Other%20IATI%20projects/NIMD_BN_RNE_2022/IATI-act-IGD-PRLFP2022.xml
dflat: input XML file does not exist
restored 2 files
--
Downloading igd_benin-act from https://iati.nimd.org/Other%20IATI%20projects/NIMD_BN_RNE_2022/IATI-activities-IGDBenin2022.xml
curl: download ERROR 404
Parsing igd_benin-act from https://iati.nimd.org/Other%20IATI%20projects/NIMD_BN_RNE_2022/IATI-activities-IGDBenin2022.xml
dflat: input XML file does not exist
restored 1 files
--
Downloading iied-march-25 from https://s2i.api.aida.tools/files/GB-COH-02188452/mar25dec15v1.xml
curl: download ERROR 404
Parsing iied-march-25 from https://s2i.api.aida.tools/files/GB-COH-02188452/mar25dec15v1.xml
dflat: input XML file does not exist
restored 0 files
--
Downloading indtrust-activities from https://indigotrust.org.uk/wp-content/uploads/2017/05/indigotrust-activities.xml
curl: download ERROR 404
Parsing indtrust-activities from https://indigotrust.org.uk/wp-content/uploads/2017/05/indigotrust-activities.xml
dflat: input XML file does not exist
restored 249 files
--
Downloading indtrust-org from https://indigotrust.org.uk/wp-content/uploads/2017/05/organisationfile.xml
curl: download ERROR 404
Parsing indtrust-org from https://indigotrust.org.uk/wp-content/uploads/2017/05/organisationfile.xml
dflat: input XML file does not exist
restored 1 files
--
Parsing inforaas-org from http://www.raasom.org
dflat: invalid XML format
restored 0 files
--
Downloading intrahealth-org from https://rsr.akvo.org/organisation/4439/iati-org/
curl: download ERROR 429
Parsing intrahealth-org from https://rsr.akvo.org/organisation/4439/iati-org/
dflat: input XML file does not exist
restored 1 files
--
Downloading irc-e1600 from http://rsr.akvo.org/organisation/260/iati/
curl: download ERROR 429
Parsing irc-e1600 from http://rsr.akvo.org/organisation/260/iati/
dflat: input XML file does not exist
restored 5 files
--
Downloading issafrica-iss-activity-file from https://files.aida.tools/activities/ZA-NPO-006-981/d56a2a74-34a2-40be-8475-2173db46b11f/ISS-Activity-file.xml
curl: download ERROR 403
Parsing issafrica-iss-activity-file from https://files.aida.tools/activities/ZA-NPO-006-981/d56a2a74-34a2-40be-8475-2173db46b11f/ISS-Activity-file.xml
dflat: input XML file does not exist
restored 4 files
--
Downloading iucn_nl-org from https://aidstream.org/files/xml/iucn_admin-org.xml
curl: download ERROR 404
Parsing iucn_nl-org from https://aidstream.org/files/xml/iucn_admin-org.xml
dflat: input XML file does not exist
restored 1 files
--
Downloading iucn-org from https://rsr.akvo.org/organisation/3257/iati-org/
curl: download ERROR 429
Parsing iucn-org from https://rsr.akvo.org/organisation/3257/iati-org/
dflat: input XML file does not exist
restored 1 files
--
Downloading jass_power_up from https://files.aida.tools/activities/US-EIN-06-1597-668/f348a8d8-bd5c-40b3-89c1-75a1674840bd/PWJASS.xml
curl: download ERROR 403
Parsing jass_power_up from https://files.aida.tools/activities/US-EIN-06-1597-668/f348a8d8-bd5c-40b3-89c1-75a1674840bd/PWJASS.xml
dflat: input XML file does not exist
restored 12 files
--
Downloading ketou-org from https://rsr.akvo.org/organisation/4144/iati-org/
curl: download ERROR 429
Parsing ketou-org from https://rsr.akvo.org/organisation/4144/iati-org/
dflat: input XML file does not exist
restored 1 files
--
Downloading kmet-ke-org from http://iati.simavi.org/KMET/IATI-activities.xml
curl: download ERROR 404
Parsing kmet-ke-org from http://iati.simavi.org/KMET/IATI-activities.xml
dflat: input XML file does not exist
restored 1 files
--
Downloading kpomasse-act1 from https://rsr.akvo.org/organisation/4651/iati/
curl: download ERROR 429
Parsing kpomasse-act1 from https://rsr.akvo.org/organisation/4651/iati/
dflat: input XML file does not exist
restored 4 files
--
Downloading kpomasse-org from https://rsr.akvo.org/organisation/4651/iati-org/
curl: download ERROR 429
Parsing kpomasse-org from https://rsr.akvo.org/organisation/4651/iati-org/
dflat: input XML file does not exist
restored 1 files
--
Parsing ktn-org from https://ktn-uk.org/programme/africa/
dflat: invalid XML format
restored 0 files
--
Downloading lalo-act1 from https://rsr.akvo.org/organisation/4654/iati/
curl: download ERROR 429
Parsing lalo-act1 from https://rsr.akvo.org/organisation/4654/iati/
dflat: input XML file does not exist
restored 4 files
--
Downloading lalo-org from https://rsr.akvo.org/organisation/4654/iati-org/
curl: download ERROR 429
Parsing lalo-org from https://rsr.akvo.org/organisation/4654/iati-org/
dflat: input XML file does not exist
restored 1 files
--
Downloading laterite_bv-basic from http://laterite.com/basic-spir-followup.xml
curl: download ERROR 404
Parsing laterite_bv-basic from http://laterite.com/basic-spir-followup.xml
dflat: input XML file does not exist
restored 0 files
--
Downloading lcp-org from https://www.lightcastlebd.com/LC_organisation_file.xml
curl: download ERROR 404
Parsing lcp-org from https://www.lightcastlebd.com/LC_organisation_file.xml
dflat: input XML file does not exist
restored 1 files
--
Downloading lcp-ukpact from https://www.lightcastlebd.com/LC_UK_PACT_activity_file.xml
curl: download ERROR 404
Parsing lcp-ukpact from https://www.lightcastlebd.com/LC_UK_PACT_activity_file.xml
dflat: input XML file does not exist
restored 1 files
--
Downloading lithuania_mfa-2014_2016 from https://orangeprojects.lt/uploads/documents/files/iati-export_2014-2016.xml
curl: download ERROR 404
Parsing lithuania_mfa-2014_2016 from https://orangeprojects.lt/uploads/documents/files/iati-export_2014-2016.xml
dflat: input XML file does not exist
restored 0 files
--
Downloading lithuania_mfa-2017 from https://orangeprojects.lt/uploads/documents/files/iati-export_2017.xml
curl: download ERROR 404
Parsing lithuania_mfa-2017 from https://orangeprojects.lt/uploads/documents/files/iati-export_2017.xml
dflat: input XML file does not exist
restored 0 files
--
Parsing luxaid-org from https://data.public.lu/fr/datasets/luxembourg-mfa-organisation-file/#/resources/b9ffe690-a61f-42c3-937c-52ba476b3812
dflat: invalid XML format
restored 0 files
--
Parsing lwsit from http://www.lwsit.org
dflat: invalid XML format
restored 0 files
--
Downloading maec-100 from http://www.exteriores.gob.es/Portal/es/SalaDePrensa/Multimedia/Publicaciones/Documents/Cooperacion/Seguimiento/IATI/MAEC_IATI_PAISES_NO_AOD.xml
curl: download ERROR 404
Parsing maec-100 from http://www.exteriores.gob.es/Portal/es/SalaDePrensa/Multimedia/Publicaciones/Documents/Cooperacion/Seguimiento/IATI/MAEC_IATI_PAISES_NO_AOD.xml
dflat: input XML file does not exist
restored 0 files
--
Downloading maec-189 from http://www.exteriores.gob.es/Portal/es/SalaDePrensa/Multimedia/Publicaciones/Documents/Cooperacion/Seguimiento/IATI/MAEC_IATI_NORTE_DE_AFRICA_NE.xml
curl: download ERROR 404
Parsing maec-189 from http://www.exteriores.gob.es/Portal/es/SalaDePrensa/Multimedia/Publicaciones/Documents/Cooperacion/Seguimiento/IATI/MAEC_IATI_NORTE_DE_AFRICA_NE.xml
dflat: input XML file does not exist
restored 0 files
--
Downloading maec-289 from http://www.exteriores.gob.es/Portal/es/SalaDePrensa/Multimedia/Publicaciones/Documents/Cooperacion/Seguimiento/IATI/MAEC_IATI_NAMIBIA.xml
curl: download ERROR 404
Parsing maec-289 from http://www.exteriores.gob.es/Portal/es/SalaDePrensa/Multimedia/Publicaciones/Documents/Cooperacion/Seguimiento/IATI/MAEC_IATI_NAMIBIA.xml
dflat: input XML file does not exist
restored 0 files
--
Downloading maec-298 from http://www.exteriores.gob.es/Portal/es/SalaDePrensa/Multimedia/Publicaciones/Documents/Cooperacion/Seguimiento/IATI/MAEC_IATI_AFRICA_NE.xml
curl: download ERROR 404
Parsing maec-298 from http://www.exteriores.gob.es/Portal/es/SalaDePrensa/Multimedia/Publicaciones/Documents/Cooperacion/Seguimiento/IATI/MAEC_IATI_AFRICA_NE.xml
dflat: input XML file does not exist
restored 0 files
--
Downloading maec-389 from http://www.exteriores.gob.es/Portal/es/SalaDePrensa/Multimedia/Publicaciones/Documents/Cooperacion/Seguimiento/IATI/MAEC_IATI_AMERICA_DEL_NORTE_CENTRAL_Y_CARIBE_NE.xml
curl: download ERROR 404
Parsing maec-389 from http://www.exteriores.gob.es/Portal/es/SalaDePrensa/Multimedia/Publicaciones/Documents/Cooperacion/Seguimiento/IATI/MAEC_IATI_AMERICA_DEL_NORTE_CENTRAL_Y_CARIBE_NE.xml
dflat: input XML file does not exist
restored 0 files
--
Downloading maec-489 from http://www.exteriores.gob.es/Portal/es/SalaDePrensa/Multimedia/Publicaciones/Documents/Cooperacion/Seguimiento/IATI/MAEC_IATI_AMERICA_DEL_SUR_NE.xml
curl: download ERROR 404
Parsing maec-489 from http://www.exteriores.gob.es/Portal/es/SalaDePrensa/Multimedia/Publicaciones/Documents/Cooperacion/Seguimiento/IATI/MAEC_IATI_AMERICA_DEL_SUR_NE.xml
dflat: input XML file does not exist
restored 0 files
--
Downloading maec-498 from http://www.exteriores.gob.es/Portal/es/SalaDePrensa/Multimedia/Publicaciones/Documents/Cooperacion/Seguimiento/IATI/MAEC_IATI_AMERICA_NE.xml
curl: download ERROR 404
Parsing maec-498 from http://www.exteriores.gob.es/Portal/es/SalaDePrensa/Multimedia/Publicaciones/Documents/Cooperacion/Seguimiento/IATI/MAEC_IATI_AMERICA_NE.xml
dflat: input XML file does not exist
restored 0 files
--
Downloading maec-57 from http://www.exteriores.gob.es/Portal/es/SalaDePrensa/Multimedia/Publicaciones/Documents/Cooperacion/Seguimiento/IATI/MAEC_IATI_KOSOVO.xml
curl: download ERROR 404
Parsing maec-57 from http://www.exteriores.gob.es/Portal/es/SalaDePrensa/Multimedia/Publicaciones/Documents/Cooperacion/Seguimiento/IATI/MAEC_IATI_KOSOVO.xml
dflat: input XML file does not exist
restored 0 files
--
Downloading maec-589 from http://www.exteriores.gob.es/Portal/es/SalaDePrensa/Multimedia/Publicaciones/Documents/Cooperacion/Seguimiento/IATI/MAEC_IATI_ORIENTE_MEDIO_NE.xml
curl: download ERROR 404
Parsing maec-589 from http://www.exteriores.gob.es/Portal/es/SalaDePrensa/Multimedia/Publicaciones/Documents/Cooperacion/Seguimiento/IATI/MAEC_IATI_ORIENTE_MEDIO_NE.xml
dflat: input XML file does not exist
restored 0 files
--
Downloading maec-619 from http://www.exteriores.gob.es/Portal/es/SalaDePrensa/Multimedia/Publicaciones/Documents/Cooperacion/Seguimiento/IATI/MAEC_IATI_ASIA_CENTRAL_NE.xml
curl: download ERROR 404
Parsing maec-619 from http://www.exteriores.gob.es/Portal/es/SalaDePrensa/Multimedia/Publicaciones/Documents/Cooperacion/Seguimiento/IATI/MAEC_IATI_ASIA_CENTRAL_NE.xml
dflat: input XML file does not exist
restored 0 files
--
Downloading maec-679 from http://www.exteriores.gob.es/Portal/es/SalaDePrensa/Multimedia/Publicaciones/Documents/Cooperacion/Seguimiento/IATI/MAEC_IATI_ASIA_DEL_SUR_NE.xml
curl: download ERROR 404
Parsing maec-679 from http://www.exteriores.gob.es/Portal/es/SalaDePrensa/Multimedia/Publicaciones/Documents/Cooperacion/Seguimiento/IATI/MAEC_IATI_ASIA_DEL_SUR_NE.xml
dflat: input XML file does not exist
restored 0 files
--
Downloading maec-789 from http://www.exteriores.gob.es/Portal/es/SalaDePrensa/Multimedia/Publicaciones/Documents/Cooperacion/Seguimiento/IATI/MAEC_IATI_ASIA_ORIENTAL_NE.xml
curl: download ERROR 404
Parsing maec-789 from http://www.exteriores.gob.es/Portal/es/SalaDePrensa/Multimedia/Publicaciones/Documents/Cooperacion/Seguimiento/IATI/MAEC_IATI_ASIA_ORIENTAL_NE.xml
dflat: input XML file does not exist
restored 0 files
--
Downloading maec-798 from http://www.exteriores.gob.es/Portal/es/SalaDePrensa/Multimedia/Publicaciones/Documents/Cooperacion/Seguimiento/IATI/MAEC_IATI_ASIA_NE.xml
curl: download ERROR 404
Parsing maec-798 from http://www.exteriores.gob.es/Portal/es/SalaDePrensa/Multimedia/Publicaciones/Documents/Cooperacion/Seguimiento/IATI/MAEC_IATI_ASIA_NE.xml
dflat: input XML file does not exist
restored 0 files
--
Downloading maec-889 from http://www.exteriores.gob.es/Portal/es/SalaDePrensa/Multimedia/Publicaciones/Documents/Cooperacion/Seguimiento/IATI/MAEC_IATI_OCEANIA_NE.xml
curl: download ERROR 404
Parsing maec-889 from http://www.exteriores.gob.es/Portal/es/SalaDePrensa/Multimedia/Publicaciones/Documents/Cooperacion/Seguimiento/IATI/MAEC_IATI_OCEANIA_NE.xml
dflat: input XML file does not exist
restored 0 files
--
Downloading maec-88 from http://www.exteriores.gob.es/Portal/es/SalaDePrensa/Multimedia/Publicaciones/Documents/Cooperacion/Seguimiento/IATI/MAEC_IATI_ESTADOS_DE_LA_EX-YUGOSLAVIA_NE.xml
curl: download ERROR 404
Parsing maec-88 from http://www.exteriores.gob.es/Portal/es/SalaDePrensa/Multimedia/Publicaciones/Documents/Cooperacion/Seguimiento/IATI/MAEC_IATI_ESTADOS_DE_LA_EX-YUGOSLAVIA_NE.xml
dflat: input XML file does not exist
restored 0 files
--
Downloading maec-89 from http://www.exteriores.gob.es/Portal/es/SalaDePrensa/Multimedia/Publicaciones/Documents/Cooperacion/Seguimiento/IATI/MAEC_IATI_EUROPA_NE.xml
curl: download ERROR 404
Parsing maec-89 from http://www.exteriores.gob.es/Portal/es/SalaDePrensa/Multimedia/Publicaciones/Documents/Cooperacion/Seguimiento/IATI/MAEC_IATI_EUROPA_NE.xml
dflat: input XML file does not exist
restored 0 files
--
Downloading maec-998 from http://www.exteriores.gob.es/Portal/es/SalaDePrensa/Multimedia/Publicaciones/Documents/Cooperacion/Seguimiento/IATI/MAEC_IATI_PAISES_EN_VIAS_DE_DESARROLLO_NE.xml
curl: download ERROR 404
Parsing maec-998 from http://www.exteriores.gob.es/Portal/es/SalaDePrensa/Multimedia/Publicaciones/Documents/Cooperacion/Seguimiento/IATI/MAEC_IATI_PAISES_EN_VIAS_DE_DESARROLLO_NE.xml
dflat: input XML file does not exist
restored 0 files
--
Downloading maec-af from http://www.exteriores.gob.es/Portal/es/SalaDePrensa/Multimedia/Publicaciones/Documents/Cooperacion/Seguimiento/IATI/MAEC_IATI_AFGANISTAN.xml
curl: download ERROR 404
Parsing maec-af from http://www.exteriores.gob.es/Portal/es/SalaDePrensa/Multimedia/Publicaciones/Documents/Cooperacion/Seguimiento/IATI/MAEC_IATI_AFGANISTAN.xml
dflat: input XML file does not exist
restored 0 files
--
Downloading maec-ag from http://www.exteriores.gob.es/Portal/es/SalaDePrensa/Multimedia/Publicaciones/Documents/Cooperacion/Seguimiento/IATI/MAEC_IATI_ANTIGUA_Y_BARBUDA.xml
curl: download ERROR 404
Parsing maec-ag from http://www.exteriores.gob.es/Portal/es/SalaDePrensa/Multimedia/Publicaciones/Documents/Cooperacion/Seguimiento/IATI/MAEC_IATI_ANTIGUA_Y_BARBUDA.xml
dflat: input XML file does not exist
restored 0 files
--
Downloading maec-al from http://www.exteriores.gob.es/Portal/es/SalaDePrensa/Multimedia/Publicaciones/Documents/Cooperacion/Seguimiento/IATI/MAEC_IATI_ALBANIA.xml
curl: download ERROR 404
Parsing maec-al from http://www.exteriores.gob.es/Portal/es/SalaDePrensa/Multimedia/Publicaciones/Documents/Cooperacion/Seguimiento/IATI/MAEC_IATI_ALBANIA.xml
dflat: input XML file does not exist
restored 0 files
--
Downloading maec-am from http://www.exteriores.gob.es/Portal/es/SalaDePrensa/Multimedia/Publicaciones/Documents/Cooperacion/Seguimiento/IATI/MAEC_IATI_ARMENIA.xml
curl: download ERROR 404
Parsing maec-am from http://www.exteriores.gob.es/Portal/es/SalaDePrensa/Multimedia/Publicaciones/Documents/Cooperacion/Seguimiento/IATI/MAEC_IATI_ARMENIA.xml
dflat: input XML file does not exist
restored 0 files
--
Downloading maec-ao from http://www.exteriores.gob.es/Portal/es/SalaDePrensa/Multimedia/Publicaciones/Documents/Cooperacion/Seguimiento/IATI/MAEC_IATI_ANGOLA.xml
curl: download ERROR 404
Parsing maec-ao from http://www.exteriores.gob.es/Portal/es/SalaDePrensa/Multimedia/Publicaciones/Documents/Cooperacion/Seguimiento/IATI/MAEC_IATI_ANGOLA.xml
dflat: input XML file does not exist
restored 0 files
--
Downloading maec-ar from http://www.exteriores.gob.es/Portal/es/SalaDePrensa/Multimedia/Publicaciones/Documents/Cooperacion/Seguimiento/IATI/MAEC_IATI_ARGENTINA.xml
curl: download ERROR 404
Parsing maec-ar from http://www.exteriores.gob.es/Portal/es/SalaDePrensa/Multimedia/Publicaciones/Documents/Cooperacion/Seguimiento/IATI/MAEC_IATI_ARGENTINA.xml
dflat: input XML file does not exist
restored 0 files
--
Downloading maec-az from http://www.exteriores.gob.es/Portal/es/SalaDePrensa/Multimedia/Publicaciones/Documents/Cooperacion/Seguimiento/IATI/MAEC_IATI_AZERBAIYAN.xml
curl: download ERROR 404
Parsing maec-az from http://www.exteriores.gob.es/Portal/es/SalaDePrensa/Multimedia/Publicaciones/Documents/Cooperacion/Seguimiento/IATI/MAEC_IATI_AZERBAIYAN.xml
dflat: input XML file does not exist
restored 0 files
--
Downloading maec-ba from http://www.exteriores.gob.es/Portal/es/SalaDePrensa/Multimedia/Publicaciones/Documents/Cooperacion/Seguimiento/IATI/MAEC_IATI_BOSNIA_Y_HERZEGOVINA.xml
curl: download ERROR 404
Parsing maec-ba from http://www.exteriores.gob.es/Portal/es/SalaDePrensa/Multimedia/Publicaciones/Documents/Cooperacion/Seguimiento/IATI/MAEC_IATI_BOSNIA_Y_HERZEGOVINA.xml
dflat: input XML file does not exist
restored 0 files
--
Downloading maec-bd from http://www.exteriores.gob.es/Portal/es/SalaDePrensa/Multimedia/Publicaciones/Documents/Cooperacion/Seguimiento/IATI/MAEC_IATI_BANGLADESH.xml
curl: download ERROR 404
Parsing maec-bd from http://www.exteriores.gob.es/Portal/es/SalaDePrensa/Multimedia/Publicaciones/Documents/Cooperacion/Seguimiento/IATI/MAEC_IATI_BANGLADESH.xml
dflat: input XML file does not exist
restored 0 files
--
Downloading maec-bf from http://www.exteriores.gob.es/Portal/es/SalaDePrensa/Multimedia/Publicaciones/Documents/Cooperacion/Seguimiento/IATI/MAEC_IATI_BURKINA_FASO.xml
curl: download ERROR 404
Parsing maec-bf from http://www.exteriores.gob.es/Portal/es/SalaDePrensa/Multimedia/Publicaciones/Documents/Cooperacion/Seguimiento/IATI/MAEC_IATI_BURKINA_FASO.xml
dflat: input XML file does not exist
restored 0 files
--
Downloading maec-bi from http://www.exteriores.gob.es/Portal/es/SalaDePrensa/Multimedia/Publicaciones/Documents/Cooperacion/Seguimiento/IATI/MAEC_IATI_BURUNDI.xml
curl: download ERROR 404
Parsing maec-bi from http://www.exteriores.gob.es/Portal/es/SalaDePrensa/Multimedia/Publicaciones/Documents/Cooperacion/Seguimiento/IATI/MAEC_IATI_BURUNDI.xml
dflat: input XML file does not exist
restored 0 files
--
Downloading maec-bj from http://www.exteriores.gob.es/Portal/es/SalaDePrensa/Multimedia/Publicaciones/Documents/Cooperacion/Seguimiento/IATI/MAEC_IATI_BENIN.xml
curl: download ERROR 404
Parsing maec-bj from http://www.exteriores.gob.es/Portal/es/SalaDePrensa/Multimedia/Publicaciones/Documents/Cooperacion/Seguimiento/IATI/MAEC_IATI_BENIN.xml
dflat: input XML file does not exist
restored 0 files
--
Downloading maec-bo from http://www.exteriores.gob.es/Portal/es/SalaDePrensa/Multimedia/Publicaciones/Documents/Cooperacion/Seguimiento/IATI/MAEC_IATI_BOLIVIA.xml
curl: download ERROR 404
Parsing maec-bo from http://www.exteriores.gob.es/Portal/es/SalaDePrensa/Multimedia/Publicaciones/Documents/Cooperacion/Seguimiento/IATI/MAEC_IATI_BOLIVIA.xml
dflat: input XML file does not exist
restored 0 files
--
Downloading maec-br from http://www.exteriores.gob.es/Portal/es/SalaDePrensa/Multimedia/Publicaciones/Documents/Cooperacion/Seguimiento/IATI/MAEC_IATI_BRASIL.xml
curl: download ERROR 404
Parsing maec-br from http://www.exteriores.gob.es/Portal/es/SalaDePrensa/Multimedia/Publicaciones/Documents/Cooperacion/Seguimiento/IATI/MAEC_IATI_BRASIL.xml
dflat: input XML file does not exist
restored 0 files
--
Downloading maec-bt from http://www.exteriores.gob.es/Portal/es/SalaDePrensa/Multimedia/Publicaciones/Documents/Cooperacion/Seguimiento/IATI/MAEC_IATI_BUTAN.xml
curl: download ERROR 404
Parsing maec-bt from http://www.exteriores.gob.es/Portal/es/SalaDePrensa/Multimedia/Publicaciones/Documents/Cooperacion/Seguimiento/IATI/MAEC_IATI_BUTAN.xml
dflat: input XML file does not exist
restored 0 files
--
Downloading maec-bw from http://www.exteriores.gob.es/Portal/es/SalaDePrensa/Multimedia/Publicaciones/Documents/Cooperacion/Seguimiento/IATI/MAEC_IATI_BOTSWANA.xml
curl: download ERROR 404
Parsing maec-bw from http://www.exteriores.gob.es/Portal/es/SalaDePrensa/Multimedia/Publicaciones/Documents/Cooperacion/Seguimiento/IATI/MAEC_IATI_BOTSWANA.xml
dflat: input XML file does not exist
restored 0 files
--
Downloading maec-by from http://www.exteriores.gob.es/Portal/es/SalaDePrensa/Multimedia/Publicaciones/Documents/Cooperacion/Seguimiento/IATI/MAEC_IATI_BIELORRUSIA.xml
curl: download ERROR 404
Parsing maec-by from http://www.exteriores.gob.es/Portal/es/SalaDePrensa/Multimedia/Publicaciones/Documents/Cooperacion/Seguimiento/IATI/MAEC_IATI_BIELORRUSIA.xml
dflat: input XML file does not exist
restored 0 files
--
Downloading maec-bz from http://www.exteriores.gob.es/Portal/es/SalaDePrensa/Multimedia/Publicaciones/Documents/Cooperacion/Seguimiento/IATI/MAEC_IATI_BELICE.xml
curl: download ERROR 404
Parsing maec-bz from http://www.exteriores.gob.es/Portal/es/SalaDePrensa/Multimedia/Publicaciones/Documents/Cooperacion/Seguimiento/IATI/MAEC_IATI_BELICE.xml
dflat: input XML file does not exist
restored 0 files
--
Downloading maec-cd from http://www.exteriores.gob.es/Portal/es/SalaDePrensa/Multimedia/Publicaciones/Documents/Cooperacion/Seguimiento/IATI/MAEC_IATI_CONGO_REP_DEM.xml
curl: download ERROR 404
Parsing maec-cd from http://www.exteriores.gob.es/Portal/es/SalaDePrensa/Multimedia/Publicaciones/Documents/Cooperacion/Seguimiento/IATI/MAEC_IATI_CONGO_REP_DEM.xml
dflat: input XML file does not exist
restored 0 files
--
Downloading maec-cf from http://www.exteriores.gob.es/Portal/es/SalaDePrensa/Multimedia/Publicaciones/Documents/Cooperacion/Seguimiento/IATI/MAEC_IATI_CENTROAFRICANA_REP.xml
curl: download ERROR 404
Parsing maec-cf from http://www.exteriores.gob.es/Portal/es/SalaDePrensa/Multimedia/Publicaciones/Documents/Cooperacion/Seguimiento/IATI/MAEC_IATI_CENTROAFRICANA_REP.xml
dflat: input XML file does not exist
restored 0 files
--
Downloading maec-cg from http://www.exteriores.gob.es/Portal/es/SalaDePrensa/Multimedia/Publicaciones/Documents/Cooperacion/Seguimiento/IATI/MAEC_IATI_CONGO_REP.xml
curl: download ERROR 404
Parsing maec-cg from http://www.exteriores.gob.es/Portal/es/SalaDePrensa/Multimedia/Publicaciones/Documents/Cooperacion/Seguimiento/IATI/MAEC_IATI_CONGO_REP.xml
dflat: input XML file does not exist
restored 0 files
--
Downloading maec-ci from http://www.exteriores.gob.es/Portal/es/SalaDePrensa/Multimedia/Publicaciones/Documents/Cooperacion/Seguimiento/IATI/MAEC_IATI_COSTA_DE_MARFIL.xml
curl: download ERROR 404
Parsing maec-ci from http://www.exteriores.gob.es/Portal/es/SalaDePrensa/Multimedia/Publicaciones/Documents/Cooperacion/Seguimiento/IATI/MAEC_IATI_COSTA_DE_MARFIL.xml
dflat: input XML file does not exist
restored 0 files
--
Downloading maec-cl from http://www.exteriores.gob.es/Portal/es/SalaDePrensa/Multimedia/Publicaciones/Documents/Cooperacion/Seguimiento/IATI/MAEC_IATI_CHILE.xml
curl: download ERROR 404
Parsing maec-cl from http://www.exteriores.gob.es/Portal/es/SalaDePrensa/Multimedia/Publicaciones/Documents/Cooperacion/Seguimiento/IATI/MAEC_IATI_CHILE.xml
dflat: input XML file does not exist
restored 0 files
--
Downloading maec-cm from http://www.exteriores.gob.es/Portal/es/SalaDePrensa/Multimedia/Publicaciones/Documents/Cooperacion/Seguimiento/IATI/MAEC_IATI_CAMERUN.xml
curl: download ERROR 404
Parsing maec-cm from http://www.exteriores.gob.es/Portal/es/SalaDePrensa/Multimedia/Publicaciones/Documents/Cooperacion/Seguimiento/IATI/MAEC_IATI_CAMERUN.xml
dflat: input XML file does not exist
restored 0 files
--
Downloading maec-cn from http://www.exteriores.gob.es/Portal/es/SalaDePrensa/Multimedia/Publicaciones/Documents/Cooperacion/Seguimiento/IATI/MAEC_IATI_CHINA.xml
curl: download ERROR 404
Parsing maec-cn from http://www.exteriores.gob.es/Portal/es/SalaDePrensa/Multimedia/Publicaciones/Documents/Cooperacion/Seguimiento/IATI/MAEC_IATI_CHINA.xml
dflat: input XML file does not exist
restored 0 files
--
Downloading maec-co from http://www.exteriores.gob.es/Portal/es/SalaDePrensa/Multimedia/Publicaciones/Documents/Cooperacion/Seguimiento/IATI/MAEC_IATI_COLOMBIA.xml
curl: download ERROR 404
Parsing maec-co from http://www.exteriores.gob.es/Portal/es/SalaDePrensa/Multimedia/Publicaciones/Documents/Cooperacion/Seguimiento/IATI/MAEC_IATI_COLOMBIA.xml
dflat: input XML file does not exist
restored 0 files
--
Downloading maec-cr from http://www.exteriores.gob.es/Portal/es/SalaDePrensa/Multimedia/Publicaciones/Documents/Cooperacion/Seguimiento/IATI/MAEC_IATI_COSTA_RICA.xml
curl: download ERROR 404
Parsing maec-cr from http://www.exteriores.gob.es/Portal/es/SalaDePrensa/Multimedia/Publicaciones/Documents/Cooperacion/Seguimiento/IATI/MAEC_IATI_COSTA_RICA.xml
dflat: input XML file does not exist
restored 0 files
--
Downloading maec-cu from http://www.exteriores.gob.es/Portal/es/SalaDePrensa/Multimedia/Publicaciones/Documents/Cooperacion/Seguimiento/IATI/MAEC_IATI_CUBA.xml
curl: download ERROR 404
Parsing maec-cu from http://www.exteriores.gob.es/Portal/es/SalaDePrensa/Multimedia/Publicaciones/Documents/Cooperacion/Seguimiento/IATI/MAEC_IATI_CUBA.xml
dflat: input XML file does not exist
restored 0 files
--
Downloading maec-cv from http://www.exteriores.gob.es/Portal/es/SalaDePrensa/Multimedia/Publicaciones/Documents/Cooperacion/Seguimiento/IATI/MAEC_IATI_CABO_VERDE.xml
curl: download ERROR 404
Parsing maec-cv from http://www.exteriores.gob.es/Portal/es/SalaDePrensa/Multimedia/Publicaciones/Documents/Cooperacion/Seguimiento/IATI/MAEC_IATI_CABO_VERDE.xml
dflat: input XML file does not exist
restored 0 files
--
Downloading maec-dj from http://www.exteriores.gob.es/Portal/es/SalaDePrensa/Multimedia/Publicaciones/Documents/Cooperacion/Seguimiento/IATI/MAEC_IATI_YIBUTI.xml
curl: download ERROR 404
Parsing maec-dj from http://www.exteriores.gob.es/Portal/es/SalaDePrensa/Multimedia/Publicaciones/Documents/Cooperacion/Seguimiento/IATI/MAEC_IATI_YIBUTI.xml
dflat: input XML file does not exist
restored 0 files
--
Downloading maec-dm from http://www.exteriores.gob.es/Portal/es/SalaDePrensa/Multimedia/Publicaciones/Documents/Cooperacion/Seguimiento/IATI/MAEC_IATI_DOMINICA.xml
curl: download ERROR 404
Parsing maec-dm from http://www.exteriores.gob.es/Portal/es/SalaDePrensa/Multimedia/Publicaciones/Documents/Cooperacion/Seguimiento/IATI/MAEC_IATI_DOMINICA.xml
dflat: input XML file does not exist
restored 0 files
--
Downloading maec-do from http://www.exteriores.gob.es/Portal/es/SalaDePrensa/Multimedia/Publicaciones/Documents/Cooperacion/Seguimiento/IATI/MAEC_IATI_DOMINICANA_REP.xml
curl: download ERROR 404
Parsing maec-do from http://www.exteriores.gob.es/Portal/es/SalaDePrensa/Multimedia/Publicaciones/Documents/Cooperacion/Seguimiento/IATI/MAEC_IATI_DOMINICANA_REP.xml
dflat: input XML file does not exist
restored 0 files
--
Downloading maec-dz from http://www.exteriores.gob.es/Portal/es/SalaDePrensa/Multimedia/Publicaciones/Documents/Cooperacion/Seguimiento/IATI/MAEC_IATI_ARGELIA.xml
curl: download ERROR 404
Parsing maec-dz from http://www.exteriores.gob.es/Portal/es/SalaDePrensa/Multimedia/Publicaciones/Documents/Cooperacion/Seguimiento/IATI/MAEC_IATI_ARGELIA.xml
dflat: input XML file does not exist
restored 0 files
--
Downloading maec-ec from http://www.exteriores.gob.es/Portal/es/SalaDePrensa/Multimedia/Publicaciones/Documents/Cooperacion/Seguimiento/IATI/MAEC_IATI_ECUADOR.xml
curl: download ERROR 404
Parsing maec-ec from http://www.exteriores.gob.es/Portal/es/SalaDePrensa/Multimedia/Publicaciones/Documents/Cooperacion/Seguimiento/IATI/MAEC_IATI_ECUADOR.xml
dflat: input XML file does not exist
restored 0 files
--
Downloading maec-eg from http://www.exteriores.gob.es/Portal/es/SalaDePrensa/Multimedia/Publicaciones/Documents/Cooperacion/Seguimiento/IATI/MAEC_IATI_EGIPTO.xml
curl: download ERROR 404
Parsing maec-eg from http://www.exteriores.gob.es/Portal/es/SalaDePrensa/Multimedia/Publicaciones/Documents/Cooperacion/Seguimiento/IATI/MAEC_IATI_EGIPTO.xml
dflat: input XML file does not exist
restored 0 files
--
Downloading maec-eh from http://www.exteriores.gob.es/Portal/es/SalaDePrensa/Multimedia/Publicaciones/Documents/Cooperacion/Seguimiento/IATI/MAEC_IATI_SAHARAUI_POBLACION.xml
curl: download ERROR 404
Parsing maec-eh from http://www.exteriores.gob.es/Portal/es/SalaDePrensa/Multimedia/Publicaciones/Documents/Cooperacion/Seguimiento/IATI/MAEC_IATI_SAHARAUI_POBLACION.xml
dflat: input XML file does not exist
restored 0 files
--
Downloading maec-er from http://www.exteriores.gob.es/Portal/es/SalaDePrensa/Multimedia/Publicaciones/Documents/Cooperacion/Seguimiento/IATI/MAEC_IATI_ERITREA.xml
curl: download ERROR 404
Parsing maec-er from http://www.exteriores.gob.es/Portal/es/SalaDePrensa/Multimedia/Publicaciones/Documents/Cooperacion/Seguimiento/IATI/MAEC_IATI_ERITREA.xml
dflat: input XML file does not exist
restored 0 files
--
Downloading maec-et from http://www.exteriores.gob.es/Portal/es/SalaDePrensa/Multimedia/Publicaciones/Documents/Cooperacion/Seguimiento/IATI/MAEC_IATI_ETIOPIA.xml
curl: download ERROR 404
Parsing maec-et from http://www.exteriores.gob.es/Portal/es/SalaDePrensa/Multimedia/Publicaciones/Documents/Cooperacion/Seguimiento/IATI/MAEC_IATI_ETIOPIA.xml
dflat: input XML file does not exist
restored 0 files
--
Downloading maec-ga from http://www.exteriores.gob.es/Portal/es/SalaDePrensa/Multimedia/Publicaciones/Documents/Cooperacion/Seguimiento/IATI/MAEC_IATI_GABON.xml
curl: download ERROR 404
Parsing maec-ga from http://www.exteriores.gob.es/Portal/es/SalaDePrensa/Multimedia/Publicaciones/Documents/Cooperacion/Seguimiento/IATI/MAEC_IATI_GABON.xml
dflat: input XML file does not exist
restored 0 files
--
Downloading maec-ge from http://www.exteriores.gob.es/Portal/es/SalaDePrensa/Multimedia/Publicaciones/Documents/Cooperacion/Seguimiento/IATI/MAEC_IATI_GEORGIA.xml
curl: download ERROR 404
Parsing maec-ge from http://www.exteriores.gob.es/Portal/es/SalaDePrensa/Multimedia/Publicaciones/Documents/Cooperacion/Seguimiento/IATI/MAEC_IATI_GEORGIA.xml
dflat: input XML file does not exist
restored 0 files
--
Downloading maec-gh from http://www.exteriores.gob.es/Portal/es/SalaDePrensa/Multimedia/Publicaciones/Documents/Cooperacion/Seguimiento/IATI/MAEC_IATI_GHANA.xml
curl: download ERROR 404
Parsing maec-gh from http://www.exteriores.gob.es/Portal/es/SalaDePrensa/Multimedia/Publicaciones/Documents/Cooperacion/Seguimiento/IATI/MAEC_IATI_GHANA.xml
dflat: input XML file does not exist
restored 0 files
--
Downloading maec-gm from http://www.exteriores.gob.es/Portal/es/SalaDePrensa/Multimedia/Publicaciones/Documents/Cooperacion/Seguimiento/IATI/MAEC_IATI_GAMBIA.xml
curl: download ERROR 404
Parsing maec-gm from http://www.exteriores.gob.es/Portal/es/SalaDePrensa/Multimedia/Publicaciones/Documents/Cooperacion/Seguimiento/IATI/MAEC_IATI_GAMBIA.xml
dflat: input XML file does not exist
restored 0 files
--
Downloading maec-gn from http://www.exteriores.gob.es/Portal/es/SalaDePrensa/Multimedia/Publicaciones/Documents/Cooperacion/Seguimiento/IATI/MAEC_IATI_GUINEA.xml
curl: download ERROR 404
Parsing maec-gn from http://www.exteriores.gob.es/Portal/es/SalaDePrensa/Multimedia/Publicaciones/Documents/Cooperacion/Seguimiento/IATI/MAEC_IATI_GUINEA.xml
dflat: input XML file does not exist
restored 0 files
--
Downloading maec-gq from http://www.exteriores.gob.es/Portal/es/SalaDePrensa/Multimedia/Publicaciones/Documents/Cooperacion/Seguimiento/IATI/MAEC_IATI_GUINEA_ECUATORIAL.xml
curl: download ERROR 404
Parsing maec-gq from http://www.exteriores.gob.es/Portal/es/SalaDePrensa/Multimedia/Publicaciones/Documents/Cooperacion/Seguimiento/IATI/MAEC_IATI_GUINEA_ECUATORIAL.xml
dflat: input XML file does not exist
restored 0 files
--
Downloading maec-gt from http://www.exteriores.gob.es/Portal/es/SalaDePrensa/Multimedia/Publicaciones/Documents/Cooperacion/Seguimiento/IATI/MAEC_IATI_GUATEMALA.xml
curl: download ERROR 404
Parsing maec-gt from http://www.exteriores.gob.es/Portal/es/SalaDePrensa/Multimedia/Publicaciones/Documents/Cooperacion/Seguimiento/IATI/MAEC_IATI_GUATEMALA.xml
dflat: input XML file does not exist
restored 0 files
--
Downloading maec-gw from http://www.exteriores.gob.es/Portal/es/SalaDePrensa/Multimedia/Publicaciones/Documents/Cooperacion/Seguimiento/IATI/MAEC_IATI_GUINEA-BISSAU.xml
curl: download ERROR 404
Parsing maec-gw from http://www.exteriores.gob.es/Portal/es/SalaDePrensa/Multimedia/Publicaciones/Documents/Cooperacion/Seguimiento/IATI/MAEC_IATI_GUINEA-BISSAU.xml
dflat: input XML file does not exist
restored 0 files
--
Downloading maec-gy from http://www.exteriores.gob.es/Portal/es/SalaDePrensa/Multimedia/Publicaciones/Documents/Cooperacion/Seguimiento/IATI/MAEC_IATI_GUYANA.xml
curl: download ERROR 404
Parsing maec-gy from http://www.exteriores.gob.es/Portal/es/SalaDePrensa/Multimedia/Publicaciones/Documents/Cooperacion/Seguimiento/IATI/MAEC_IATI_GUYANA.xml
dflat: input XML file does not exist
restored 0 files
--
Downloading maec-hn from http://www.exteriores.gob.es/Portal/es/SalaDePrensa/Multimedia/Publicaciones/Documents/Cooperacion/Seguimiento/IATI/MAEC_IATI_HONDURAS.xml
curl: download ERROR 404
Parsing maec-hn from http://www.exteriores.gob.es/Portal/es/SalaDePrensa/Multimedia/Publicaciones/Documents/Cooperacion/Seguimiento/IATI/MAEC_IATI_HONDURAS.xml
dflat: input XML file does not exist
restored 0 files
--
Downloading maec-ht from http://www.exteriores.gob.es/Portal/es/SalaDePrensa/Multimedia/Publicaciones/Documents/Cooperacion/Seguimiento/IATI/MAEC_IATI_HAITI.xml
curl: download ERROR 404
Parsing maec-ht from http://www.exteriores.gob.es/Portal/es/SalaDePrensa/Multimedia/Publicaciones/Documents/Cooperacion/Seguimiento/IATI/MAEC_IATI_HAITI.xml
dflat: input XML file does not exist
restored 0 files
--
Downloading maec-id from http://www.exteriores.gob.es/Portal/es/SalaDePrensa/Multimedia/Publicaciones/Documents/Cooperacion/Seguimiento/IATI/MAEC_IATI_INDONESIA.xml
curl: download ERROR 404
Parsing maec-id from http://www.exteriores.gob.es/Portal/es/SalaDePrensa/Multimedia/Publicaciones/Documents/Cooperacion/Seguimiento/IATI/MAEC_IATI_INDONESIA.xml
dflat: input XML file does not exist
restored 0 files
--
Downloading maec-in from http://www.exteriores.gob.es/Portal/es/SalaDePrensa/Multimedia/Publicaciones/Documents/Cooperacion/Seguimiento/IATI/MAEC_IATI_INDIA.xml
curl: download ERROR 404
Parsing maec-in from http://www.exteriores.gob.es/Portal/es/SalaDePrensa/Multimedia/Publicaciones/Documents/Cooperacion/Seguimiento/IATI/MAEC_IATI_INDIA.xml
dflat: input XML file does not exist
restored 0 files
--
Downloading maec-iq from http://www.exteriores.gob.es/Portal/es/SalaDePrensa/Multimedia/Publicaciones/Documents/Cooperacion/Seguimiento/IATI/MAEC_IATI_IRAQ.xml
curl: download ERROR 404
Parsing maec-iq from http://www.exteriores.gob.es/Portal/es/SalaDePrensa/Multimedia/Publicaciones/Documents/Cooperacion/Seguimiento/IATI/MAEC_IATI_IRAQ.xml
dflat: input XML file does not exist
restored 0 files
--
Downloading maec-ir from http://www.exteriores.gob.es/Portal/es/SalaDePrensa/Multimedia/Publicaciones/Documents/Cooperacion/Seguimiento/IATI/MAEC_IATI_IRAN.xml
curl: download ERROR 404
Parsing maec-ir from http://www.exteriores.gob.es/Portal/es/SalaDePrensa/Multimedia/Publicaciones/Documents/Cooperacion/Seguimiento/IATI/MAEC_IATI_IRAN.xml
dflat: input XML file does not exist
restored 0 files
--
Downloading maec-jm from http://www.exteriores.gob.es/Portal/es/SalaDePrensa/Multimedia/Publicaciones/Documents/Cooperacion/Seguimiento/IATI/MAEC_IATI_JAMAICA.xml
curl: download ERROR 404
Parsing maec-jm from http://www.exteriores.gob.es/Portal/es/SalaDePrensa/Multimedia/Publicaciones/Documents/Cooperacion/Seguimiento/IATI/MAEC_IATI_JAMAICA.xml
dflat: input XML file does not exist
restored 0 files
--
Downloading maec-jo from http://www.exteriores.gob.es/Portal/es/SalaDePrensa/Multimedia/Publicaciones/Documents/Cooperacion/Seguimiento/IATI/MAEC_IATI_JORDANIA.xml
curl: download ERROR 404
Parsing maec-jo from http://www.exteriores.gob.es/Portal/es/SalaDePrensa/Multimedia/Publicaciones/Documents/Cooperacion/Seguimiento/IATI/MAEC_IATI_JORDANIA.xml
dflat: input XML file does not exist
restored 0 files
--
Downloading maec-ke from http://www.exteriores.gob.es/Portal/es/SalaDePrensa/Multimedia/Publicaciones/Documents/Cooperacion/Seguimiento/IATI/MAEC_IATI_KENIA.xml
curl: download ERROR 404
Parsing maec-ke from http://www.exteriores.gob.es/Portal/es/SalaDePrensa/Multimedia/Publicaciones/Documents/Cooperacion/Seguimiento/IATI/MAEC_IATI_KENIA.xml
dflat: input XML file does not exist
restored 0 files
--
Downloading maec-kg from http://www.exteriores.gob.es/Portal/es/SalaDePrensa/Multimedia/Publicaciones/Documents/Cooperacion/Seguimiento/IATI/MAEC_IATI_KIRGUISTAN.xml
curl: download ERROR 404
Parsing maec-kg from http://www.exteriores.gob.es/Portal/es/SalaDePrensa/Multimedia/Publicaciones/Documents/Cooperacion/Seguimiento/IATI/MAEC_IATI_KIRGUISTAN.xml
dflat: input XML file does not exist
restored 0 files
--
Downloading maec-kh from http://www.exteriores.gob.es/Portal/es/SalaDePrensa/Multimedia/Publicaciones/Documents/Cooperacion/Seguimiento/IATI/MAEC_IATI_CAMBOYA.xml
curl: download ERROR 404
Parsing maec-kh from http://www.exteriores.gob.es/Portal/es/SalaDePrensa/Multimedia/Publicaciones/Documents/Cooperacion/Seguimiento/IATI/MAEC_IATI_CAMBOYA.xml
dflat: input XML file does not exist
restored 0 files
--
Downloading maec-km from http://www.exteriores.gob.es/Portal/es/SalaDePrensa/Multimedia/Publicaciones/Documents/Cooperacion/Seguimiento/IATI/MAEC_IATI_COMORES.xml
curl: download ERROR 404
Parsing maec-km from http://www.exteriores.gob.es/Portal/es/SalaDePrensa/Multimedia/Publicaciones/Documents/Cooperacion/Seguimiento/IATI/MAEC_IATI_COMORES.xml
dflat: input XML file does not exist
restored 0 files
--
Downloading maec-kn from http://www.exteriores.gob.es/Portal/es/SalaDePrensa/Multimedia/Publicaciones/Documents/Cooperacion/Seguimiento/IATI/MAEC_IATI_SAINT_KITTS_Y_NEVIS.xml
curl: download ERROR 404
Parsing maec-kn from http://www.exteriores.gob.es/Portal/es/SalaDePrensa/Multimedia/Publicaciones/Documents/Cooperacion/Seguimiento/IATI/MAEC_IATI_SAINT_KITTS_Y_NEVIS.xml
dflat: input XML file does not exist
restored 0 files
--
Downloading maec-kp from http://www.exteriores.gob.es/Portal/es/SalaDePrensa/Multimedia/Publicaciones/Documents/Cooperacion/Seguimiento/IATI/MAEC_IATI_COREA_REP_POP_DEM.xml
curl: download ERROR 404
Parsing maec-kp from http://www.exteriores.gob.es/Portal/es/SalaDePrensa/Multimedia/Publicaciones/Documents/Cooperacion/Seguimiento/IATI/MAEC_IATI_COREA_REP_POP_DEM.xml
dflat: input XML file does not exist
restored 0 files
--
Downloading maec-kz from http://www.exteriores.gob.es/Portal/es/SalaDePrensa/Multimedia/Publicaciones/Documents/Cooperacion/Seguimiento/IATI/MAEC_IATI_KAZAJSTAN.xml
curl: download ERROR 404
Parsing maec-kz from http://www.exteriores.gob.es/Portal/es/SalaDePrensa/Multimedia/Publicaciones/Documents/Cooperacion/Seguimiento/IATI/MAEC_IATI_KAZAJSTAN.xml
dflat: input XML file does not exist
restored 0 files
--
Downloading maec-lb from http://www.exteriores.gob.es/Portal/es/SalaDePrensa/Multimedia/Publicaciones/Documents/Cooperacion/Seguimiento/IATI/MAEC_IATI_LIBANO.xml
curl: download ERROR 404
Parsing maec-lb from http://www.exteriores.gob.es/Portal/es/SalaDePrensa/Multimedia/Publicaciones/Documents/Cooperacion/Seguimiento/IATI/MAEC_IATI_LIBANO.xml
dflat: input XML file does not exist
restored 0 files
--
Downloading maec-lc from http://www.exteriores.gob.es/Portal/es/SalaDePrensa/Multimedia/Publicaciones/Documents/Cooperacion/Seguimiento/IATI/MAEC_IATI_SANTA_LUCIA.xml
curl: download ERROR 404
Parsing maec-lc from http://www.exteriores.gob.es/Portal/es/SalaDePrensa/Multimedia/Publicaciones/Documents/Cooperacion/Seguimiento/IATI/MAEC_IATI_SANTA_LUCIA.xml
dflat: input XML file does not exist
restored 0 files
--
Downloading maec-lk from http://www.exteriores.gob.es/Portal/es/SalaDePrensa/Multimedia/Publicaciones/Documents/Cooperacion/Seguimiento/IATI/MAEC_IATI_SRI_LANKA.xml
curl: download ERROR 404
Parsing maec-lk from http://www.exteriores.gob.es/Portal/es/SalaDePrensa/Multimedia/Publicaciones/Documents/Cooperacion/Seguimiento/IATI/MAEC_IATI_SRI_LANKA.xml
dflat: input XML file does not exist
restored 0 files
--
Downloading maec-lr from http://www.exteriores.gob.es/Portal/es/SalaDePrensa/Multimedia/Publicaciones/Documents/Cooperacion/Seguimiento/IATI/MAEC_IATI_LIBERIA.xml
curl: download ERROR 404
Parsing maec-lr from http://www.exteriores.gob.es/Portal/es/SalaDePrensa/Multimedia/Publicaciones/Documents/Cooperacion/Seguimiento/IATI/MAEC_IATI_LIBERIA.xml
dflat: input XML file does not exist
restored 0 files
--
Downloading maec-ls from http://www.exteriores.gob.es/Portal/es/SalaDePrensa/Multimedia/Publicaciones/Documents/Cooperacion/Seguimiento/IATI/MAEC_IATI_LESOTO.xml
curl: download ERROR 404
Parsing maec-ls from http://www.exteriores.gob.es/Portal/es/SalaDePrensa/Multimedia/Publicaciones/Documents/Cooperacion/Seguimiento/IATI/MAEC_IATI_LESOTO.xml
dflat: input XML file does not exist
restored 0 files
--
Downloading maec-ly from http://www.exteriores.gob.es/Portal/es/SalaDePrensa/Multimedia/Publicaciones/Documents/Cooperacion/Seguimiento/IATI/MAEC_IATI_LIBIA.xml
curl: download ERROR 404
Parsing maec-ly from http://www.exteriores.gob.es/Portal/es/SalaDePrensa/Multimedia/Publicaciones/Documents/Cooperacion/Seguimiento/IATI/MAEC_IATI_LIBIA.xml
dflat: input XML file does not exist
restored 0 files
--
Downloading maec-ma from http://www.exteriores.gob.es/Portal/es/SalaDePrensa/Multimedia/Publicaciones/Documents/Cooperacion/Seguimiento/IATI/MAEC_IATI_MARRUECOS.xml
curl: download ERROR 404
Parsing maec-ma from http://www.exteriores.gob.es/Portal/es/SalaDePrensa/Multimedia/Publicaciones/Documents/Cooperacion/Seguimiento/IATI/MAEC_IATI_MARRUECOS.xml
dflat: input XML file does not exist
restored 0 files
--
Downloading maec-md from http://www.exteriores.gob.es/Portal/es/SalaDePrensa/Multimedia/Publicaciones/Documents/Cooperacion/Seguimiento/IATI/MAEC_IATI_MOLDAVIA.xml
curl: download ERROR 404
Parsing maec-md from http://www.exteriores.gob.es/Portal/es/SalaDePrensa/Multimedia/Publicaciones/Documents/Cooperacion/Seguimiento/IATI/MAEC_IATI_MOLDAVIA.xml
dflat: input XML file does not exist
restored 0 files
--
Downloading maec-me from http://www.exteriores.gob.es/Portal/es/SalaDePrensa/Multimedia/Publicaciones/Documents/Cooperacion/Seguimiento/IATI/MAEC_IATI_MONTENEGRO.xml
curl: download ERROR 404
Parsing maec-me from http://www.exteriores.gob.es/Portal/es/SalaDePrensa/Multimedia/Publicaciones/Documents/Cooperacion/Seguimiento/IATI/MAEC_IATI_MONTENEGRO.xml
dflat: input XML file does not exist
restored 0 files
--
Downloading maec-mg from http://www.exteriores.gob.es/Portal/es/SalaDePrensa/Multimedia/Publicaciones/Documents/Cooperacion/Seguimiento/IATI/MAEC_IATI_MADAGASCAR.xml
curl: download ERROR 404
Parsing maec-mg from http://www.exteriores.gob.es/Portal/es/SalaDePrensa/Multimedia/Publicaciones/Documents/Cooperacion/Seguimiento/IATI/MAEC_IATI_MADAGASCAR.xml
dflat: input XML file does not exist
restored 0 files
--
Downloading maec-mk from http://www.exteriores.gob.es/Portal/es/SalaDePrensa/Multimedia/Publicaciones/Documents/Cooperacion/Seguimiento/IATI/MAEC_IATI_MACEDONIA_ANTIGUA_REP_YUG.xml
curl: download ERROR 404
Parsing maec-mk from http://www.exteriores.gob.es/Portal/es/SalaDePrensa/Multimedia/Publicaciones/Documents/Cooperacion/Seguimiento/IATI/MAEC_IATI_MACEDONIA_ANTIGUA_REP_YUG.xml
dflat: input XML file does not exist
restored 0 files
--
Downloading maec-ml from http://www.exteriores.gob.es/Portal/es/SalaDePrensa/Multimedia/Publicaciones/Documents/Cooperacion/Seguimiento/IATI/MAEC_IATI_MALI.xml
curl: download ERROR 404
Parsing maec-ml from http://www.exteriores.gob.es/Portal/es/SalaDePrensa/Multimedia/Publicaciones/Documents/Cooperacion/Seguimiento/IATI/MAEC_IATI_MALI.xml
dflat: input XML file does not exist
restored 0 files
--
Downloading maec-mm from http://www.exteriores.gob.es/Portal/es/SalaDePrensa/Multimedia/Publicaciones/Documents/Cooperacion/Seguimiento/IATI/MAEC_IATI_MYANMAR.xml
curl: download ERROR 404
Parsing maec-mm from http://www.exteriores.gob.es/Portal/es/SalaDePrensa/Multimedia/Publicaciones/Documents/Cooperacion/Seguimiento/IATI/MAEC_IATI_MYANMAR.xml
dflat: input XML file does not exist
restored 0 files
--
Downloading maec-mn from http://www.exteriores.gob.es/Portal/es/SalaDePrensa/Multimedia/Publicaciones/Documents/Cooperacion/Seguimiento/IATI/MAEC_IATI_MONGOLIA.xml
curl: download ERROR 404
Parsing maec-mn from http://www.exteriores.gob.es/Portal/es/SalaDePrensa/Multimedia/Publicaciones/Documents/Cooperacion/Seguimiento/IATI/MAEC_IATI_MONGOLIA.xml
dflat: input XML file does not exist
restored 0 files
--
Downloading maec-mr from http://www.exteriores.gob.es/Portal/es/SalaDePrensa/Multimedia/Publicaciones/Documents/Cooperacion/Seguimiento/IATI/MAEC_IATI_MAURITANIA.xml
curl: download ERROR 404
Parsing maec-mr from http://www.exteriores.gob.es/Portal/es/SalaDePrensa/Multimedia/Publicaciones/Documents/Cooperacion/Seguimiento/IATI/MAEC_IATI_MAURITANIA.xml
dflat: input XML file does not exist
restored 0 files
--
Downloading maec-mu from http://www.exteriores.gob.es/Portal/es/SalaDePrensa/Multimedia/Publicaciones/Documents/Cooperacion/Seguimiento/IATI/MAEC_IATI_MAURICIO.xml
curl: download ERROR 404
Parsing maec-mu from http://www.exteriores.gob.es/Portal/es/SalaDePrensa/Multimedia/Publicaciones/Documents/Cooperacion/Seguimiento/IATI/MAEC_IATI_MAURICIO.xml
dflat: input XML file does not exist
restored 0 files
--
Downloading maec-mw from http://www.exteriores.gob.es/Portal/es/SalaDePrensa/Multimedia/Publicaciones/Documents/Cooperacion/Seguimiento/IATI/MAEC_IATI_MALAWI.xml
curl: download ERROR 404
Parsing maec-mw from http://www.exteriores.gob.es/Portal/es/SalaDePrensa/Multimedia/Publicaciones/Documents/Cooperacion/Seguimiento/IATI/MAEC_IATI_MALAWI.xml
dflat: input XML file does not exist
restored 0 files
--
Downloading maec-mx from http://www.exteriores.gob.es/Portal/es/SalaDePrensa/Multimedia/Publicaciones/Documents/Cooperacion/Seguimiento/IATI/MAEC_IATI_MEXICO.xml
curl: download ERROR 404
Parsing maec-mx from http://www.exteriores.gob.es/Portal/es/SalaDePrensa/Multimedia/Publicaciones/Documents/Cooperacion/Seguimiento/IATI/MAEC_IATI_MEXICO.xml
dflat: input XML file does not exist
restored 0 files
--
Downloading maec-my from http://www.exteriores.gob.es/Portal/es/SalaDePrensa/Multimedia/Publicaciones/Documents/Cooperacion/Seguimiento/IATI/MAEC_IATI_MALASIA.xml
curl: download ERROR 404
Parsing maec-my from http://www.exteriores.gob.es/Portal/es/SalaDePrensa/Multimedia/Publicaciones/Documents/Cooperacion/Seguimiento/IATI/MAEC_IATI_MALASIA.xml
dflat: input XML file does not exist
restored 0 files
--
Downloading maec-mz from http://www.exteriores.gob.es/Portal/es/SalaDePrensa/Multimedia/Publicaciones/Documents/Cooperacion/Seguimiento/IATI/MAEC_IATI_MOZAMBIQUE.xml
curl: download ERROR 404
Parsing maec-mz from http://www.exteriores.gob.es/Portal/es/SalaDePrensa/Multimedia/Publicaciones/Documents/Cooperacion/Seguimiento/IATI/MAEC_IATI_MOZAMBIQUE.xml
dflat: input XML file does not exist
restored 0 files
--
Downloading maec-na from http://www.exteriores.gob.es/Portal/es/SalaDePrensa/Multimedia/Publicaciones/Documents/Cooperacion/Seguimiento/IATI/MAEC_IATI_NAMIBIA.xml
curl: download ERROR 404
Parsing maec-na from http://www.exteriores.gob.es/Portal/es/SalaDePrensa/Multimedia/Publicaciones/Documents/Cooperacion/Seguimiento/IATI/MAEC_IATI_NAMIBIA.xml
dflat: input XML file does not exist
restored 0 files
--
Downloading maec-ne from http://www.exteriores.gob.es/Portal/es/SalaDePrensa/Multimedia/Publicaciones/Documents/Cooperacion/Seguimiento/IATI/MAEC_IATI_NIGER.xml
curl: download ERROR 404
Parsing maec-ne from http://www.exteriores.gob.es/Portal/es/SalaDePrensa/Multimedia/Publicaciones/Documents/Cooperacion/Seguimiento/IATI/MAEC_IATI_NIGER.xml
dflat: input XML file does not exist
restored 0 files
--
Downloading maec-ng from http://www.exteriores.gob.es/Portal/es/SalaDePrensa/Multimedia/Publicaciones/Documents/Cooperacion/Seguimiento/IATI/MAEC_IATI_NIGERIA.xml
curl: download ERROR 404
Parsing maec-ng from http://www.exteriores.gob.es/Portal/es/SalaDePrensa/Multimedia/Publicaciones/Documents/Cooperacion/Seguimiento/IATI/MAEC_IATI_NIGERIA.xml
dflat: input XML file does not exist
restored 0 files
--
Downloading maec-ni from http://www.exteriores.gob.es/Portal/es/SalaDePrensa/Multimedia/Publicaciones/Documents/Cooperacion/Seguimiento/IATI/MAEC_IATI_NICARAGUA.xml
curl: download ERROR 404
Parsing maec-ni from http://www.exteriores.gob.es/Portal/es/SalaDePrensa/Multimedia/Publicaciones/Documents/Cooperacion/Seguimiento/IATI/MAEC_IATI_NICARAGUA.xml
dflat: input XML file does not exist
restored 0 files
--
Downloading maec-np from http://www.exteriores.gob.es/Portal/es/SalaDePrensa/Multimedia/Publicaciones/Documents/Cooperacion/Seguimiento/IATI/MAEC_IATI_NEPAL.xml
curl: download ERROR 404
Parsing maec-np from http://www.exteriores.gob.es/Portal/es/SalaDePrensa/Multimedia/Publicaciones/Documents/Cooperacion/Seguimiento/IATI/MAEC_IATI_NEPAL.xml
dflat: input XML file does not exist
restored 0 files
--
Downloading maec-organisation from http://www.exteriores.gob.es/Portal/es/SalaDePrensa/Multimedia/Publicaciones/Documents/Cooperacion/Seguimiento/IATI/maec-organisation.xml
curl: download ERROR 404
Parsing maec-organisation from http://www.exteriores.gob.es/Portal/es/SalaDePrensa/Multimedia/Publicaciones/Documents/Cooperacion/Seguimiento/IATI/maec-organisation.xml
dflat: input XML file does not exist
restored 0 files
--
Downloading maec-pa from http://www.exteriores.gob.es/Portal/es/SalaDePrensa/Multimedia/Publicaciones/Documents/Cooperacion/Seguimiento/IATI/MAEC_IATI_PANAMA.xml
curl: download ERROR 404
Parsing maec-pa from http://www.exteriores.gob.es/Portal/es/SalaDePrensa/Multimedia/Publicaciones/Documents/Cooperacion/Seguimiento/IATI/MAEC_IATI_PANAMA.xml
dflat: input XML file does not exist
restored 0 files
--
Downloading maec-pe from http://www.exteriores.gob.es/Portal/es/SalaDePrensa/Multimedia/Publicaciones/Documents/Cooperacion/Seguimiento/IATI/MAEC_IATI_PERU.xml
curl: download ERROR 404
Parsing maec-pe from http://www.exteriores.gob.es/Portal/es/SalaDePrensa/Multimedia/Publicaciones/Documents/Cooperacion/Seguimiento/IATI/MAEC_IATI_PERU.xml
dflat: input XML file does not exist
restored 0 files
--
Downloading maec-ph from http://www.exteriores.gob.es/Portal/es/SalaDePrensa/Multimedia/Publicaciones/Documents/Cooperacion/Seguimiento/IATI/MAEC_IATI_FILIPINAS.xml
curl: download ERROR 404
Parsing maec-ph from http://www.exteriores.gob.es/Portal/es/SalaDePrensa/Multimedia/Publicaciones/Documents/Cooperacion/Seguimiento/IATI/MAEC_IATI_FILIPINAS.xml
dflat: input XML file does not exist
restored 0 files
--
Downloading maec-pk from http://www.exteriores.gob.es/Portal/es/SalaDePrensa/Multimedia/Publicaciones/Documents/Cooperacion/Seguimiento/IATI/MAEC_IATI_PAKISTAN.xml
curl: download ERROR 404
Parsing maec-pk from http://www.exteriores.gob.es/Portal/es/SalaDePrensa/Multimedia/Publicaciones/Documents/Cooperacion/Seguimiento/IATI/MAEC_IATI_PAKISTAN.xml
dflat: input XML file does not exist
restored 0 files
--
Downloading maec-ps from http://www.exteriores.gob.es/Portal/es/SalaDePrensa/Multimedia/Publicaciones/Documents/Cooperacion/Seguimiento/IATI/MAEC_IATI_PALESTINOS_TERRITORIOS.xml
curl: download ERROR 404
Parsing maec-ps from http://www.exteriores.gob.es/Portal/es/SalaDePrensa/Multimedia/Publicaciones/Documents/Cooperacion/Seguimiento/IATI/MAEC_IATI_PALESTINOS_TERRITORIOS.xml
dflat: input XML file does not exist
restored 0 files
--
Downloading maec-py from http://www.exteriores.gob.es/Portal/es/SalaDePrensa/Multimedia/Publicaciones/Documents/Cooperacion/Seguimiento/IATI/MAEC_IATI_PARAGUAY.xml
curl: download ERROR 404
Parsing maec-py from http://www.exteriores.gob.es/Portal/es/SalaDePrensa/Multimedia/Publicaciones/Documents/Cooperacion/Seguimiento/IATI/MAEC_IATI_PARAGUAY.xml
dflat: input XML file does not exist
restored 0 files
--
Downloading maec-rs from http://www.exteriores.gob.es/Portal/es/SalaDePrensa/Multimedia/Publicaciones/Documents/Cooperacion/Seguimiento/IATI/MAEC_IATI_SERBIA.xml
curl: download ERROR 404
Parsing maec-rs from http://www.exteriores.gob.es/Portal/es/SalaDePrensa/Multimedia/Publicaciones/Documents/Cooperacion/Seguimiento/IATI/MAEC_IATI_SERBIA.xml
dflat: input XML file does not exist
restored 0 files
--
Downloading maec-rw from http://www.exteriores.gob.es/Portal/es/SalaDePrensa/Multimedia/Publicaciones/Documents/Cooperacion/Seguimiento/IATI/MAEC_IATI_RUANDA.xml
curl: download ERROR 404
Parsing maec-rw from http://www.exteriores.gob.es/Portal/es/SalaDePrensa/Multimedia/Publicaciones/Documents/Cooperacion/Seguimiento/IATI/MAEC_IATI_RUANDA.xml
dflat: input XML file does not exist
restored 0 files
--
Downloading maec-sc from http://www.exteriores.gob.es/Portal/es/SalaDePrensa/Multimedia/Publicaciones/Documents/Cooperacion/Seguimiento/IATI/MAEC_IATI_SEYCHELLES.xml
curl: download ERROR 404
Parsing maec-sc from http://www.exteriores.gob.es/Portal/es/SalaDePrensa/Multimedia/Publicaciones/Documents/Cooperacion/Seguimiento/IATI/MAEC_IATI_SEYCHELLES.xml
dflat: input XML file does not exist
restored 0 files
--
Downloading maec-sd from http://www.exteriores.gob.es/Portal/es/SalaDePrensa/Multimedia/Publicaciones/Documents/Cooperacion/Seguimiento/IATI/MAEC_IATI_SUDAN.xml
curl: download ERROR 404
Parsing maec-sd from http://www.exteriores.gob.es/Portal/es/SalaDePrensa/Multimedia/Publicaciones/Documents/Cooperacion/Seguimiento/IATI/MAEC_IATI_SUDAN.xml
dflat: input XML file does not exist
restored 0 files
--
Downloading maec-sl from http://www.exteriores.gob.es/Portal/es/SalaDePrensa/Multimedia/Publicaciones/Documents/Cooperacion/Seguimiento/IATI/MAEC_IATI_SIERRA_LEONA.xml
curl: download ERROR 404
Parsing maec-sl from http://www.exteriores.gob.es/Portal/es/SalaDePrensa/Multimedia/Publicaciones/Documents/Cooperacion/Seguimiento/IATI/MAEC_IATI_SIERRA_LEONA.xml
dflat: input XML file does not exist
restored 0 files
--
Downloading maec-sn from http://www.exteriores.gob.es/Portal/es/SalaDePrensa/Multimedia/Publicaciones/Documents/Cooperacion/Seguimiento/IATI/MAEC_IATI_SENEGAL.xml
curl: download ERROR 404
Parsing maec-sn from http://www.exteriores.gob.es/Portal/es/SalaDePrensa/Multimedia/Publicaciones/Documents/Cooperacion/Seguimiento/IATI/MAEC_IATI_SENEGAL.xml
dflat: input XML file does not exist
restored 0 files
--
Downloading maec-so from http://www.exteriores.gob.es/Portal/es/SalaDePrensa/Multimedia/Publicaciones/Documents/Cooperacion/Seguimiento/IATI/MAEC_IATI_SOMALIA.xml
curl: download ERROR 404
Parsing maec-so from http://www.exteriores.gob.es/Portal/es/SalaDePrensa/Multimedia/Publicaciones/Documents/Cooperacion/Seguimiento/IATI/MAEC_IATI_SOMALIA.xml
dflat: input XML file does not exist
restored 0 files
--
Downloading maec-ss from http://www.exteriores.gob.es/Portal/es/SalaDePrensa/Multimedia/Publicaciones/Documents/Cooperacion/Seguimiento/IATI/MAEC_IATI_SUDAN_DEL_SUR.xml
curl: download ERROR 404
Parsing maec-ss from http://www.exteriores.gob.es/Portal/es/SalaDePrensa/Multimedia/Publicaciones/Documents/Cooperacion/Seguimiento/IATI/MAEC_IATI_SUDAN_DEL_SUR.xml
dflat: input XML file does not exist
restored 0 files
--
Downloading maec-st from http://www.exteriores.gob.es/Portal/es/SalaDePrensa/Multimedia/Publicaciones/Documents/Cooperacion/Seguimiento/IATI/MAEC_IATI_SANTO_TOME_Y_PRINCIPE.xml
curl: download ERROR 404
Parsing maec-st from http://www.exteriores.gob.es/Portal/es/SalaDePrensa/Multimedia/Publicaciones/Documents/Cooperacion/Seguimiento/IATI/MAEC_IATI_SANTO_TOME_Y_PRINCIPE.xml
dflat: input XML file does not exist
restored 0 files
--
Downloading maec-sv from http://www.exteriores.gob.es/Portal/es/SalaDePrensa/Multimedia/Publicaciones/Documents/Cooperacion/Seguimiento/IATI/MAEC_IATI_EL_SALVADOR.xml
curl: download ERROR 404
Parsing maec-sv from http://www.exteriores.gob.es/Portal/es/SalaDePrensa/Multimedia/Publicaciones/Documents/Cooperacion/Seguimiento/IATI/MAEC_IATI_EL_SALVADOR.xml
dflat: input XML file does not exist
restored 0 files
--
Downloading maec-sy from http://www.exteriores.gob.es/Portal/es/SalaDePrensa/Multimedia/Publicaciones/Documents/Cooperacion/Seguimiento/IATI/MAEC_IATI_SIRIA.xml
curl: download ERROR 404
Parsing maec-sy from http://www.exteriores.gob.es/Portal/es/SalaDePrensa/Multimedia/Publicaciones/Documents/Cooperacion/Seguimiento/IATI/MAEC_IATI_SIRIA.xml
dflat: input XML file does not exist
restored 0 files
--
Downloading maec-td from http://www.exteriores.gob.es/Portal/es/SalaDePrensa/Multimedia/Publicaciones/Documents/Cooperacion/Seguimiento/IATI/MAEC_IATI_CHAD.xml
curl: download ERROR 404
Parsing maec-td from http://www.exteriores.gob.es/Portal/es/SalaDePrensa/Multimedia/Publicaciones/Documents/Cooperacion/Seguimiento/IATI/MAEC_IATI_CHAD.xml
dflat: input XML file does not exist
restored 0 files
--
Downloading maec-tg from http://www.exteriores.gob.es/Portal/es/SalaDePrensa/Multimedia/Publicaciones/Documents/Cooperacion/Seguimiento/IATI/MAEC_IATI_TOGO.xml
curl: download ERROR 404
Parsing maec-tg from http://www.exteriores.gob.es/Portal/es/SalaDePrensa/Multimedia/Publicaciones/Documents/Cooperacion/Seguimiento/IATI/MAEC_IATI_TOGO.xml
dflat: input XML file does not exist
restored 0 files
--
Downloading maec-th from http://www.exteriores.gob.es/Portal/es/SalaDePrensa/Multimedia/Publicaciones/Documents/Cooperacion/Seguimiento/IATI/MAEC_IATI_TAILANDIA.xml
curl: download ERROR 404
Parsing maec-th from http://www.exteriores.gob.es/Portal/es/SalaDePrensa/Multimedia/Publicaciones/Documents/Cooperacion/Seguimiento/IATI/MAEC_IATI_TAILANDIA.xml
dflat: input XML file does not exist
restored 0 files
--
Downloading maec-tj from http://www.exteriores.gob.es/Portal/es/SalaDePrensa/Multimedia/Publicaciones/Documents/Cooperacion/Seguimiento/IATI/MAEC_IATI_TAYIKISTAN.xml
curl: download ERROR 404
Parsing maec-tj from http://www.exteriores.gob.es/Portal/es/SalaDePrensa/Multimedia/Publicaciones/Documents/Cooperacion/Seguimiento/IATI/MAEC_IATI_TAYIKISTAN.xml
dflat: input XML file does not exist
restored 0 files
--
Downloading maec-tl from http://www.exteriores.gob.es/Portal/es/SalaDePrensa/Multimedia/Publicaciones/Documents/Cooperacion/Seguimiento/IATI/MAEC_IATI_TIMOR-LESTE.xml
curl: download ERROR 404
Parsing maec-tl from http://www.exteriores.gob.es/Portal/es/SalaDePrensa/Multimedia/Publicaciones/Documents/Cooperacion/Seguimiento/IATI/MAEC_IATI_TIMOR-LESTE.xml
dflat: input XML file does not exist
restored 0 files
--
Downloading maec-tm from http://www.exteriores.gob.es/Portal/es/SalaDePrensa/Multimedia/Publicaciones/Documents/Cooperacion/Seguimiento/IATI/MAEC_IATI_TURKMENISTAN.xml
curl: download ERROR 404
Parsing maec-tm from http://www.exteriores.gob.es/Portal/es/SalaDePrensa/Multimedia/Publicaciones/Documents/Cooperacion/Seguimiento/IATI/MAEC_IATI_TURKMENISTAN.xml
dflat: input XML file does not exist
restored 0 files
--
Downloading maec-tn from http://www.exteriores.gob.es/Portal/es/SalaDePrensa/Multimedia/Publicaciones/Documents/Cooperacion/Seguimiento/IATI/MAEC_IATI_TUNEZ.xml
curl: download ERROR 404
Parsing maec-tn from http://www.exteriores.gob.es/Portal/es/SalaDePrensa/Multimedia/Publicaciones/Documents/Cooperacion/Seguimiento/IATI/MAEC_IATI_TUNEZ.xml
dflat: input XML file does not exist
restored 0 files
--
Downloading maec-tr from http://www.exteriores.gob.es/Portal/es/SalaDePrensa/Multimedia/Publicaciones/Documents/Cooperacion/Seguimiento/IATI/MAEC_IATI_TURQUIA.xml
curl: download ERROR 404
Parsing maec-tr from http://www.exteriores.gob.es/Portal/es/SalaDePrensa/Multimedia/Publicaciones/Documents/Cooperacion/Seguimiento/IATI/MAEC_IATI_TURQUIA.xml
dflat: input XML file does not exist
restored 0 files
--
Downloading maec-tz from http://www.exteriores.gob.es/Portal/es/SalaDePrensa/Multimedia/Publicaciones/Documents/Cooperacion/Seguimiento/IATI/MAEC_IATI_TANZANIA.xml
curl: download ERROR 404
Parsing maec-tz from http://www.exteriores.gob.es/Portal/es/SalaDePrensa/Multimedia/Publicaciones/Documents/Cooperacion/Seguimiento/IATI/MAEC_IATI_TANZANIA.xml
dflat: input XML file does not exist
restored 0 files
--
Downloading maec-ua from http://www.exteriores.gob.es/Portal/es/SalaDePrensa/Multimedia/Publicaciones/Documents/Cooperacion/Seguimiento/IATI/MAEC_IATI_UCRANIA.xml
curl: download ERROR 404
Parsing maec-ua from http://www.exteriores.gob.es/Portal/es/SalaDePrensa/Multimedia/Publicaciones/Documents/Cooperacion/Seguimiento/IATI/MAEC_IATI_UCRANIA.xml
dflat: input XML file does not exist
restored 0 files
--
Downloading maec-ug from http://www.exteriores.gob.es/Portal/es/SalaDePrensa/Multimedia/Publicaciones/Documents/Cooperacion/Seguimiento/IATI/MAEC_IATI_UGANDA.xml
curl: download ERROR 404
Parsing maec-ug from http://www.exteriores.gob.es/Portal/es/SalaDePrensa/Multimedia/Publicaciones/Documents/Cooperacion/Seguimiento/IATI/MAEC_IATI_UGANDA.xml
dflat: input XML file does not exist
restored 0 files
--
Downloading maec-uy from http://www.exteriores.gob.es/Portal/es/SalaDePrensa/Multimedia/Publicaciones/Documents/Cooperacion/Seguimiento/IATI/MAEC_IATI_URUGUAY.xml
curl: download ERROR 404
Parsing maec-uy from http://www.exteriores.gob.es/Portal/es/SalaDePrensa/Multimedia/Publicaciones/Documents/Cooperacion/Seguimiento/IATI/MAEC_IATI_URUGUAY.xml
dflat: input XML file does not exist
restored 0 files
--
Downloading maec-uz from http://www.exteriores.gob.es/Portal/es/SalaDePrensa/Multimedia/Publicaciones/Documents/Cooperacion/Seguimiento/IATI/MAEC_IATI_UZBEKISTAN.xml
curl: download ERROR 404
Parsing maec-uz from http://www.exteriores.gob.es/Portal/es/SalaDePrensa/Multimedia/Publicaciones/Documents/Cooperacion/Seguimiento/IATI/MAEC_IATI_UZBEKISTAN.xml
dflat: input XML file does not exist
restored 0 files
--
Downloading maec-vc from http://www.exteriores.gob.es/Portal/es/SalaDePrensa/Multimedia/Publicaciones/Documents/Cooperacion/Seguimiento/IATI/MAEC_IATI_SAN_VICENTE_Y_GRANADINAS.xml
curl: download ERROR 404
Parsing maec-vc from http://www.exteriores.gob.es/Portal/es/SalaDePrensa/Multimedia/Publicaciones/Documents/Cooperacion/Seguimiento/IATI/MAEC_IATI_SAN_VICENTE_Y_GRANADINAS.xml
dflat: input XML file does not exist
restored 0 files
--
Downloading maec-ve from http://www.exteriores.gob.es/Portal/es/SalaDePrensa/Multimedia/Publicaciones/Documents/Cooperacion/Seguimiento/IATI/MAEC_IATI_VENEZUELA.xml
curl: download ERROR 404
Parsing maec-ve from http://www.exteriores.gob.es/Portal/es/SalaDePrensa/Multimedia/Publicaciones/Documents/Cooperacion/Seguimiento/IATI/MAEC_IATI_VENEZUELA.xml
dflat: input XML file does not exist
restored 0 files
--
Downloading maec-vn from http://www.exteriores.gob.es/Portal/es/SalaDePrensa/Multimedia/Publicaciones/Documents/Cooperacion/Seguimiento/IATI/MAEC_IATI_VIETNAM.xml
curl: download ERROR 404
Parsing maec-vn from http://www.exteriores.gob.es/Portal/es/SalaDePrensa/Multimedia/Publicaciones/Documents/Cooperacion/Seguimiento/IATI/MAEC_IATI_VIETNAM.xml
dflat: input XML file does not exist
restored 0 files
--
Downloading maec-vu from http://www.exteriores.gob.es/Portal/es/SalaDePrensa/Multimedia/Publicaciones/Documents/Cooperacion/Seguimiento/IATI/MAEC_IATI_VANUATU.xml
curl: download ERROR 404
Parsing maec-vu from http://www.exteriores.gob.es/Portal/es/SalaDePrensa/Multimedia/Publicaciones/Documents/Cooperacion/Seguimiento/IATI/MAEC_IATI_VANUATU.xml
dflat: input XML file does not exist
restored 0 files
--
Downloading maec-ws from http://www.exteriores.gob.es/Portal/es/SalaDePrensa/Multimedia/Publicaciones/Documents/Cooperacion/Seguimiento/IATI/MAEC_IATI_SAMOA.xml
curl: download ERROR 404
Parsing maec-ws from http://www.exteriores.gob.es/Portal/es/SalaDePrensa/Multimedia/Publicaciones/Documents/Cooperacion/Seguimiento/IATI/MAEC_IATI_SAMOA.xml
dflat: input XML file does not exist
restored 0 files
--
Downloading maec-ye from http://www.exteriores.gob.es/Portal/es/SalaDePrensa/Multimedia/Publicaciones/Documents/Cooperacion/Seguimiento/IATI/MAEC_IATI_YEMEN.xml
curl: download ERROR 404
Parsing maec-ye from http://www.exteriores.gob.es/Portal/es/SalaDePrensa/Multimedia/Publicaciones/Documents/Cooperacion/Seguimiento/IATI/MAEC_IATI_YEMEN.xml
dflat: input XML file does not exist
restored 0 files
--
Downloading maec-za from http://www.exteriores.gob.es/Portal/es/SalaDePrensa/Multimedia/Publicaciones/Documents/Cooperacion/Seguimiento/IATI/MAEC_IATI_SUDAFRICA.xml
curl: download ERROR 404
Parsing maec-za from http://www.exteriores.gob.es/Portal/es/SalaDePrensa/Multimedia/Publicaciones/Documents/Cooperacion/Seguimiento/IATI/MAEC_IATI_SUDAFRICA.xml
dflat: input XML file does not exist
restored 0 files
--
Downloading maec-zm from http://www.exteriores.gob.es/Portal/es/SalaDePrensa/Multimedia/Publicaciones/Documents/Cooperacion/Seguimiento/IATI/MAEC_IATI_ZAMBIA.xml
curl: download ERROR 404
Parsing maec-zm from http://www.exteriores.gob.es/Portal/es/SalaDePrensa/Multimedia/Publicaciones/Documents/Cooperacion/Seguimiento/IATI/MAEC_IATI_ZAMBIA.xml
dflat: input XML file does not exist
restored 0 files
--
Downloading maec-zw from http://www.exteriores.gob.es/Portal/es/SalaDePrensa/Multimedia/Publicaciones/Documents/Cooperacion/Seguimiento/IATI/MAEC_IATI_ZIMBABUE.xml
curl: download ERROR 404
Parsing maec-zw from http://www.exteriores.gob.es/Portal/es/SalaDePrensa/Multimedia/Publicaciones/Documents/Cooperacion/Seguimiento/IATI/MAEC_IATI_ZIMBABUE.xml
dflat: input XML file does not exist
restored 0 files
--
Downloading magariro-gec from https://www.vsointernational.org/sites/default/files/magariro_gec.xml
curl: download ERROR 404
Parsing magariro-gec from https://www.vsointernational.org/sites/default/files/magariro_gec.xml
dflat: input XML file does not exist
restored 0 files
--
Downloading marysmeals-mw from https://aidstream.org/files/xml/marysmeals-mw.xml
curl: download ERROR 404
Parsing marysmeals-mw from https://aidstream.org/files/xml/marysmeals-mw.xml
dflat: input XML file does not exist
restored 1 files
--
Downloading mastercard-foundation-ca-01 from https://www.ajah.ca/s/mastercard-foundation-activities.xml
curl: download ERROR 404
Parsing mastercard-foundation-ca-01 from https://www.ajah.ca/s/mastercard-foundation-activities.xml
dflat: input XML file does not exist
restored 1140 files
--
Parsing mcs_new-activities-2024 from https://aidstream.org/activity/68053/xml/view
dflat: invalid XML format
restored 0 files
--
Downloading mefbenin-org from https://rsr.akvo.org/organisation/4132/iati-org/
curl: download ERROR 429
Parsing mefbenin-org from https://rsr.akvo.org/organisation/4132/iati-org/
dflat: input XML file does not exist
restored 1 files
--
Parsing mightyearthannualreport2025 from https://stories.mightyearth.org/2025-annual-report/
dflat: invalid XML format
restored 0 files
--
Parsing mightyearthfinancialstatement2024 from https://mightyearth.org/wp-content/uploads/2025/09/Mighty-Earth-2024-FS.pdf
dflat: invalid XML format
restored 0 files
--
Parsing minbuza_nl-activities19972007 from https://static.rijksoverheid.nl/bz/IATIACTIVITIES19972007.xml
dflat: invalid XML format
restored 953 files
--
Downloading mofa-jpn-2020-developing-countries-unspecified from https://www.mofa.go.jp/mofaj/gaiko/oda/about/yosan/xml/2020/2020developing_countries_unspecified.xml
curl: download ERROR 403
Parsing mofa-jpn-2020-developing-countries-unspecified from https://www.mofa.go.jp/mofaj/gaiko/oda/about/yosan/xml/2020/2020developing_countries_unspecified.xml
dflat: input XML file does not exist
restored 100 files
--
Downloading mofa-jpn-2021-developing-countries-unspecified from https://www.mofa.go.jp/mofaj/gaiko/oda/files/100495951.xml
curl: download ERROR 403
Parsing mofa-jpn-2021-developing-countries-unspecified from https://www.mofa.go.jp/mofaj/gaiko/oda/files/100495951.xml
dflat: input XML file does not exist
restored 102 files
--
Downloading mofa-jpn-701-2-2017 from https://www.mofa.go.jp/mofaj/gaiko/oda/about/yosan/xml/2017/2017_Developing_Countries_unspecified.xml
curl: download ERROR 403
Parsing mofa-jpn-701-2-2017 from https://www.mofa.go.jp/mofaj/gaiko/oda/about/yosan/xml/2017/2017_Developing_Countries_unspecified.xml
dflat: input XML file does not exist
restored 100 files
--
Downloading mofa-jpn-701-2-2018 from https://www.mofa.go.jp/mofaj/gaiko/oda/about/yosan/xml/2018/2018_Developing_Countries_unspecified.xml
curl: download ERROR 403
Parsing mofa-jpn-701-2-2018 from https://www.mofa.go.jp/mofaj/gaiko/oda/about/yosan/xml/2018/2018_Developing_Countries_unspecified.xml
dflat: input XML file does not exist
restored 100 files
--
Downloading mofa-jpn-701-2-2019 from https://www.mofa.go.jp/mofaj/gaiko/oda/about/yosan/xml/2019/2019%20developing_countries_unspecified.xml
curl: download ERROR 403
Parsing mofa-jpn-701-2-2019 from https://www.mofa.go.jp/mofaj/gaiko/oda/about/yosan/xml/2019/2019%20developing_countries_unspecified.xml
dflat: input XML file does not exist
restored 100 files
--
Downloading mofa-jpn-701-2 from https://www.mofa.go.jp/mofaj/gaiko/oda/about/yosan/xml/2016/2016_Developing_Countries_unspecified.xml
curl: download ERROR 403
Parsing mofa-jpn-701-2 from https://www.mofa.go.jp/mofaj/gaiko/oda/about/yosan/xml/2016/2016_Developing_Countries_unspecified.xml
dflat: input XML file does not exist
restored 100 files
--
Parsing mrc-oda from http://www.mrc.ac.uk/documents/xls-csv/mrc-activitiesxml/
dflat: invalid XML format
restored 0 files
--
Parsing mset-01-jo from https://docs.google.com/spreadsheets/d/1HVSB1APbGOw5X03gU02BR3FNmcm5GOBw/edit?usp=sharing&ouid=101184292811766039324&rtpof=true&sd=true
dflat: invalid XML format
restored 0 files
--
Downloading ndf_fgm-gh from https://aidstream.s3.us-west-2.amazonaws.com/xml/ndf_fgm-gh.xml
curl: download ERROR 403
Parsing ndf_fgm-gh from https://aidstream.s3.us-west-2.amazonaws.com/xml/ndf_fgm-gh.xml
dflat: input XML file does not exist
restored 3 files
--
Downloading needs-20180426 from http://iati.simavi.org/NEEDS/IATI-activities.xml
curl: download ERROR 404
Parsing needs-20180426 from http://iati.simavi.org/NEEDS/IATI-activities.xml
dflat: input XML file does not exist
restored 1 files
--
Downloading nef_mali-act from https://rsr.akvo.org/organisation/5427/iati/
curl: download ERROR 429
Parsing nef_mali-act from https://rsr.akvo.org/organisation/5427/iati/
dflat: input XML file does not exist
restored 1 files
--
Downloading nef_mali-org from https://rsr.akvo.org/organisation/5427/iati-org/
curl: download ERROR 429
Parsing nef_mali-org from https://rsr.akvo.org/organisation/5427/iati-org/
dflat: input XML file does not exist
restored 1 files
--
Parsing new_data from https://arkfoundationbd.org/
dflat: invalid XML format
restored 0 files
--
Parsing nihr158451 from https://drive.google.com/drive/folders/1JJGo1O6OBv_fLjSp5z6k0uBVxd0rIMaf
dflat: invalid XML format
restored 0 files
--
Downloading nlr-activity from https://rsr.akvo.org/organisation/3104/iati/
curl: download ERROR 429
Parsing nlr-activity from https://rsr.akvo.org/organisation/3104/iati/
dflat: input XML file does not exist
restored 1 files
--
Downloading nrgi-org from https://resourcegovernance.org/files/xml/NRGI-organisation.xml
curl: download ERROR 404
Parsing nrgi-org from https://resourcegovernance.org/files/xml/NRGI-organisation.xml
dflat: input XML file does not exist
restored 1 files
--
Downloading nrgi-rtpeed from https://resourcegovernance.org/files/xml/NRGI-activities.xml
curl: download ERROR 404
Parsing nrgi-rtpeed from https://resourcegovernance.org/files/xml/NRGI-activities.xml
dflat: input XML file does not exist
restored 1 files
--
Downloading nri-998 from https://aidstream.s3.us-west-2.amazonaws.com/xml/nri-998.xml
curl: download ERROR 403
Parsing nri-998 from https://aidstream.s3.us-west-2.amazonaws.com/xml/nri-998.xml
dflat: input XML file does not exist
restored 1 files
--
Parsing nyu-xm-dac-7-ppr-240000876 from https://cic.nyu.edu/nl-iati-raw.xml
dflat: no activities or organisations found in XML file
restored 0 files
--
Parsing odakorea-act13 from https://www.odakorea.go.kr/opm/iati_act_KR-GOV-100.xml
dflat: invalid XML format
restored 38 files
--
Parsing odakorea-act18 from https://www.odakorea.go.kr/opm/iati_act_KR-GOV-160.xml
dflat: invalid XML format
restored 41 files
--
Downloading odakorea-act1 from https://www.odakorea.go.kr/opm/iati_act_KR-GOV-020.xml
curl: download ERROR 404
Parsing odakorea-act1 from https://www.odakorea.go.kr/opm/iati_act_KR-GOV-020.xml
dflat: input XML file does not exist
restored 1 files
--
Downloading odakorea-act30 from https://www.odakorea.go.kr/opm/iati_act_KR-GOV-290.xml
curl: download ERROR 404
Parsing odakorea-act30 from https://www.odakorea.go.kr/opm/iati_act_KR-GOV-290.xml
dflat: input XML file does not exist
restored 0 files
--
Downloading odakorea-act32 from https://www.odakorea.go.kr/opm/iati_act_KR-GOV-310.xml
curl: download ERROR 404
Parsing odakorea-act32 from https://www.odakorea.go.kr/opm/iati_act_KR-GOV-310.xml
dflat: input XML file does not exist
restored 2 files
--
Downloading odakorea-act36 from https://www.odakorea.go.kr/opm/iati_act_KR-GOV-350.xml
curl: download ERROR 404
Parsing odakorea-act36 from https://www.odakorea.go.kr/opm/iati_act_KR-GOV-350.xml
dflat: input XML file does not exist
restored 1 files
--
Downloading odakorea-act38 from https://www.odakorea.go.kr/opm/iati_act_KR-GOV-370.xml
curl: download ERROR 404
Parsing odakorea-act38 from https://www.odakorea.go.kr/opm/iati_act_KR-GOV-370.xml
dflat: input XML file does not exist
restored 2 files
--
Downloading odakorea-act39 from https://www.odakorea.go.kr/opm/iati_act_KR-GOV-380.xml
curl: download ERROR 404
Parsing odakorea-act39 from https://www.odakorea.go.kr/opm/iati_act_KR-GOV-380.xml
dflat: input XML file does not exist
restored 1 files
--
Downloading odakorea-act40 from https://www.odakorea.go.kr/opm/iati_act_KR-GOV-390.xml
curl: download ERROR 404
Parsing odakorea-act40 from https://www.odakorea.go.kr/opm/iati_act_KR-GOV-390.xml
dflat: input XML file does not exist
restored 1 files
--
Downloading odakorea-act42 from https://www.odakorea.go.kr/opm/iati_act_KR-GOV-410.xml
curl: download ERROR 404
Parsing odakorea-act42 from https://www.odakorea.go.kr/opm/iati_act_KR-GOV-410.xml
dflat: input XML file does not exist
restored 2 files
--
Downloading odakorea-act44 from https://www.odakorea.go.kr/opm/iati_act_KR-GOV-430.xml
curl: download ERROR 404
Parsing odakorea-act44 from https://www.odakorea.go.kr/opm/iati_act_KR-GOV-430.xml
dflat: input XML file does not exist
restored 1 files
--
Downloading odakorea-act45 from https://www.odakorea.go.kr/opm/iati_act_KR-GOV-450.xml
curl: download ERROR 404
Parsing odakorea-act45 from https://www.odakorea.go.kr/opm/iati_act_KR-GOV-450.xml
dflat: input XML file does not exist
restored 0 files
--
Downloading odakorea-act47 from https://www.odakorea.go.kr/opm/iati_act_KR-GOV-470.xml
curl: download ERROR 404
Parsing odakorea-act47 from https://www.odakorea.go.kr/opm/iati_act_KR-GOV-470.xml
dflat: input XML file does not exist
restored 0 files
--
Downloading odakorea-act49 from https://www.odakorea.go.kr/opm/iati_act_KR-GOV-490.xml
curl: download ERROR 404
Parsing odakorea-act49 from https://www.odakorea.go.kr/opm/iati_act_KR-GOV-490.xml
dflat: input XML file does not exist
restored 0 files
--
Downloading odakorea-act520 from http://www.odakorea.go.kr/opm/iati_act_KR-GOV-520.xml
curl: download ERROR 404
Parsing odakorea-act520 from http://www.odakorea.go.kr/opm/iati_act_KR-GOV-520.xml
dflat: input XML file does not exist
restored 3 files
--
Downloading odakorea-act540 from https://www.odakorea.go.kr/opm/iati_act_KR-GOV-540.xml
curl: download ERROR 404
Parsing odakorea-act540 from https://www.odakorea.go.kr/opm/iati_act_KR-GOV-540.xml
dflat: input XML file does not exist
restored 1 files
--
Downloading odakorea-act550 from https://www.odakorea.go.kr/opm/iati_act_KR-GOV-550.xml
curl: download ERROR 404
Parsing odakorea-act550 from https://www.odakorea.go.kr/opm/iati_act_KR-GOV-550.xml
dflat: input XML file does not exist
restored 1 files
--
Parsing odakorea-act8 from https://www.odakorea.go.kr/opm/iati_act_KR-GOV-040.xml
dflat: invalid XML format
restored 20 files
--
Downloading ofid-activity1 from https://app1.opecfund.org/IATI/OFID_IATI_XML.xml
curl: download ERROR 000
Parsing ofid-activity1 from https://app1.opecfund.org/IATI/OFID_IATI_XML.xml
dflat: input XML file does not exist
restored 0 files
--
Downloading omidyarnetwork-activities from http://www.omidyar.com/sites/default/files/file_archive/IATI%20Upload%20March%202017/ON-activities.xml
curl: download ERROR 404
Parsing omidyarnetwork-activities from http://www.omidyar.com/sites/default/files/file_archive/IATI%20Upload%20March%202017/ON-activities.xml
dflat: input XML file does not exist
restored 0 files
--
Downloading omidyarnetwork-organization from http://www.omidyar.com/sites/default/files/file_archive/IATI%20Upload%20March%202017/ON-org.xml
curl: download ERROR 404
Parsing omidyarnetwork-organization from http://www.omidyar.com/sites/default/files/file_archive/IATI%20Upload%20March%202017/ON-org.xml
dflat: input XML file does not exist
restored 0 files
--
Downloading opml-2015dec from http://www.opml.co.uk/sites/default/files/IATI_return_15-12-31.xml
curl: download ERROR 403
Parsing opml-2015dec from http://www.opml.co.uk/sites/default/files/IATI_return_15-12-31.xml
dflat: input XML file does not exist
restored 0 files
--
Downloading opportunity-international-uk-org from http://www.aidstream.org/files/xml/opportunity-international-uk-org.xml
curl: download ERROR 404
Parsing opportunity-international-uk-org from http://www.aidstream.org/files/xml/opportunity-international-uk-org.xml
dflat: input XML file does not exist
restored 1 files
--
Downloading oxfamindia-in from http://www.aidstream.org/files/xml/oxfamindia-in.xml
curl: download ERROR 404
Parsing oxfamindia-in from http://www.aidstream.org/files/xml/oxfamindia-in.xml
dflat: input XML file does not exist
restored 1 files
--
Downloading oxfamindia-org from http://www.aidstream.org/files/xml/oxfamindia-org.xml
curl: download ERROR 404
Parsing oxfamindia-org from http://www.aidstream.org/files/xml/oxfamindia-org.xml
dflat: input XML file does not exist
restored 1 files
--
Parsing pangeaafrica from https://pangeaafrica.com/
dflat: no activities or organisations found in XML file
restored 0 files
--
Downloading parakou-org from https://rsr.akvo.org/organisation/4146/iati-org/
curl: download ERROR 429
Parsing parakou-org from https://rsr.akvo.org/organisation/4146/iati-org/
dflat: input XML file does not exist
restored 1 files
--
Downloading pca-gire-activities from https://rsr.akvo.org/organisation/2562/iati/
curl: download ERROR 429
Parsing pca-gire-activities from https://rsr.akvo.org/organisation/2562/iati/
dflat: input XML file does not exist
restored 1 files
--
Downloading pca-gire-org from https://rsr.akvo.org/organisation/2562/iati-org/
curl: download ERROR 429
Parsing pca-gire-org from https://rsr.akvo.org/organisation/2562/iati-org/
dflat: input XML file does not exist
restored 1 files
--
Downloading plannlno-ao from https://iati-website-assets.s3.eu-west-1.amazonaws.com/NL-KVK-41198890-IATI-Activity-File.xml
curl: download ERROR 404
Parsing plannlno-ao from https://iati-website-assets.s3.eu-west-1.amazonaws.com/NL-KVK-41198890-IATI-Activity-File.xml
dflat: input XML file does not exist
restored 289 files
--
Downloading plan_uk-organisationfile from https://plan-uk.org/iatifeed/plan_uk-org.xml
curl: download ERROR 404
Parsing plan_uk-organisationfile from https://plan-uk.org/iatifeed/plan_uk-org.xml
dflat: input XML file does not exist
restored 1 files
--
Downloading plan_usa-298 from http://www.aidstream.org/files/xml/plan_usa-298.xml
curl: download ERROR 404
Parsing plan_usa-298 from http://www.aidstream.org/files/xml/plan_usa-298.xml
dflat: input XML file does not exist
restored 1 files
--
Downloading plan_usa-bd from http://www.aidstream.org/files/xml/plan_usa-bd.xml
curl: download ERROR 404
Parsing plan_usa-bd from http://www.aidstream.org/files/xml/plan_usa-bd.xml
dflat: input XML file does not exist
restored 1 files
--
Downloading plan_usa-bf from http://www.aidstream.org/files/xml/plan_usa-bf.xml
curl: download ERROR 404
Parsing plan_usa-bf from http://www.aidstream.org/files/xml/plan_usa-bf.xml
dflat: input XML file does not exist
restored 1 files
--
Downloading plan_usa-bj from http://www.aidstream.org/files/xml/plan_usa-bj.xml
curl: download ERROR 404
Parsing plan_usa-bj from http://www.aidstream.org/files/xml/plan_usa-bj.xml
dflat: input XML file does not exist
restored 1 files
--
Downloading plan_usa-cm from http://www.aidstream.org/files/xml/plan_usa-cm.xml
curl: download ERROR 404
Parsing plan_usa-cm from http://www.aidstream.org/files/xml/plan_usa-cm.xml
dflat: input XML file does not exist
restored 1 files
--
Downloading plan_usa-gh from http://www.aidstream.org/files/xml/plan_usa-gh.xml
curl: download ERROR 404
Parsing plan_usa-gh from http://www.aidstream.org/files/xml/plan_usa-gh.xml
dflat: input XML file does not exist
restored 1 files
--
Downloading plan_usa-gn from http://www.aidstream.org/files/xml/plan_usa-gn.xml
curl: download ERROR 404
Parsing plan_usa-gn from http://www.aidstream.org/files/xml/plan_usa-gn.xml
dflat: input XML file does not exist
restored 1 files
--
Downloading plan_usa-ke from http://www.aidstream.org/files/xml/plan_usa-ke.xml
curl: download ERROR 404
Parsing plan_usa-ke from http://www.aidstream.org/files/xml/plan_usa-ke.xml
dflat: input XML file does not exist
restored 1 files
--
Downloading plan_usa-kh from http://www.aidstream.org/files/xml/plan_usa-kh.xml
curl: download ERROR 404
Parsing plan_usa-kh from http://www.aidstream.org/files/xml/plan_usa-kh.xml
dflat: input XML file does not exist
restored 1 files
--
Downloading plan_usa-ne from http://www.aidstream.org/files/xml/plan_usa-ne.xml
curl: download ERROR 404
Parsing plan_usa-ne from http://www.aidstream.org/files/xml/plan_usa-ne.xml
dflat: input XML file does not exist
restored 1 files
--
Downloading plan_usa-ng from http://www.aidstream.org/files/xml/plan_usa-ng.xml
curl: download ERROR 404
Parsing plan_usa-ng from http://www.aidstream.org/files/xml/plan_usa-ng.xml
dflat: input XML file does not exist
restored 1 files
--
Downloading plan_usa-np from http://www.aidstream.org/files/xml/plan_usa-np.xml
curl: download ERROR 404
Parsing plan_usa-np from http://www.aidstream.org/files/xml/plan_usa-np.xml
dflat: input XML file does not exist
restored 1 files
--
Downloading plan_usa-ph from http://www.aidstream.org/files/xml/plan_usa-ph.xml
curl: download ERROR 404
Parsing plan_usa-ph from http://www.aidstream.org/files/xml/plan_usa-ph.xml
dflat: input XML file does not exist
restored 2 files
--
Downloading plan_usa-sd from http://www.aidstream.org/files/xml/plan_usa-sd.xml
curl: download ERROR 404
Parsing plan_usa-sd from http://www.aidstream.org/files/xml/plan_usa-sd.xml
dflat: input XML file does not exist
restored 1 files
--
Downloading plan_usa-sn from http://www.aidstream.org/files/xml/plan_usa-sn.xml
curl: download ERROR 404
Parsing plan_usa-sn from http://www.aidstream.org/files/xml/plan_usa-sn.xml
dflat: input XML file does not exist
restored 1 files
--
Downloading plan_usa-tg from http://www.aidstream.org/files/xml/plan_usa-tg.xml
curl: download ERROR 404
Parsing plan_usa-tg from http://www.aidstream.org/files/xml/plan_usa-tg.xml
dflat: input XML file does not exist
restored 1 files
--
Downloading plan_usa-ug from http://www.aidstream.org/files/xml/plan_usa-ug.xml
curl: download ERROR 404
Parsing plan_usa-ug from http://www.aidstream.org/files/xml/plan_usa-ug.xml
dflat: input XML file does not exist
restored 1 files
--
Downloading plan_usa-vn from http://www.aidstream.org/files/xml/plan_usa-vn.xml
curl: download ERROR 404
Parsing plan_usa-vn from http://www.aidstream.org/files/xml/plan_usa-vn.xml
dflat: input XML file does not exist
restored 1 files
--
Downloading pobe-act from https://rsr.akvo.org/organisation/4163/iati/
curl: download ERROR 429
Parsing pobe-act from https://rsr.akvo.org/organisation/4163/iati/
dflat: input XML file does not exist
restored 5 files
--
Downloading prospero-2023 from https://prosperocozm-my.sharepoint.com/personal/itsupport_prospero_co_zm/Documents/Prospero%20IATI/Prospero%20ME_results%20Procedures%20Manual_.pdf?CT=1692268571324&OR=ItemsView
curl: download ERROR 403
Parsing prospero-2023 from https://prosperocozm-my.sharepoint.com/personal/itsupport_prospero_co_zm/Documents/Prospero%20IATI/Prospero%20ME_results%20Procedures%20Manual_.pdf?CT=1692268571324&OR=ItemsView
dflat: input XML file does not exist
restored 0 files
--
Parsing prospero-260 from https://prosperocozm-my.sharepoint.com/:b:/g/personal/administrator_prosperocozm_onmicrosoft_com/EbZtV2ueIWRKr27KRzWntPwB8BgwC3lLEo4pw8GQHF8ctA?e=Uso8yZ
dflat: invalid XML format
restored 0 files
--
Parsing prospero-263 from https://prosperocozm-my.sharepoint.com/:b:/g/personal/administrator_prosperocozm_onmicrosoft_com/EUPKtvsHNvBErSvc6dbDiKoBK_z00ULSsmaigzFNcFkmfA?e=IBXGUX
dflat: invalid XML format
restored 0 files
--
Downloading prospero-fa from https://prosperocozm-my.sharepoint.com/personal/itsupport_prospero_co_zm/_layouts/15/onedrive.aspx?id=%2Fpersonal%2Fitsupport%5Fprospero%5Fco%5Fzm%2FDocuments%2FProspero%20IATI%2FFinance%20and%20Accounting%20Manual%2Epdf&parent=%2Fpersonal%2Fitsupport%5Fp
curl: download ERROR 403
Parsing prospero-fa from https://prosperocozm-my.sharepoint.com/personal/itsupport_prospero_co_zm/_layouts/15/onedrive.aspx?id=%2Fpersonal%2Fitsupport%5Fprospero%5Fco%5Fzm%2FDocuments%2FProspero%20IATI%2FFinance%20and%20Accounting%20Manual%2Epdf&parent=%2Fpersonal%2Fitsupport%5Fp
dflat: input XML file does not exist
restored 0 files
--
Downloading prospero-hr from https://prosperocozm-my.sharepoint.com/personal/itsupport_prospero_co_zm/_layouts/15/onedrive.aspx?id=%2Fpersonal%2Fitsupport%5Fprospero%5Fco%5Fzm%2FDocuments%2FProspero%20IATI%2FProspero%20Human%20Resource%20Manual%5F06%20April%202021%2Epdf&parent=%2Fper
curl: download ERROR 403
Parsing prospero-hr from https://prosperocozm-my.sharepoint.com/personal/itsupport_prospero_co_zm/_layouts/15/onedrive.aspx?id=%2Fpersonal%2Fitsupport%5Fprospero%5Fco%5Fzm%2FDocuments%2FProspero%20IATI%2FProspero%20Human%20Resource%20Manual%5F06%20April%202021%2Epdf&parent=%2Fper
dflat: input XML file does not exist
restored 0 files
--
Parsing prospero-org from https://prosperocozm-my.sharepoint.com/:b:/g/personal/administrator_prosperocozm_onmicrosoft_com/EcFa9hN8sRNMj0GlBkGTD1gBv_7sQPM-ou6hztAzY3cTGA?e=a3jaq7
dflat: invalid XML format
restored 0 files
--
Downloading prospero-pc from https://prosperocozm-my.sharepoint.com/personal/itsupport_prospero_co_zm/_layouts/15/onedrive.aspx?id=%2Fpersonal%2Fitsupport%5Fprospero%5Fco%5Fzm%2FDocuments%2FProspero%20IATI%2FProspero%20Procurement%20and%20Compliance%20Manual%5F13%20Nov%2020%2Epdf&par
curl: download ERROR 403
Parsing prospero-pc from https://prosperocozm-my.sharepoint.com/personal/itsupport_prospero_co_zm/_layouts/15/onedrive.aspx?id=%2Fpersonal%2Fitsupport%5Fprospero%5Fco%5Fzm%2FDocuments%2FProspero%20IATI%2FProspero%20Procurement%20and%20Compliance%20Manual%5F13%20Nov%2020%2Epdf&par
dflat: input XML file does not exist
restored 0 files
--
Downloading prospero-pdfb from https://prosperocozm-my.sharepoint.com/:b:/g/personal/itsupport_prospero_co_zm/EdoQ6gy0QfFBrIpVzIJkIs0BAh4iViV5r0my9lqVm_i0qQ?e=8yCkE4
curl: download ERROR 403
Parsing prospero-pdfb from https://prosperocozm-my.sharepoint.com/:b:/g/personal/itsupport_prospero_co_zm/EdoQ6gy0QfFBrIpVzIJkIs0BAh4iViV5r0my9lqVm_i0qQ?e=8yCkE4
dflat: input XML file does not exist
restored 0 files
--
Downloading prospero-pdf from https://prosperocozm-my.sharepoint.com/:b:/g/personal/itsupport_prospero_co_zm/EVcq3oCpPmpHmZ4nJ8ocaeMBPJekSigP6TL03o91GbuHQg?e=fj3t61
curl: download ERROR 403
Parsing prospero-pdf from https://prosperocozm-my.sharepoint.com/:b:/g/personal/itsupport_prospero_co_zm/EVcq3oCpPmpHmZ4nJ8ocaeMBPJekSigP6TL03o91GbuHQg?e=fj3t61
dflat: input XML file does not exist
restored 0 files
--
Parsing r2p-2810 from https://validator.iatistandard.org/validate/mhajphtu7wftj32u0cs
dflat: invalid XML format
restored 0 files
--
Downloading rainfoundation-a3 from https://data.rainfoundation.org/iati202/generator/202.iati.core.php
curl: download ERROR 404
Parsing rainfoundation-a3 from https://data.rainfoundation.org/iati202/generator/202.iati.core.php
dflat: input XML file does not exist
restored 0 files
--
Parsing rapid-asia from https://rapidasia.com
dflat: no activities or organisations found in XML file
restored 0 files
--
Downloading redeenkind-2 from https://www.sustento.nl/images/rek/IATI-activitiesoldPC.xml
curl: download ERROR 404
Parsing redeenkind-2 from https://www.sustento.nl/images/rek/IATI-activitiesoldPC.xml
dflat: input XML file does not exist
restored 9 files
--
Downloading redeenkind-3 from https://www.sustento.nl/images/rek/IATI-activities.xml
curl: download ERROR 404
Parsing redeenkind-3 from https://www.sustento.nl/images/rek/IATI-activities.xml
dflat: input XML file does not exist
restored 6 files
--
Downloading rfsl_forbundet-organisation-publisher from https://iatipublisher-prod.s3.amazonaws.com/organizationXmlFiles/RFSL_Forbundet-organisation.xml
curl: download ERROR 403
Parsing rfsl_forbundet-organisation-publisher from https://iatipublisher-prod.s3.amazonaws.com/organizationXmlFiles/RFSL_Forbundet-organisation.xml
dflat: input XML file does not exist
restored 1 files
--
Downloading rmi-231 from https://rmi.org/wp-content/themes/FAS-THEME/assets/iati/uk_pact_ethiopia_activity.xml
curl: download ERROR 404
Parsing rmi-231 from https://rmi.org/wp-content/themes/FAS-THEME/assets/iati/uk_pact_ethiopia_activity.xml
dflat: input XML file does not exist
restored 1 files
--
Downloading rmi-566 from https://rmi.org/wp-content/themes/FAS-THEME/assets/iati/uk_pact_nigeria_activity.xml
curl: download ERROR 404
Parsing rmi-566 from https://rmi.org/wp-content/themes/FAS-THEME/assets/iati/uk_pact_nigeria_activity.xml
dflat: input XML file does not exist
restored 1 files
--
Downloading rmi-org from https://rmi.org/wp-content/themes/FAS-THEME/assets/iati/rmi_org.xml
curl: download ERROR 404
Parsing rmi-org from https://rmi.org/wp-content/themes/FAS-THEME/assets/iati/rmi_org.xml
dflat: input XML file does not exist
restored 1 files
--
Downloading said-org from http://www.aidstream.org/files/xml/gb-chc-214779-activities.xml
curl: download ERROR 404
Parsing said-org from http://www.aidstream.org/files/xml/gb-chc-214779-activities.xml
dflat: input XML file does not exist
restored 1 files
--
Downloading savsign-org-201801 from http://iati.simavi.org/SAVSIGN/IATI-activities.xml
curl: download ERROR 404
Parsing savsign-org-201801 from http://iati.simavi.org/SAVSIGN/IATI-activities.xml
dflat: input XML file does not exist
restored 1 files
--
Downloading sci-myanmar from https://static-iati.savethechildren.org.uk/sci/activitiesMM.xml
curl: download ERROR 000
Parsing sci-myanmar from https://static-iati.savethechildren.org.uk/sci/activitiesMM.xml
dflat: input XML file does not exist
restored 1 files
--
Downloading sci-org from https://www.savethechildren.org.uk/sites/default/files/scuk/organisation.xml
curl: download ERROR 404
Parsing sci-org from https://www.savethechildren.org.uk/sites/default/files/scuk/organisation.xml
dflat: input XML file does not exist
restored 0 files
--
Downloading scottish_government-1213 from http://labs.data.scotland.gov.uk/iati/data/2012_2013_ScotGov_IATI.xml
curl: download ERROR 000
Parsing scottish_government-1213 from http://labs.data.scotland.gov.uk/iati/data/2012_2013_ScotGov_IATI.xml
dflat: input XML file does not exist
restored 0 files
--
Downloading scuk-archive from http://iati.savethechildren.org.uk/files/archive.xml
curl: download ERROR 403
Parsing scuk-archive from http://iati.savethechildren.org.uk/files/archive.xml
dflat: input XML file does not exist
restored 183 files
--
Downloading scuk-scukppa from http://iati.savethechildren.org.uk/Files/SCUKPPA.xml
curl: download ERROR 403
Parsing scuk-scukppa from http://iati.savethechildren.org.uk/Files/SCUKPPA.xml
dflat: input XML file does not exist
restored 1 files
--
Downloading sdcaid from https://www.sacreserve.africa/sdcaid.html
curl: download ERROR 000
Parsing sdcaid from https://www.sacreserve.africa/sdcaid.html
dflat: input XML file does not exist
restored 0 files
--
Downloading sdc_ch-022024 from https://www.eda.admin.ch/content/dam/deza/de/documents/aktivitaeten-projekte/IATI-XML-Activity-file-2024-Q2.xml
curl: download ERROR 403
Parsing sdc_ch-022024 from https://www.eda.admin.ch/content/dam/deza/de/documents/aktivitaeten-projekte/IATI-XML-Activity-file-2024-Q2.xml
dflat: input XML file does not exist
restored 1941 files
--
Downloading sdc_ch-040324 from https://www.eda.admin.ch/dam/deza/de/documents/aktivitaeten-projekte/20200304-iati-xml-activity-file-SDC-2019-Q4.xml
curl: download ERROR 403
Parsing sdc_ch-040324 from https://www.eda.admin.ch/dam/deza/de/documents/aktivitaeten-projekte/20200304-iati-xml-activity-file-SDC-2019-Q4.xml
dflat: input XML file does not exist
restored 3198 files
--
Downloading sdc_ch-042022 from https://www.eda.admin.ch/content/dam/deza/de/documents/aktivitaeten-projekte/20230425-IATI-XML-Activity-file-SDC-2022-Q4.xml
curl: download ERROR 403
Parsing sdc_ch-042022 from https://www.eda.admin.ch/content/dam/deza/de/documents/aktivitaeten-projekte/20230425-IATI-XML-Activity-file-SDC-2022-Q4.xml
dflat: input XML file does not exist
restored 5254 files
--
Downloading sdc_ch-042023 from https://www.eda.admin.ch/content/dam/deza/de/documents/aktivitaeten-projekte/IATI-XML-Activity-file-2023-Q4.xml
curl: download ERROR 403
Parsing sdc_ch-042023 from https://www.eda.admin.ch/content/dam/deza/de/documents/aktivitaeten-projekte/IATI-XML-Activity-file-2023-Q4.xml
dflat: input XML file does not exist
restored 4069 files
--
Downloading sdc_ch-042024 from https://www.eda.admin.ch/content/dam/deza/de/documents/aktivitaeten-projekte/IATI-XML-Activity-file-2024-Q4.xml
curl: download ERROR 403
Parsing sdc_ch-042024 from https://www.eda.admin.ch/content/dam/deza/de/documents/aktivitaeten-projekte/IATI-XML-Activity-file-2024-Q4.xml
dflat: input XML file does not exist
restored 3632 files
--
Downloading sdc_ch-140402 from https://www.eda.admin.ch/dam/deza/en/documents/aktivitaeten-projekte/140401-IATI-XML-Activity-file-SDC.xml
curl: download ERROR 403
Parsing sdc_ch-140402 from https://www.eda.admin.ch/dam/deza/en/documents/aktivitaeten-projekte/140401-IATI-XML-Activity-file-SDC.xml
dflat: input XML file does not exist
restored 2616 files
--
Downloading sdc_ch-150410 from https://www.eda.admin.ch/dam/deza/en/documents/aktivitaeten-projekte/150410_IATI-XML_Activity-file-SDC.xml
curl: download ERROR 403
Parsing sdc_ch-150410 from https://www.eda.admin.ch/dam/deza/en/documents/aktivitaeten-projekte/150410_IATI-XML_Activity-file-SDC.xml
dflat: input XML file does not exist
restored 2687 files
--
Downloading sdc_ch-161212 from https://www.eda.admin.ch/content/dam/deza/de/documents/aktivitaeten-projekte/161212_IATI-XML_activity-file-sdc.xml
curl: download ERROR 403
Parsing sdc_ch-161212 from https://www.eda.admin.ch/content/dam/deza/de/documents/aktivitaeten-projekte/161212_IATI-XML_activity-file-sdc.xml
dflat: input XML file does not exist
restored 3714 files
--
Downloading sdc_ch-170314 from https://www.eda.admin.ch/content/dam/deza/de/documents/aktivitaeten-projekte/170314_IATI-XML_activity-file-sdc_2016.xml
curl: download ERROR 403
Parsing sdc_ch-170314 from https://www.eda.admin.ch/content/dam/deza/de/documents/aktivitaeten-projekte/170314_IATI-XML_activity-file-sdc_2016.xml
dflat: input XML file does not exist
restored 3074 files
--
Downloading sdc_ch-181213 from https://www.eda.admin.ch/dam/deza/en/documents/aktivitaeten-projekte/181213-IATI-XML-Activity-file-2017_Q4.xml
curl: download ERROR 403
Parsing sdc_ch-181213 from https://www.eda.admin.ch/dam/deza/en/documents/aktivitaeten-projekte/181213-IATI-XML-Activity-file-2017_Q4.xml
dflat: input XML file does not exist
restored 3801 files
--
Downloading sdc_ch-190311 from https://www.eda.admin.ch/dam/deza/en/documents/aktivitaeten-projekte/IATI-XML-Activity-file-2018_Q4.xml
curl: download ERROR 403
Parsing sdc_ch-190311 from https://www.eda.admin.ch/dam/deza/en/documents/aktivitaeten-projekte/IATI-XML-Activity-file-2018_Q4.xml
dflat: input XML file does not exist
restored 3224 files
--
Downloading sdc_ch-210426 from https://www.eda.admin.ch/dam/deza/de/documents/aktivitaeten-projekte/20210426-iati-xml-activity-file-SDC-2020-Q4.xml
curl: download ERROR 403
Parsing sdc_ch-210426 from https://www.eda.admin.ch/dam/deza/de/documents/aktivitaeten-projekte/20210426-iati-xml-activity-file-SDC-2020-Q4.xml
dflat: input XML file does not exist
restored 3864 files
--
Downloading sdc_ch-220325 from https://www.eda.admin.ch/dam/deza/de/documents/aktivitaeten-projekte/20220325-iati-xml-activity-file-SDC-2021-Q4.xml
curl: download ERROR 403
Parsing sdc_ch-220325 from https://www.eda.admin.ch/dam/deza/de/documents/aktivitaeten-projekte/20220325-iati-xml-activity-file-SDC-2021-Q4.xml
dflat: input XML file does not exist
restored 4323 files
--
Downloading sdc_ch-org_250422 from https://www.eda.admin.ch/content/dam/deza/de/documents/aktivitaeten-projekte/250422-IATI-XML-Organisation-file-SDC.xml
curl: download ERROR 403
Parsing sdc_ch-org_250422 from https://www.eda.admin.ch/content/dam/deza/de/documents/aktivitaeten-projekte/250422-IATI-XML-Organisation-file-SDC.xml
dflat: input XML file does not exist
restored 1 files
--
Downloading seefar-ma from https://seefar.org/iati/Seefar_Information_Campaign_Morocco.xml
curl: download ERROR 403
Parsing seefar-ma from https://seefar.org/iati/Seefar_Information_Campaign_Morocco.xml
dflat: input XML file does not exist
restored 0 files
--
Downloading sendacow-rw from https://aidstream.s3.us-west-2.amazonaws.com/xml/sendacow-rw.xml
curl: download ERROR 403
Parsing sendacow-rw from https://aidstream.s3.us-west-2.amazonaws.com/xml/sendacow-rw.xml
dflat: input XML file does not exist
restored 2 files
--
Parsing sfa_foundation-sriafcdo2025 from https://scienceforafrica.foundation/
dflat: invalid XML format
restored 0 files
--
Downloading sgal-organisation-01 from https://1drv.ms/u/c/52e1def01ad02247/EUrRLg2_nJJAi7qmUgmfEv8By64PISDj4IE2jpoFEGmbHA?e=zkZcCw
curl: download ERROR 403
Parsing sgal-organisation-01 from https://1drv.ms/u/c/52e1def01ad02247/EUrRLg2_nJJAi7qmUgmfEv8By64PISDj4IE2jpoFEGmbHA?e=zkZcCw
dflat: input XML file does not exist
restored 0 files
--
Downloading shtrii_shakti-gec from https://www.vsointernational.org/sites/default/files/shtrii_gec.xml
curl: download ERROR 404
Parsing shtrii_shakti-gec from https://www.vsointernational.org/sites/default/files/shtrii_gec.xml
dflat: input XML file does not exist
restored 0 files
--
Downloading simone_sympany-ang140010 from http://www.aidstream.org/files/xml/simone_sympany-activities.xml
curl: download ERROR 404
Parsing simone_sympany-ang140010 from http://www.aidstream.org/files/xml/simone_sympany-activities.xml
dflat: input XML file does not exist
restored 1 files
--
Downloading slf-org from https://rsr.akvo.org/organisation/6018/iati-org/
curl: download ERROR 429
Parsing slf-org from https://rsr.akvo.org/organisation/6018/iati-org/
dflat: input XML file does not exist
restored 1 files
--
Parsing slovakaid-69_1_ac from http://www.slovakdev.sk/xml/iati-activity-sk.xml
dflat: invalid XML format
restored 3713 files
--
Downloading snv-org from https://rsr.akvo.org/organisation/3210/iati-org/
curl: download ERROR 429
Parsing snv-org from https://rsr.akvo.org/organisation/3210/iati-org/
dflat: input XML file does not exist
restored 1 files
--
Downloading snv-world from https://rsr.akvo.org/organisation/3210/iati/
curl: download ERROR 429
Parsing snv-world from https://rsr.akvo.org/organisation/3210/iati/
dflat: input XML file does not exist
restored 78 files
--
Parsing solidaridad-europe-activity from https://drive.google.com/uc?export=download&confirm=t&id=1ltyzlRKdfW1uAhvM7qeUeawICUF2znRk
dflat: invalid XML format
restored 45 files
--
Parsing solidaridad-europe-org from https://sites.google.com/a/solidaridadnetwork.org/iati-publications/iati-datasets/europe/Solidaridad-Europe-org.xml
dflat: invalid XML format
restored 1 files
--
Parsing solidaridad-ssea-org from https://sites.google.com/a/solidaridadnetwork.org/iati-publications/iati-datasets/south-south-east-asia/Solidaridad-South-and-South-East-Asia.xml
dflat: invalid XML format
restored 1 files
--
Parsing solidaridad-waf-activity from https://drive.google.com/uc?export=download&confirm=t&id=1aGPpUBYh6NvSmC-3j1S-4QcQfsEIJNy7
dflat: invalid XML format
restored 17 files
--
Parsing solidaridad-waf-org from https://sites.google.com/a/solidaridadnetwork.org/iati-publications/iati-datasets/west-africa/Solidaridad-West-Africa.xml
dflat: invalid XML format
restored 1 files
--
Downloading somo-org from https://iati.online/IATI_NL-KVK-41223308-organisation.xml
curl: download ERROR 404
Parsing somo-org from https://iati.online/IATI_NL-KVK-41223308-organisation.xml
dflat: input XML file does not exist
restored 1 files
--
Downloading soneb-benin-act from https://rsr.akvo.org/organisation/4133/iati/
curl: download ERROR 429
Parsing soneb-benin-act from https://rsr.akvo.org/organisation/4133/iati/
dflat: input XML file does not exist
restored 2 files
--
Downloading soneb-benin-org from https://rsr.akvo.org/organisation/4133/iati-org/
curl: download ERROR 429
Parsing soneb-benin-org from https://rsr.akvo.org/organisation/4133/iati-org/
dflat: input XML file does not exist
restored 1 files
--
Parsing s_p from https://dial.global/
dflat: invalid XML format
restored 0 files
--
Parsing start-network-gb-chc-1159483 from https://github.com/Startnetwork/IATI-SBK-MEAL-/blob/main/SBK-MEALHH2024.xml
dflat: invalid XML format
restored 0 files
--
Downloading stichting_hivos-hivos-historical from https://hivos.org/hivos-historical.xml
curl: download ERROR 404
Parsing stichting_hivos-hivos-historical from https://hivos.org/hivos-historical.xml
dflat: input XML file does not exist
restored 17 files
--
Parsing sv-nit-9498-180400-101-7-som-fcd-sep from https://iati.nimd.org/Other%20IATI%20projects/NIMD%20SOM%20FCD%20SEP/
dflat: invalid XML format
restored 0 files
--
Parsing thenab-ebe from https://www.nabimpactinvesting.nl/post/2023-nab-impact-report
dflat: invalid XML format
restored 0 files
--
Downloading the_nature_conservancy-orgfile from https://tnc.box.com/s/0wnco4m2ragwg4smo8wluu5przsdmzaz
curl: download ERROR 404
Parsing the_nature_conservancy-orgfile from https://tnc.box.com/s/0wnco4m2ragwg4smo8wluu5przsdmzaz
dflat: input XML file does not exist
restored 0 files
--
Parsing the_nature_conservancy-website from https://www.nature.org/en-us/
dflat: invalid XML format
restored 0 files
--
Downloading tib-pacta-june-2025-iati from https://www.ti-bangladesh.org/images/assets/1754294564_TIB-PACTA-Project-Updated-as-of-30-June_2025.xml
curl: download ERROR 404
Parsing tib-pacta-june-2025-iati from https://www.ti-bangladesh.org/images/assets/1754294564_TIB-PACTA-Project-Updated-as-of-30-June_2025.xml
dflat: input XML file does not exist
restored 1 files
--
Downloading tib-pacta-march-2025-iati from https://www.ti-bangladesh.org/images/assets/1752636322_TIB-PACTA-Project-Updated-as-of-31-March_2025.xml
curl: download ERROR 404
Parsing tib-pacta-march-2025-iati from https://www.ti-bangladesh.org/images/assets/1752636322_TIB-PACTA-Project-Updated-as-of-31-March_2025.xml
dflat: input XML file does not exist
restored 1 files
--
Downloading toviklin-org1 from https://rsr.akvo.org/organisation/4649/iati-org/
curl: download ERROR 429
Parsing toviklin-org1 from https://rsr.akvo.org/organisation/4649/iati-org/
dflat: input XML file does not exist
restored 1 files
--
Downloading traidcraft-998 from https://www.aidstream.org/files/xml/traidcraft-998.xml
curl: download ERROR 404
Parsing traidcraft-998 from https://www.aidstream.org/files/xml/traidcraft-998.xml
dflat: input XML file does not exist
restored 1 files
--
Parsing traide_foundation-ugushora from https://traide.org/
dflat: invalid XML format
restored 0 files
--
Parsing transforma-financialtemplatereportq0 from https://drive.google.com/file/d/1ywjtVfIbE-6elDRPD2_BSeBllHukfLi_/view?usp=share_link
dflat: invalid XML format
restored 0 files
--
Parsing transforma-financialtemplatereportq1 from https://drive.google.com/file/d/18H7uwwPsKIcF4Z7uN4bZRIFSMEVwCjjT/view?usp=share_link
dflat: invalid XML format
restored 0 files
--
Parsing transforma-financialtemplatereportq2 from https://drive.google.com/file/d/18N47H_i-7KMKATQsNGYztz_q5MP3uoQF/view?usp=share_link
dflat: invalid XML format
restored 0 files
--
Downloading tripleline_crownagents-gpaf from http://www.tripleline.com/wp-content/uploads/GPAF%20Disburse.%202013%20Onwards%2012.03.2015.xml
curl: download ERROR 404
Parsing tripleline_crownagents-gpaf from http://www.tripleline.com/wp-content/uploads/GPAF%20Disburse.%202013%20Onwards%2012.03.2015.xml
dflat: input XML file does not exist
restored 0 files
--
Parsing troc-org from https://www.dataworkbench.io/publisher/troc/troc-org.xml
dflat: invalid XML format
restored 1 files
--
Parsing trustdeed from https://www.nctindia.org/registration-documents/
dflat: invalid XML format
restored 0 files
--
Downloading twnafrica-org from https://rsr.akvo.org/organisation/6305/iati-org/
curl: download ERROR 429
Parsing twnafrica-org from https://rsr.akvo.org/organisation/6305/iati-org/
dflat: input XML file does not exist
restored 1 files
--
Downloading uasd-77 from http://www.roaid.ro/uploads/documents/66/iati-export%20Romania%202015_final.xml
curl: download ERROR 403
Parsing uasd-77 from http://www.roaid.ro/uploads/documents/66/iati-export%20Romania%202015_final.xml
dflat: input XML file does not exist
restored 0 files
--
Downloading uasd-dataset from http://roaid.ro/uploads/Romania_Activity_File_2015_1.xml
curl: download ERROR 403
Parsing uasd-dataset from http://roaid.ro/uploads/Romania_Activity_File_2015_1.xml
dflat: input XML file does not exist
restored 0 files
--
Downloading uasd-org from http://www.roaid.ro/uploads/documents/145/iati-export%202014-2016.xml
curl: download ERROR 403
Parsing uasd-org from http://www.roaid.ro/uploads/documents/145/iati-export%202014-2016.xml
dflat: input XML file does not exist
restored 0 files
--
Downloading ufg_brasil from http://cnpj.info/01567601000143
curl: download ERROR 503
Parsing ufg_brasil from http://cnpj.info/01567601000143
dflat: input XML file does not exist
restored 0 files
--
Downloading ugorid-org-233 from https://figshare.com/articles/dataset/FCDO_GHANA_seroprevance_summarySheet_v2_xml/23546595
curl: download ERROR 403
Parsing ugorid-org-233 from https://figshare.com/articles/dataset/FCDO_GHANA_seroprevance_summarySheet_v2_xml/23546595
dflat: input XML file does not exist
restored 0 files
--
Downloading ugorid-org-233_waccbipseroprev_fcd0 from https://figshare.com/articles/dataset/FCDO_GHANA_seroprevance_summarySheet_v2_xml/23546595
curl: download ERROR 403
Parsing ugorid-org-233_waccbipseroprev_fcd0 from https://figshare.com/articles/dataset/FCDO_GHANA_seroprevance_summarySheet_v2_xml/23546595
dflat: input XML file does not exist
restored 0 files
--
Downloading ukgcc-2023 from https://ukgcc.com.gh/wp-content/uploads/2023_reports/Project_Income_Statement_1.xml
curl: download ERROR 404
Parsing ukgcc-2023 from https://ukgcc.com.gh/wp-content/uploads/2023_reports/Project_Income_Statement_1.xml
dflat: input XML file does not exist
restored 0 files
--
Downloading umati-org from http://iati.simavi.org/UMATI/IATI-activities.xml
curl: download ERROR 404
Parsing umati-org from http://iati.simavi.org/UMATI/IATI-activities.xml
dflat: input XML file does not exist
restored 1 files
--
Downloading un-environment-organisation from https://open.unep.org/iati/downloads/un-environment-organisation.xml
curl: download ERROR 403
Parsing un-environment-organisation from https://open.unep.org/iati/downloads/un-environment-organisation.xml
dflat: input XML file does not exist
restored 1 files
--
Downloading un-environment-xm-dac-41116-p-002 from https://open.unep.org/iati/downloads/unenvironment-activities-p-002.xml
curl: download ERROR 403
Parsing un-environment-xm-dac-41116-p-002 from https://open.unep.org/iati/downloads/unenvironment-activities-p-002.xml
dflat: input XML file does not exist
restored 8 files
--
Downloading un-environment-xm-dac-41116-p-003 from https://open.unep.org/iati/downloads/unenvironment-activities-p-003.xml
curl: download ERROR 403
Parsing un-environment-xm-dac-41116-p-003 from https://open.unep.org/iati/downloads/unenvironment-activities-p-003.xml
dflat: input XML file does not exist
restored 5 files
--
Downloading un-environment-xm-dac-41116-p-004 from https://open.unep.org/iati/downloads/unenvironment-activities-p-004.xml
curl: download ERROR 403
Parsing un-environment-xm-dac-41116-p-004 from https://open.unep.org/iati/downloads/unenvironment-activities-p-004.xml
dflat: input XML file does not exist
restored 8 files
--
Downloading un-environment-xm-dac-41116-p-005 from https://open.unep.org/iati/downloads/unenvironment-activities-p-005.xml
curl: download ERROR 403
Parsing un-environment-xm-dac-41116-p-005 from https://open.unep.org/iati/downloads/unenvironment-activities-p-005.xml
dflat: input XML file does not exist
restored 9 files
--
Downloading un-environment-xm-dac-41116-p-006 from https://open.unep.org/iati/downloads/unenvironment-activities-p-006.xml
curl: download ERROR 403
Parsing un-environment-xm-dac-41116-p-006 from https://open.unep.org/iati/downloads/unenvironment-activities-p-006.xml
dflat: input XML file does not exist
restored 8 files
--
Downloading un-environment-xm-dac-41116-p-007 from https://open.unep.org/iati/downloads/unenvironment-activities-p-007.xml
curl: download ERROR 403
Parsing un-environment-xm-dac-41116-p-007 from https://open.unep.org/iati/downloads/unenvironment-activities-p-007.xml
dflat: input XML file does not exist
restored 10 files
--
Downloading un-environment-xm-dac-41116-p-009 from https://open.unep.org/iati/downloads/unenvironment-activities-p-009.xml
curl: download ERROR 403
Parsing un-environment-xm-dac-41116-p-009 from https://open.unep.org/iati/downloads/unenvironment-activities-p-009.xml
dflat: input XML file does not exist
restored 6 files
--
Downloading un-environment-xm-dac-41116-p-010 from https://open.unep.org/iati/downloads/unenvironment-activities-p-010.xml
curl: download ERROR 403
Parsing un-environment-xm-dac-41116-p-010 from https://open.unep.org/iati/downloads/unenvironment-activities-p-010.xml
dflat: input XML file does not exist
restored 2 files
--
Downloading un-environment-xm-dac-41116-p-011 from https://open.unep.org/iati/downloads/unenvironment-activities-p-011.xml
curl: download ERROR 403
Parsing un-environment-xm-dac-41116-p-011 from https://open.unep.org/iati/downloads/unenvironment-activities-p-011.xml
dflat: input XML file does not exist
restored 7 files
--
Downloading un-environment-xm-dac-41116-p-012 from https://open.unep.org/iati/downloads/unenvironment-activities-p-012.xml
curl: download ERROR 403
Parsing un-environment-xm-dac-41116-p-012 from https://open.unep.org/iati/downloads/unenvironment-activities-p-012.xml
dflat: input XML file does not exist
restored 0 files
--
Downloading un-environment-xm-dac-41116 from http://open.unep.org/iati/downloads/unenvironment-open-data.xml
curl: download ERROR 403
Parsing un-environment-xm-dac-41116 from http://open.unep.org/iati/downloads/unenvironment-open-data.xml
dflat: input XML file does not exist
restored 13 files
--
Downloading unesco-org from https://opendata.unesco.org/iati/iati-organisation203.xml
curl: download ERROR 403
Parsing unesco-org from https://opendata.unesco.org/iati/iati-organisation203.xml
dflat: input XML file does not exist
restored 2479 files
--
Downloading unfpa-af from http://open.unfpa.org/IATI/release/UNFPA_AF.xml
curl: download ERROR 404
Parsing unfpa-af from http://open.unfpa.org/IATI/release/UNFPA_AF.xml
dflat: input XML file does not exist
restored 0 files
--
Downloading unfpa-al from http://open.unfpa.org/IATI/release/UNFPA_AL.xml
curl: download ERROR 404
Parsing unfpa-al from http://open.unfpa.org/IATI/release/UNFPA_AL.xml
dflat: input XML file does not exist
restored 0 files
--
Downloading unfpa-am from http://open.unfpa.org/IATI/release/UNFPA_AM.xml
curl: download ERROR 404
Parsing unfpa-am from http://open.unfpa.org/IATI/release/UNFPA_AM.xml
dflat: input XML file does not exist
restored 0 files
--
Downloading unfpa-ao from http://open.unfpa.org/IATI/release/UNFPA_AO.xml
curl: download ERROR 404
Parsing unfpa-ao from http://open.unfpa.org/IATI/release/UNFPA_AO.xml
dflat: input XML file does not exist
restored 0 files
--
Downloading unfpa-ar from http://open.unfpa.org/IATI/release/UNFPA_AR.xml
curl: download ERROR 404
Parsing unfpa-ar from http://open.unfpa.org/IATI/release/UNFPA_AR.xml
dflat: input XML file does not exist
restored 0 files
--
Downloading unfpa-az from http://open.unfpa.org/IATI/release/UNFPA_AZ.xml
curl: download ERROR 404
Parsing unfpa-az from http://open.unfpa.org/IATI/release/UNFPA_AZ.xml
dflat: input XML file does not exist
restored 0 files
--
Downloading unfpa-ba from http://open.unfpa.org/IATI/release/UNFPA_BA.xml
curl: download ERROR 404
Parsing unfpa-ba from http://open.unfpa.org/IATI/release/UNFPA_BA.xml
dflat: input XML file does not exist
restored 0 files
--
Downloading unfpa-bd from http://open.unfpa.org/IATI/release/UNFPA_BD.xml
curl: download ERROR 404
Parsing unfpa-bd from http://open.unfpa.org/IATI/release/UNFPA_BD.xml
dflat: input XML file does not exist
restored 0 files
--
Downloading unfpa-bf from http://open.unfpa.org/IATI/release/UNFPA_BF.xml
curl: download ERROR 404
Parsing unfpa-bf from http://open.unfpa.org/IATI/release/UNFPA_BF.xml
dflat: input XML file does not exist
restored 0 files
--
Downloading unfpa-bi from http://open.unfpa.org/IATI/release/UNFPA_BI.xml
curl: download ERROR 404
Parsing unfpa-bi from http://open.unfpa.org/IATI/release/UNFPA_BI.xml
dflat: input XML file does not exist
restored 0 files
--
Downloading unfpa-bj from http://open.unfpa.org/IATI/release/UNFPA_BJ.xml
curl: download ERROR 404
Parsing unfpa-bj from http://open.unfpa.org/IATI/release/UNFPA_BJ.xml
dflat: input XML file does not exist
restored 0 files
--
Downloading unfpa-bo from http://open.unfpa.org/IATI/release/UNFPA_BO.xml
curl: download ERROR 404
Parsing unfpa-bo from http://open.unfpa.org/IATI/release/UNFPA_BO.xml
dflat: input XML file does not exist
restored 0 files
--
Downloading unfpa-br from http://open.unfpa.org/IATI/release/UNFPA_BR.xml
curl: download ERROR 404
Parsing unfpa-br from http://open.unfpa.org/IATI/release/UNFPA_BR.xml
dflat: input XML file does not exist
restored 0 files
--
Downloading unfpa-bt from http://open.unfpa.org/IATI/release/UNFPA_BT.xml
curl: download ERROR 404
Parsing unfpa-bt from http://open.unfpa.org/IATI/release/UNFPA_BT.xml
dflat: input XML file does not exist
restored 0 files
--
Downloading unfpa-bw from http://open.unfpa.org/IATI/release/UNFPA_BW.xml
curl: download ERROR 404
Parsing unfpa-bw from http://open.unfpa.org/IATI/release/UNFPA_BW.xml
dflat: input XML file does not exist
restored 0 files
--
Downloading unfpa-by from http://open.unfpa.org/IATI/release/UNFPA_BY.xml
curl: download ERROR 404
Parsing unfpa-by from http://open.unfpa.org/IATI/release/UNFPA_BY.xml
dflat: input XML file does not exist
restored 0 files
--
Downloading unfpa-cd from http://open.unfpa.org/IATI/release/UNFPA_CD.xml
curl: download ERROR 404
Parsing unfpa-cd from http://open.unfpa.org/IATI/release/UNFPA_CD.xml
dflat: input XML file does not exist
restored 0 files
--
Downloading unfpa-cf from http://open.unfpa.org/IATI/release/UNFPA_CF.xml
curl: download ERROR 404
Parsing unfpa-cf from http://open.unfpa.org/IATI/release/UNFPA_CF.xml
dflat: input XML file does not exist
restored 0 files
--
Downloading unfpa-cg from http://open.unfpa.org/IATI/release/UNFPA_CG.xml
curl: download ERROR 404
Parsing unfpa-cg from http://open.unfpa.org/IATI/release/UNFPA_CG.xml
dflat: input XML file does not exist
restored 0 files
--
Downloading unfpa-ci from http://open.unfpa.org/IATI/release/UNFPA_CI.xml
curl: download ERROR 404
Parsing unfpa-ci from http://open.unfpa.org/IATI/release/UNFPA_CI.xml
dflat: input XML file does not exist
restored 0 files
--
Downloading unfpa-cl from http://open.unfpa.org/IATI/release/UNFPA_CL.xml
curl: download ERROR 404
Parsing unfpa-cl from http://open.unfpa.org/IATI/release/UNFPA_CL.xml
dflat: input XML file does not exist
restored 0 files
--
Downloading unfpa-cm from http://open.unfpa.org/IATI/release/UNFPA_CM.xml
curl: download ERROR 404
Parsing unfpa-cm from http://open.unfpa.org/IATI/release/UNFPA_CM.xml
dflat: input XML file does not exist
restored 0 files
--
Downloading unfpa-cn from http://open.unfpa.org/IATI/release/UNFPA_CN.xml
curl: download ERROR 404
Parsing unfpa-cn from http://open.unfpa.org/IATI/release/UNFPA_CN.xml
dflat: input XML file does not exist
restored 0 files
--
Downloading unfpa-core from http://open.unfpa.org/IATI/release/UNFPA_CORE_PROGRAMME.xml
curl: download ERROR 404
Parsing unfpa-core from http://open.unfpa.org/IATI/release/UNFPA_CORE_PROGRAMME.xml
dflat: input XML file does not exist
restored 0 files
--
Downloading unfpa-co from http://open.unfpa.org/IATI/release/UNFPA_CO.xml
curl: download ERROR 404
Parsing unfpa-co from http://open.unfpa.org/IATI/release/UNFPA_CO.xml
dflat: input XML file does not exist
restored 0 files
--
Downloading unfpa-cr from http://open.unfpa.org/IATI/release/UNFPA_CR.xml
curl: download ERROR 404
Parsing unfpa-cr from http://open.unfpa.org/IATI/release/UNFPA_CR.xml
dflat: input XML file does not exist
restored 0 files
--
Downloading unfpa-cu from http://open.unfpa.org/IATI/release/UNFPA_CU.xml
curl: download ERROR 404
Parsing unfpa-cu from http://open.unfpa.org/IATI/release/UNFPA_CU.xml
dflat: input XML file does not exist
restored 0 files
--
Downloading unfpa-cv from http://open.unfpa.org/IATI/release/UNFPA_CV.xml
curl: download ERROR 404
Parsing unfpa-cv from http://open.unfpa.org/IATI/release/UNFPA_CV.xml
dflat: input XML file does not exist
restored 0 files
--
Downloading unfpa-dj from http://open.unfpa.org/IATI/release/UNFPA_DJ.xml
curl: download ERROR 404
Parsing unfpa-dj from http://open.unfpa.org/IATI/release/UNFPA_DJ.xml
dflat: input XML file does not exist
restored 0 files
--
Downloading unfpa-do from http://open.unfpa.org/IATI/release/UNFPA_DO.xml
curl: download ERROR 404
Parsing unfpa-do from http://open.unfpa.org/IATI/release/UNFPA_DO.xml
dflat: input XML file does not exist
restored 0 files
--
Downloading unfpa-dz from http://open.unfpa.org/IATI/release/UNFPA_DZ.xml
curl: download ERROR 404
Parsing unfpa-dz from http://open.unfpa.org/IATI/release/UNFPA_DZ.xml
dflat: input XML file does not exist
restored 0 files
--
Downloading unfpa-ec from http://open.unfpa.org/IATI/release/UNFPA_EC.xml
curl: download ERROR 404
Parsing unfpa-ec from http://open.unfpa.org/IATI/release/UNFPA_EC.xml
dflat: input XML file does not exist
restored 0 files
--
Downloading unfpa-eg from http://open.unfpa.org/IATI/release/UNFPA_EG.xml
curl: download ERROR 404
Parsing unfpa-eg from http://open.unfpa.org/IATI/release/UNFPA_EG.xml
dflat: input XML file does not exist
restored 0 files
--
Downloading unfpa-er from http://open.unfpa.org/IATI/release/UNFPA_ER.xml
curl: download ERROR 404
Parsing unfpa-er from http://open.unfpa.org/IATI/release/UNFPA_ER.xml
dflat: input XML file does not exist
restored 0 files
--
Downloading unfpa-et from http://open.unfpa.org/IATI/release/UNFPA_ET.xml
curl: download ERROR 404
Parsing unfpa-et from http://open.unfpa.org/IATI/release/UNFPA_ET.xml
dflat: input XML file does not exist
restored 0 files
--
Downloading unfpa-ga from http://open.unfpa.org/IATI/release/UNFPA_GA.xml
curl: download ERROR 404
Parsing unfpa-ga from http://open.unfpa.org/IATI/release/UNFPA_GA.xml
dflat: input XML file does not exist
restored 0 files
--
Downloading unfpa-ge from http://open.unfpa.org/IATI/release/UNFPA_GE.xml
curl: download ERROR 404
Parsing unfpa-ge from http://open.unfpa.org/IATI/release/UNFPA_GE.xml
dflat: input XML file does not exist
restored 0 files
--
Downloading unfpa-gh from http://open.unfpa.org/IATI/release/UNFPA_GH.xml
curl: download ERROR 404
Parsing unfpa-gh from http://open.unfpa.org/IATI/release/UNFPA_GH.xml
dflat: input XML file does not exist
restored 0 files
--
Downloading unfpa-glbl from http://open.unfpa.org/IATI/release/UNFPA_GLOBAL.xml
curl: download ERROR 404
Parsing unfpa-glbl from http://open.unfpa.org/IATI/release/UNFPA_GLOBAL.xml
dflat: input XML file does not exist
restored 0 files
--
Downloading unfpa-gm from http://open.unfpa.org/IATI/release/UNFPA_GM.xml
curl: download ERROR 404
Parsing unfpa-gm from http://open.unfpa.org/IATI/release/UNFPA_GM.xml
dflat: input XML file does not exist
restored 0 files
--
Downloading unfpa-gn from http://open.unfpa.org/IATI/release/UNFPA_GN.xml
curl: download ERROR 404
Parsing unfpa-gn from http://open.unfpa.org/IATI/release/UNFPA_GN.xml
dflat: input XML file does not exist
restored 0 files
--
Downloading unfpa-gq from http://open.unfpa.org/IATI/release/UNFPA_GQ.xml
curl: download ERROR 404
Parsing unfpa-gq from http://open.unfpa.org/IATI/release/UNFPA_GQ.xml
dflat: input XML file does not exist
restored 0 files
--
Downloading unfpa-gt from http://open.unfpa.org/IATI/release/UNFPA_GT.xml
curl: download ERROR 404
Parsing unfpa-gt from http://open.unfpa.org/IATI/release/UNFPA_GT.xml
dflat: input XML file does not exist
restored 0 files
--
Downloading unfpa-gw from http://open.unfpa.org/IATI/release/UNFPA_GW.xml
curl: download ERROR 404
Parsing unfpa-gw from http://open.unfpa.org/IATI/release/UNFPA_GW.xml
dflat: input XML file does not exist
restored 0 files
--
Downloading unfpa-hn from http://open.unfpa.org/IATI/release/UNFPA_HN.xml
curl: download ERROR 404
Parsing unfpa-hn from http://open.unfpa.org/IATI/release/UNFPA_HN.xml
dflat: input XML file does not exist
restored 0 files
--
Downloading unfpa-ht from http://open.unfpa.org/IATI/release/UNFPA_HT.xml
curl: download ERROR 404
Parsing unfpa-ht from http://open.unfpa.org/IATI/release/UNFPA_HT.xml
dflat: input XML file does not exist
restored 0 files
--
Downloading unfpa-id from http://open.unfpa.org/IATI/release/UNFPA_ID.xml
curl: download ERROR 404
Parsing unfpa-id from http://open.unfpa.org/IATI/release/UNFPA_ID.xml
dflat: input XML file does not exist
restored 0 files
--
Downloading unfpa-in from http://open.unfpa.org/IATI/release/UNFPA_IN.xml
curl: download ERROR 404
Parsing unfpa-in from http://open.unfpa.org/IATI/release/UNFPA_IN.xml
dflat: input XML file does not exist
restored 0 files
--
Downloading unfpa-iq from http://open.unfpa.org/IATI/release/UNFPA_IQ.xml
curl: download ERROR 404
Parsing unfpa-iq from http://open.unfpa.org/IATI/release/UNFPA_IQ.xml
dflat: input XML file does not exist
restored 0 files
--
Downloading unfpa-ir from http://open.unfpa.org/IATI/release/UNFPA_IR.xml
curl: download ERROR 404
Parsing unfpa-ir from http://open.unfpa.org/IATI/release/UNFPA_IR.xml
dflat: input XML file does not exist
restored 0 files
--
Downloading unfpa-jo from http://open.unfpa.org/IATI/release/UNFPA_JO.xml
curl: download ERROR 404
Parsing unfpa-jo from http://open.unfpa.org/IATI/release/UNFPA_JO.xml
dflat: input XML file does not exist
restored 0 files
--
Downloading unfpa-ke from http://open.unfpa.org/IATI/release/UNFPA_KE.xml
curl: download ERROR 404
Parsing unfpa-ke from http://open.unfpa.org/IATI/release/UNFPA_KE.xml
dflat: input XML file does not exist
restored 0 files
--
Downloading unfpa-kg from http://open.unfpa.org/IATI/release/UNFPA_KG.xml
curl: download ERROR 404
Parsing unfpa-kg from http://open.unfpa.org/IATI/release/UNFPA_KG.xml
dflat: input XML file does not exist
restored 0 files
--
Downloading unfpa-kh from http://open.unfpa.org/IATI/release/UNFPA_KH.xml
curl: download ERROR 404
Parsing unfpa-kh from http://open.unfpa.org/IATI/release/UNFPA_KH.xml
dflat: input XML file does not exist
restored 0 files
--
Downloading unfpa-km from http://open.unfpa.org/IATI/release/UNFPA_KM.xml
curl: download ERROR 404
Parsing unfpa-km from http://open.unfpa.org/IATI/release/UNFPA_KM.xml
dflat: input XML file does not exist
restored 0 files
--
Downloading unfpa-kp from http://open.unfpa.org/IATI/release/UNFPA_KP.xml
curl: download ERROR 404
Parsing unfpa-kp from http://open.unfpa.org/IATI/release/UNFPA_KP.xml
dflat: input XML file does not exist
restored 0 files
--
Downloading unfpa-kz from http://open.unfpa.org/IATI/release/UNFPA_KZ.xml
curl: download ERROR 404
Parsing unfpa-kz from http://open.unfpa.org/IATI/release/UNFPA_KZ.xml
dflat: input XML file does not exist
restored 0 files
--
Downloading unfpa-la from http://open.unfpa.org/IATI/release/UNFPA_LA.xml
curl: download ERROR 404
Parsing unfpa-la from http://open.unfpa.org/IATI/release/UNFPA_LA.xml
dflat: input XML file does not exist
restored 0 files
--
Downloading unfpa-lb from http://open.unfpa.org/IATI/release/UNFPA_LB.xml
curl: download ERROR 404
Parsing unfpa-lb from http://open.unfpa.org/IATI/release/UNFPA_LB.xml
dflat: input XML file does not exist
restored 0 files
--
Downloading unfpa-lk from http://open.unfpa.org/IATI/release/UNFPA_LK.xml
curl: download ERROR 404
Parsing unfpa-lk from http://open.unfpa.org/IATI/release/UNFPA_LK.xml
dflat: input XML file does not exist
restored 0 files
--
Downloading unfpa-lr from http://open.unfpa.org/IATI/release/UNFPA_LR.xml
curl: download ERROR 404
Parsing unfpa-lr from http://open.unfpa.org/IATI/release/UNFPA_LR.xml
dflat: input XML file does not exist
restored 0 files
--
Downloading unfpa-ls from http://open.unfpa.org/IATI/release/UNFPA_LS.xml
curl: download ERROR 404
Parsing unfpa-ls from http://open.unfpa.org/IATI/release/UNFPA_LS.xml
dflat: input XML file does not exist
restored 0 files
--
Downloading unfpa-ly from http://open.unfpa.org/IATI/release/UNFPA_LY.xml
curl: download ERROR 404
Parsing unfpa-ly from http://open.unfpa.org/IATI/release/UNFPA_LY.xml
dflat: input XML file does not exist
restored 0 files
--
Downloading unfpa-ma from http://open.unfpa.org/IATI/release/UNFPA_MA.xml
curl: download ERROR 404
Parsing unfpa-ma from http://open.unfpa.org/IATI/release/UNFPA_MA.xml
dflat: input XML file does not exist
restored 0 files
--
Downloading unfpa-md from http://open.unfpa.org/IATI/release/UNFPA_MD.xml
curl: download ERROR 404
Parsing unfpa-md from http://open.unfpa.org/IATI/release/UNFPA_MD.xml
dflat: input XML file does not exist
restored 0 files
--
Downloading unfpa-mg from http://open.unfpa.org/IATI/release/UNFPA_MG.xml
curl: download ERROR 404
Parsing unfpa-mg from http://open.unfpa.org/IATI/release/UNFPA_MG.xml
dflat: input XML file does not exist
restored 0 files
--
Downloading unfpa-mk from http://open.unfpa.org/IATI/release/UNFPA_MK.xml
curl: download ERROR 404
Parsing unfpa-mk from http://open.unfpa.org/IATI/release/UNFPA_MK.xml
dflat: input XML file does not exist
restored 0 files
--
Downloading unfpa-ml from http://open.unfpa.org/IATI/release/UNFPA_ML.xml
curl: download ERROR 404
Parsing unfpa-ml from http://open.unfpa.org/IATI/release/UNFPA_ML.xml
dflat: input XML file does not exist
restored 0 files
--
Downloading unfpa-mm from http://open.unfpa.org/IATI/release/UNFPA_MM.xml
curl: download ERROR 404
Parsing unfpa-mm from http://open.unfpa.org/IATI/release/UNFPA_MM.xml
dflat: input XML file does not exist
restored 0 files
--
Downloading unfpa-mn from http://open.unfpa.org/IATI/release/UNFPA_MN.xml
curl: download ERROR 404
Parsing unfpa-mn from http://open.unfpa.org/IATI/release/UNFPA_MN.xml
dflat: input XML file does not exist
restored 0 files
--
Downloading unfpa-mr from http://open.unfpa.org/IATI/release/UNFPA_MR.xml
curl: download ERROR 404
Parsing unfpa-mr from http://open.unfpa.org/IATI/release/UNFPA_MR.xml
dflat: input XML file does not exist
restored 0 files
--
Downloading unfpa-mu from https://open.unfpa.org/IATI/release/UNFPA_MU.xml
curl: download ERROR 404
Parsing unfpa-mu from https://open.unfpa.org/IATI/release/UNFPA_MU.xml
dflat: input XML file does not exist
restored 0 files
--
Downloading unfpa-mv from http://open.unfpa.org/IATI/release/UNFPA_MV.xml
curl: download ERROR 404
Parsing unfpa-mv from http://open.unfpa.org/IATI/release/UNFPA_MV.xml
dflat: input XML file does not exist
restored 0 files
--
Downloading unfpa-mw from http://open.unfpa.org/IATI/release/UNFPA_MW.xml
curl: download ERROR 404
Parsing unfpa-mw from http://open.unfpa.org/IATI/release/UNFPA_MW.xml
dflat: input XML file does not exist
restored 0 files
--
Downloading unfpa-mx from http://open.unfpa.org/IATI/release/UNFPA_MX.xml
curl: download ERROR 404
Parsing unfpa-mx from http://open.unfpa.org/IATI/release/UNFPA_MX.xml
dflat: input XML file does not exist
restored 0 files
--
Downloading unfpa-my from http://open.unfpa.org/IATI/release/UNFPA_MY.xml
curl: download ERROR 404
Parsing unfpa-my from http://open.unfpa.org/IATI/release/UNFPA_MY.xml
dflat: input XML file does not exist
restored 0 files
--
Downloading unfpa-mz from https://open.unfpa.org/IATI/release/UNFPA_MZ.xml
curl: download ERROR 404
Parsing unfpa-mz from https://open.unfpa.org/IATI/release/UNFPA_MZ.xml
dflat: input XML file does not exist
restored 0 files
--
Downloading unfpa-na from http://open.unfpa.org/IATI/release/UNFPA_NA.xml
curl: download ERROR 404
Parsing unfpa-na from http://open.unfpa.org/IATI/release/UNFPA_NA.xml
dflat: input XML file does not exist
restored 0 files
--
Downloading unfpa-ne from http://open.unfpa.org/IATI/release/UNFPA_NE.xml
curl: download ERROR 404
Parsing unfpa-ne from http://open.unfpa.org/IATI/release/UNFPA_NE.xml
dflat: input XML file does not exist
restored 0 files
--
Downloading unfpa-ng from http://open.unfpa.org/IATI/release/UNFPA_NG.xml
curl: download ERROR 404
Parsing unfpa-ng from http://open.unfpa.org/IATI/release/UNFPA_NG.xml
dflat: input XML file does not exist
restored 0 files
--
Downloading unfpa-ni from http://open.unfpa.org/IATI/release/UNFPA_NI.xml
curl: download ERROR 404
Parsing unfpa-ni from http://open.unfpa.org/IATI/release/UNFPA_NI.xml
dflat: input XML file does not exist
restored 0 files
--
Downloading unfpa-np from http://open.unfpa.org/IATI/release/UNFPA_NP.xml
curl: download ERROR 404
Parsing unfpa-np from http://open.unfpa.org/IATI/release/UNFPA_NP.xml
dflat: input XML file does not exist
restored 0 files
--
Downloading unfpa-om from http://open.unfpa.org/IATI/release/UNFPA_OM.xml
curl: download ERROR 404
Parsing unfpa-om from http://open.unfpa.org/IATI/release/UNFPA_OM.xml
dflat: input XML file does not exist
restored 0 files
--
Downloading unfpa-org from https://open.unfpa.org/IATI/release/UNFPA_organisation.xml
curl: download ERROR 404
Parsing unfpa-org from https://open.unfpa.org/IATI/release/UNFPA_organisation.xml
dflat: input XML file does not exist
restored 1 files
--
Downloading unfpa-pa from http://open.unfpa.org/IATI/release/UNFPA_PA.xml
curl: download ERROR 404
Parsing unfpa-pa from http://open.unfpa.org/IATI/release/UNFPA_PA.xml
dflat: input XML file does not exist
restored 0 files
--
Downloading unfpa-pe from http://open.unfpa.org/IATI/release/UNFPA_PE.xml
curl: download ERROR 404
Parsing unfpa-pe from http://open.unfpa.org/IATI/release/UNFPA_PE.xml
dflat: input XML file does not exist
restored 0 files
--
Downloading unfpa-pg from http://open.unfpa.org/IATI/release/UNFPA_PG.xml
curl: download ERROR 404
Parsing unfpa-pg from http://open.unfpa.org/IATI/release/UNFPA_PG.xml
dflat: input XML file does not exist
restored 0 files
--
Downloading unfpa-ph from http://open.unfpa.org/IATI/release/UNFPA_PH.xml
curl: download ERROR 404
Parsing unfpa-ph from http://open.unfpa.org/IATI/release/UNFPA_PH.xml
dflat: input XML file does not exist
restored 0 files
--
Downloading unfpa-pk from http://open.unfpa.org/IATI/release/UNFPA_PK.xml
curl: download ERROR 404
Parsing unfpa-pk from http://open.unfpa.org/IATI/release/UNFPA_PK.xml
dflat: input XML file does not exist
restored 0 files
--
Downloading unfpa-ps from http://open.unfpa.org/IATI/release/UNFPA_PS.xml
curl: download ERROR 404
Parsing unfpa-ps from http://open.unfpa.org/IATI/release/UNFPA_PS.xml
dflat: input XML file does not exist
restored 0 files
--
Downloading unfpa-py from http://open.unfpa.org/IATI/release/UNFPA_PY.xml
curl: download ERROR 404
Parsing unfpa-py from http://open.unfpa.org/IATI/release/UNFPA_PY.xml
dflat: input XML file does not exist
restored 0 files
--
Downloading unfpa-reg1 from http://open.unfpa.org/IATI/release/UNFPA_REG-ARAB-STATES.xml
curl: download ERROR 404
Parsing unfpa-reg1 from http://open.unfpa.org/IATI/release/UNFPA_REG-ARAB-STATES.xml
dflat: input XML file does not exist
restored 0 files
--
Downloading unfpa-reg2 from http://open.unfpa.org/IATI/release/UNFPA_REG-ASIA-PACIFIC.xml
curl: download ERROR 404
Parsing unfpa-reg2 from http://open.unfpa.org/IATI/release/UNFPA_REG-ASIA-PACIFIC.xml
dflat: input XML file does not exist
restored 0 files
--
Downloading unfpa-reg3 from http://open.unfpa.org/IATI/release/UNFPA_REG-EASTERN-SOUTHERN-AFRICA.xml
curl: download ERROR 404
Parsing unfpa-reg3 from http://open.unfpa.org/IATI/release/UNFPA_REG-EASTERN-SOUTHERN-AFRICA.xml
dflat: input XML file does not exist
restored 0 files
--
Downloading unfpa-reg4 from http://open.unfpa.org/IATI/release/UNFPA_REG-EUROPE-CENTRAL-ASIA.xml
curl: download ERROR 404
Parsing unfpa-reg4 from http://open.unfpa.org/IATI/release/UNFPA_REG-EUROPE-CENTRAL-ASIA.xml
dflat: input XML file does not exist
restored 0 files
--
Downloading unfpa-reg5 from http://open.unfpa.org/IATI/release/UNFPA_REG-LATAM-CARIBBEAN.xml
curl: download ERROR 404
Parsing unfpa-reg5 from http://open.unfpa.org/IATI/release/UNFPA_REG-LATAM-CARIBBEAN.xml
dflat: input XML file does not exist
restored 0 files
--
Downloading unfpa-reg6 from http://open.unfpa.org/IATI/release/UNFPA_REG-WESTERN-CENTRAL-AFRICA.xml
curl: download ERROR 404
Parsing unfpa-reg6 from http://open.unfpa.org/IATI/release/UNFPA_REG-WESTERN-CENTRAL-AFRICA.xml
dflat: input XML file does not exist
restored 0 files
--
Downloading unfpa-rs from http://open.unfpa.org/IATI/release/UNFPA_RS.xml
curl: download ERROR 404
Parsing unfpa-rs from http://open.unfpa.org/IATI/release/UNFPA_RS.xml
dflat: input XML file does not exist
restored 0 files
--
Downloading unfpa-rw from http://open.unfpa.org/IATI/release/UNFPA_RW.xml
curl: download ERROR 404
Parsing unfpa-rw from http://open.unfpa.org/IATI/release/UNFPA_RW.xml
dflat: input XML file does not exist
restored 0 files
--
Downloading unfpa-sd from http://open.unfpa.org/IATI/release/UNFPA_SD.xml
curl: download ERROR 404
Parsing unfpa-sd from http://open.unfpa.org/IATI/release/UNFPA_SD.xml
dflat: input XML file does not exist
restored 0 files
--
Downloading unfpa-sl from http://open.unfpa.org/IATI/release/UNFPA_SL.xml
curl: download ERROR 404
Parsing unfpa-sl from http://open.unfpa.org/IATI/release/UNFPA_SL.xml
dflat: input XML file does not exist
restored 0 files
--
Downloading unfpa-sn from http://open.unfpa.org/IATI/release/UNFPA_SN.xml
curl: download ERROR 404
Parsing unfpa-sn from http://open.unfpa.org/IATI/release/UNFPA_SN.xml
dflat: input XML file does not exist
restored 0 files
--
Downloading unfpa-so from http://open.unfpa.org/IATI/release/UNFPA_SO.xml
curl: download ERROR 404
Parsing unfpa-so from http://open.unfpa.org/IATI/release/UNFPA_SO.xml
dflat: input XML file does not exist
restored 0 files
--
Downloading unfpa-sreg1 from http://open.unfpa.org/IATI/release/UNFPA_SREG-CARIB-ENGLISH-DUTCH.xml
curl: download ERROR 404
Parsing unfpa-sreg1 from http://open.unfpa.org/IATI/release/UNFPA_SREG-CARIB-ENGLISH-DUTCH.xml
dflat: input XML file does not exist
restored 0 files
--
Downloading unfpa-sreg2 from http://open.unfpa.org/IATI/release/UNFPA_SREG-PACIFIC-ISLANDS.xml
curl: download ERROR 404
Parsing unfpa-sreg2 from http://open.unfpa.org/IATI/release/UNFPA_SREG-PACIFIC-ISLANDS.xml
dflat: input XML file does not exist
restored 0 files
--
Downloading unfpa-ss from http://open.unfpa.org/IATI/release/UNFPA_SS.xml
curl: download ERROR 404
Parsing unfpa-ss from http://open.unfpa.org/IATI/release/UNFPA_SS.xml
dflat: input XML file does not exist
restored 0 files
--
Downloading unfpa-st from http://open.unfpa.org/IATI/release/UNFPA_ST.xml
curl: download ERROR 404
Parsing unfpa-st from http://open.unfpa.org/IATI/release/UNFPA_ST.xml
dflat: input XML file does not exist
restored 0 files
--
Downloading unfpa-sv from http://open.unfpa.org/IATI/release/UNFPA_SV.xml
curl: download ERROR 404
Parsing unfpa-sv from http://open.unfpa.org/IATI/release/UNFPA_SV.xml
dflat: input XML file does not exist
restored 0 files
--
Downloading unfpa-sy from http://open.unfpa.org/IATI/release/UNFPA_SY.xml
curl: download ERROR 404
Parsing unfpa-sy from http://open.unfpa.org/IATI/release/UNFPA_SY.xml
dflat: input XML file does not exist
restored 0 files
--
Downloading unfpa-sz from http://open.unfpa.org/IATI/release/UNFPA_SZ.xml
curl: download ERROR 404
Parsing unfpa-sz from http://open.unfpa.org/IATI/release/UNFPA_SZ.xml
dflat: input XML file does not exist
restored 0 files
--
Downloading unfpa-td from http://open.unfpa.org/IATI/release/UNFPA_TD.xml
curl: download ERROR 404
Parsing unfpa-td from http://open.unfpa.org/IATI/release/UNFPA_TD.xml
dflat: input XML file does not exist
restored 0 files
--
Downloading unfpa-tg from http://open.unfpa.org/IATI/release/UNFPA_TG.xml
curl: download ERROR 404
Parsing unfpa-tg from http://open.unfpa.org/IATI/release/UNFPA_TG.xml
dflat: input XML file does not exist
restored 0 files
--
Downloading unfpa-th from http://open.unfpa.org/IATI/release/UNFPA_TH.xml
curl: download ERROR 404
Parsing unfpa-th from http://open.unfpa.org/IATI/release/UNFPA_TH.xml
dflat: input XML file does not exist
restored 0 files
--
Downloading unfpa-tj from http://open.unfpa.org/IATI/release/UNFPA_TJ.xml
curl: download ERROR 404
Parsing unfpa-tj from http://open.unfpa.org/IATI/release/UNFPA_TJ.xml
dflat: input XML file does not exist
restored 0 files
--
Downloading unfpa-tl from http://open.unfpa.org/IATI/release/UNFPA_TL.xml
curl: download ERROR 404
Parsing unfpa-tl from http://open.unfpa.org/IATI/release/UNFPA_TL.xml
dflat: input XML file does not exist
restored 0 files
--
Downloading unfpa-tm from http://open.unfpa.org/IATI/release/UNFPA_TM.xml
curl: download ERROR 404
Parsing unfpa-tm from http://open.unfpa.org/IATI/release/UNFPA_TM.xml
dflat: input XML file does not exist
restored 0 files
--
Downloading unfpa-tn from http://open.unfpa.org/IATI/release/UNFPA_TN.xml
curl: download ERROR 404
Parsing unfpa-tn from http://open.unfpa.org/IATI/release/UNFPA_TN.xml
dflat: input XML file does not exist
restored 0 files
--
Downloading unfpa-tr from http://open.unfpa.org/IATI/release/UNFPA_TR.xml
curl: download ERROR 404
Parsing unfpa-tr from http://open.unfpa.org/IATI/release/UNFPA_TR.xml
dflat: input XML file does not exist
restored 0 files
--
Downloading unfpa-tz from http://open.unfpa.org/IATI/release/UNFPA_TZ.xml
curl: download ERROR 404
Parsing unfpa-tz from http://open.unfpa.org/IATI/release/UNFPA_TZ.xml
dflat: input XML file does not exist
restored 0 files
--
Downloading unfpa-ua from http://open.unfpa.org/IATI/release/UNFPA_UA.xml
curl: download ERROR 404
Parsing unfpa-ua from http://open.unfpa.org/IATI/release/UNFPA_UA.xml
dflat: input XML file does not exist
restored 0 files
--
Downloading unfpa-ug from http://open.unfpa.org/IATI/release/UNFPA_UG.xml
curl: download ERROR 404
Parsing unfpa-ug from http://open.unfpa.org/IATI/release/UNFPA_UG.xml
dflat: input XML file does not exist
restored 0 files
--
Downloading unfpa-uy from http://open.unfpa.org/IATI/release/UNFPA_UY.xml
curl: download ERROR 404
Parsing unfpa-uy from http://open.unfpa.org/IATI/release/UNFPA_UY.xml
dflat: input XML file does not exist
restored 0 files
--
Downloading unfpa-uz from http://open.unfpa.org/IATI/release/UNFPA_UZ.xml
curl: download ERROR 404
Parsing unfpa-uz from http://open.unfpa.org/IATI/release/UNFPA_UZ.xml
dflat: input XML file does not exist
restored 0 files
--
Downloading unfpa-ve from http://open.unfpa.org/IATI/release/UNFPA_VE.xml
curl: download ERROR 404
Parsing unfpa-ve from http://open.unfpa.org/IATI/release/UNFPA_VE.xml
dflat: input XML file does not exist
restored 0 files
--
Downloading unfpa-vn from http://open.unfpa.org/IATI/release/UNFPA_VN.xml
curl: download ERROR 404
Parsing unfpa-vn from http://open.unfpa.org/IATI/release/UNFPA_VN.xml
dflat: input XML file does not exist
restored 0 files
--
Downloading unfpa-xk from http://open.unfpa.org/IATI/release/UNFPA_XK.xml
curl: download ERROR 404
Parsing unfpa-xk from http://open.unfpa.org/IATI/release/UNFPA_XK.xml
dflat: input XML file does not exist
restored 0 files
--
Downloading unfpa-ye from http://open.unfpa.org/IATI/release/UNFPA_YE.xml
curl: download ERROR 404
Parsing unfpa-ye from http://open.unfpa.org/IATI/release/UNFPA_YE.xml
dflat: input XML file does not exist
restored 0 files
--
Downloading unfpa-za from http://open.unfpa.org/IATI/release/UNFPA_ZA.xml
curl: download ERROR 404
Parsing unfpa-za from http://open.unfpa.org/IATI/release/UNFPA_ZA.xml
dflat: input XML file does not exist
restored 0 files
--
Downloading unfpa-zm from http://open.unfpa.org/IATI/release/UNFPA_ZM.xml
curl: download ERROR 404
Parsing unfpa-zm from http://open.unfpa.org/IATI/release/UNFPA_ZM.xml
dflat: input XML file does not exist
restored 0 files
--
Downloading unfpa-zw from http://open.unfpa.org/IATI/release/UNFPA_ZW.xml
curl: download ERROR 404
Parsing unfpa-zw from http://open.unfpa.org/IATI/release/UNFPA_ZW.xml
dflat: input XML file does not exist
restored 0 files
--
Downloading unido-activity-anguilla from https://downloads.unido.org/iati/AI-unido-activities.xml
curl: download ERROR 404
Parsing unido-activity-anguilla from https://downloads.unido.org/iati/AI-unido-activities.xml
dflat: input XML file does not exist
restored 0 files
--
Parsing unocha-cbpf-southsudan-allocation-2025 from https://cbpfapi.unocha.org/iati/iati/19/2025/GetAllocation.xml
dflat: invalid XML format
restored 102 files
--
Downloading unops-au from https://storage.googleapis.com/unops-iati-datafiles/data/iati/20251112/iati-activities/iati_activity_AU.xml
curl: download ERROR 404
Parsing unops-au from https://storage.googleapis.com/unops-iati-datafiles/data/iati/20251112/iati-activities/iati_activity_AU.xml
dflat: input XML file does not exist
restored 1 files
--
Downloading unops-cw from https://storage.googleapis.com/unops-iati-datafiles/data/iati/20231108/iati-activities/iati_activity_CW.xml
curl: download ERROR 404
Parsing unops-cw from https://storage.googleapis.com/unops-iati-datafiles/data/iati/20231108/iati-activities/iati_activity_CW.xml
dflat: input XML file does not exist
restored 1 files
--
Downloading unops-il from https://iati-content.unops.org/data/iati/20220304/iati-activities/iati_activity_IL.xml
curl: download ERROR 404
Parsing unops-il from https://iati-content.unops.org/data/iati/20220304/iati-activities/iati_activity_IL.xml
dflat: input XML file does not exist
restored 1 files
--
Downloading unops-ph from https://storage.googleapis.com/unops-iati-datafiles/data/iati/20251112/iati-activities/iati_activity_PH.xml
curl: download ERROR 000
Parsing unops-ph from https://storage.googleapis.com/unops-iati-datafiles/data/iati/20251112/iati-activities/iati_activity_PH.xml
dflat: input XML file does not exist
restored 13 files
--
Downloading utz-activities from https://rsr.akvo.org/organisation/3656/iati/
curl: download ERROR 429
Parsing utz-activities from https://rsr.akvo.org/organisation/3656/iati/
dflat: input XML file does not exist
restored 9 files
--
Downloading utz-org from https://rsr.akvo.org/organisation/3656/iati-org/
curl: download ERROR 429
Parsing utz-org from https://rsr.akvo.org/organisation/3656/iati-org/
dflat: input XML file does not exist
restored 1 files
--
Downloading vera-solutions-act from https://ampimpactdemo-dev-ed.my.salesforce.com/sfc/p/#6g000000Erna/a/6g000000KyoV/W4VJpneLh2YYDA4Yo5GB8qMnQTuGSdZV9g5BuDv9J5w
curl: download ERROR 000
Parsing vera-solutions-act from https://ampimpactdemo-dev-ed.my.salesforce.com/sfc/p/#6g000000Erna/a/6g000000KyoV/W4VJpneLh2YYDA4Yo5GB8qMnQTuGSdZV9g5BuDv9J5w
dflat: input XML file does not exist
restored 0 files
--
Downloading vhai-org-201801 from http://iati.simavi.org/VHAI/IATI-activities.xml
curl: download ERROR 404
Parsing vhai-org-201801 from http://iati.simavi.org/VHAI/IATI-activities.xml
dflat: input XML file does not exist
restored 1 files
--
Downloading vso_nl-makeway from https://rsr.akvo.org/organisation/6195/iati/
curl: download ERROR 429
Parsing vso_nl-makeway from https://rsr.akvo.org/organisation/6195/iati/
dflat: input XML file does not exist
restored 7 files
--
Parsing w1 from https://ukzn.ac.za/annual-reports/
dflat: invalid XML format
restored 0 files
--
Downloading wateraid-ao from https://www.wateraid.org/sites/g/files/jkxoof271/files/wa-opendata-ao_6.xml
curl: download ERROR 403
Parsing wateraid-ao from https://www.wateraid.org/sites/g/files/jkxoof271/files/wa-opendata-ao_6.xml
dflat: input XML file does not exist
restored 1 files
--
Downloading wateraid-bd from https://www.wateraid.org/sites/g/files/jkxoof271/files/wa-opendata-bd_5.xml
curl: download ERROR 403
Parsing wateraid-bd from https://www.wateraid.org/sites/g/files/jkxoof271/files/wa-opendata-bd_5.xml
dflat: input XML file does not exist
restored 70 files
--
Downloading wateraid-bf from https://www.wateraid.org/sites/g/files/jkxoof271/files/wa-opendata-bf_5.xml
curl: download ERROR 403
Parsing wateraid-bf from https://www.wateraid.org/sites/g/files/jkxoof271/files/wa-opendata-bf_5.xml
dflat: input XML file does not exist
restored 26 files
--
Downloading wateraid-et from https://www.wateraid.org/sites/g/files/jkxoof271/files/wa-opendata-et_7.xml
curl: download ERROR 403
Parsing wateraid-et from https://www.wateraid.org/sites/g/files/jkxoof271/files/wa-opendata-et_7.xml
dflat: input XML file does not exist
restored 39 files
--
Downloading wateraid-fwp from https://www.wateraid.org/sites/g/files/jkxoof271/files/wa-opendata-fwp_7.xml
curl: download ERROR 403
Parsing wateraid-fwp from https://www.wateraid.org/sites/g/files/jkxoof271/files/wa-opendata-fwp_7.xml
dflat: input XML file does not exist
restored 4 files
--
Downloading wateraid-gh from https://www.wateraid.org/sites/g/files/jkxoof271/files/wa-opendata-gh_5.xml
curl: download ERROR 403
Parsing wateraid-gh from https://www.wateraid.org/sites/g/files/jkxoof271/files/wa-opendata-gh_5.xml
dflat: input XML file does not exist
restored 15 files
--
Downloading wateraid-global from https://www.wateraid.org/sites/g/files/jkxoof271/files/wa-opendata-globalxml.xml
curl: download ERROR 403
Parsing wateraid-global from https://www.wateraid.org/sites/g/files/jkxoof271/files/wa-opendata-globalxml.xml
dflat: input XML file does not exist
restored 25 files
--
Downloading wateraid-in from https://www.wateraid.org/sites/g/files/jkxoof271/files/wa-opendata-in_0.xml
curl: download ERROR 403
Parsing wateraid-in from https://www.wateraid.org/sites/g/files/jkxoof271/files/wa-opendata-in_0.xml
dflat: input XML file does not exist
restored 25 files
--
Downloading wateraid-ke from https://www.wateraid.org/sites/g/files/jkxoof271/files/-wa-opendata-ke_1.xml
curl: download ERROR 403
Parsing wateraid-ke from https://www.wateraid.org/sites/g/files/jkxoof271/files/-wa-opendata-ke_1.xml
dflat: input XML file does not exist
restored 1 files
--
Downloading wateraid-lr from https://www.wateraid.org/sites/g/files/jkxoof271/files/wa-opendata-lr_5.xml
curl: download ERROR 403
Parsing wateraid-lr from https://www.wateraid.org/sites/g/files/jkxoof271/files/wa-opendata-lr_5.xml
dflat: input XML file does not exist
restored 7 files
--
Downloading wateraid-ls from https://www.wateraid.org/sites/g/files/jkxoof271/files/wa-opendata-ls_6.xml
curl: download ERROR 403
Parsing wateraid-ls from https://www.wateraid.org/sites/g/files/jkxoof271/files/wa-opendata-ls_6.xml
dflat: input XML file does not exist
restored 1 files
--
Downloading wateraid-mg from https://www.wateraid.org/sites/g/files/jkxoof271/files/wa-opendata-mg_5.xml
curl: download ERROR 403
Parsing wateraid-mg from https://www.wateraid.org/sites/g/files/jkxoof271/files/wa-opendata-mg_5.xml
dflat: input XML file does not exist
restored 35 files
--
Downloading wateraid-ml from https://www.wateraid.org/sites/g/files/jkxoof271/files/wa-opendata-ml_6.xml
curl: download ERROR 403
Parsing wateraid-ml from https://www.wateraid.org/sites/g/files/jkxoof271/files/wa-opendata-ml_6.xml
dflat: input XML file does not exist
restored 28 files
--
Downloading wateraid-mm from https://www.wateraid.org/sites/g/files/jkxoof271/files/wa-opendata-mm_6.xml
curl: download ERROR 403
Parsing wateraid-mm from https://www.wateraid.org/sites/g/files/jkxoof271/files/wa-opendata-mm_6.xml
dflat: input XML file does not exist
restored 10 files
--
Downloading wateraid-mw from https://www.wateraid.org/sites/g/files/jkxoof271/files/wa-opendata-mw_6.xml
curl: download ERROR 403
Parsing wateraid-mw from https://www.wateraid.org/sites/g/files/jkxoof271/files/wa-opendata-mw_6.xml
dflat: input XML file does not exist
restored 21 files
--
Downloading wateraid-mz from https://www.wateraid.org/sites/g/files/jkxoof271/files/wa-opendata-mz_5.xml
curl: download ERROR 403
Parsing wateraid-mz from https://www.wateraid.org/sites/g/files/jkxoof271/files/wa-opendata-mz_5.xml
dflat: input XML file does not exist
restored 16 files
--
Downloading wateraid-ne from https://www.wateraid.org/sites/g/files/jkxoof271/files/wa-opendata-ne_7.xml
curl: download ERROR 403
Parsing wateraid-ne from https://www.wateraid.org/sites/g/files/jkxoof271/files/wa-opendata-ne_7.xml
dflat: input XML file does not exist
restored 12 files
--
Downloading wateraid-ng from https://www.wateraid.org/sites/g/files/jkxoof271/files/wa-opendata-ng_6.xml
curl: download ERROR 403
Parsing wateraid-ng from https://www.wateraid.org/sites/g/files/jkxoof271/files/wa-opendata-ng_6.xml
dflat: input XML file does not exist
restored 12 files
--
Downloading wateraid-np from https://www.wateraid.org/sites/g/files/jkxoof271/files/wa-opendata-np_5.xml
curl: download ERROR 403
Parsing wateraid-np from https://www.wateraid.org/sites/g/files/jkxoof271/files/wa-opendata-np_5.xml
dflat: input XML file does not exist
restored 27 files
--
Downloading wateraid-pk from https://www.wateraid.org/sites/g/files/jkxoof271/files/wa-opendata-pk_5.xml
curl: download ERROR 403
Parsing wateraid-pk from https://www.wateraid.org/sites/g/files/jkxoof271/files/wa-opendata-pk_5.xml
dflat: input XML file does not exist
restored 13 files
--
Downloading wateraid-rw from https://www.wateraid.org/sites/g/files/jkxoof271/files/wa-opendata-rw_5.xml
curl: download ERROR 403
Parsing wateraid-rw from https://www.wateraid.org/sites/g/files/jkxoof271/files/wa-opendata-rw_5.xml
dflat: input XML file does not exist
restored 14 files
--
Downloading wateraid-sl from https://www.wateraid.org/sites/g/files/jkxoof271/files/wa-opendata-sl_5.xml
curl: download ERROR 403
Parsing wateraid-sl from https://www.wateraid.org/sites/g/files/jkxoof271/files/wa-opendata-sl_5.xml
dflat: input XML file does not exist
restored 7 files
--
Downloading wateraid-sz from https://www.wateraid.org/sites/g/files/jkxoof271/files/wa-opendata-sz_5.xml
curl: download ERROR 403
Parsing wateraid-sz from https://www.wateraid.org/sites/g/files/jkxoof271/files/wa-opendata-sz_5.xml
dflat: input XML file does not exist
restored 2 files
--
Downloading wateraid-tz from https://www.wateraid.org/sites/g/files/jkxoof271/files/wa-opendata-tz_5.xml
curl: download ERROR 403
Parsing wateraid-tz from https://www.wateraid.org/sites/g/files/jkxoof271/files/wa-opendata-tz_5.xml
dflat: input XML file does not exist
restored 31 files
--
Downloading wateraid-ug from https://www.wateraid.org/sites/g/files/jkxoof271/files/wa-opendata-ug_5.xml
curl: download ERROR 403
Parsing wateraid-ug from https://www.wateraid.org/sites/g/files/jkxoof271/files/wa-opendata-ug_5.xml
dflat: input XML file does not exist
restored 29 files
--
Downloading wateraid-zm from https://www.wateraid.org/sites/g/files/jkxoof271/files/wa-opendata-zm_5.xml
curl: download ERROR 403
Parsing wateraid-zm from https://www.wateraid.org/sites/g/files/jkxoof271/files/wa-opendata-zm_5.xml
dflat: input XML file does not exist
restored 16 files
--
Parsing weather from https://ukzn.ac.za/annual-reports/
dflat: invalid XML format
restored 0 files
--
Downloading weeffect-all_activities from https://csoadmin.sida.se/iati/We-Effect-%28fd-Kooperation-Utan-Gr%C3%A4nser%29.xml
curl: download ERROR 000
Parsing weeffect-all_activities from https://csoadmin.sida.se/iati/We-Effect-%28fd-Kooperation-Utan-Gr%C3%A4nser%29.xml
dflat: input XML file does not exist
restored 198 files
--
Parsing wgnrr_iati-activities from https://www.dataworkbench.io/publisher/wgnrr/iati-activities.xml
dflat: invalid XML format
restored 1 files
--
Parsing wgnrr_iati-activitiesupdated from https://drive.google.com/file/d/1xGT5nEL6ZZtoG8wxf9CP9VRz7gZplHhu/view?usp=sharing
dflat: invalid XML format
restored 0 files
--
Downloading wi-activity from http://rsr.akvo.org/organisation/474/iati/
curl: download ERROR 429
Parsing wi-activity from http://rsr.akvo.org/organisation/474/iati/
dflat: input XML file does not exist
restored 6 files
--
Downloading wi-nl_org from https://rsr.akvo.org/organisation/474/iati-org/
curl: download ERROR 429
Parsing wi-nl_org from https://rsr.akvo.org/organisation/474/iati-org/
dflat: input XML file does not exist
restored 1 files
--
Downloading wi-org from https://rsr.akvo.org/organisation/474/iati/
curl: download ERROR 429
Parsing wi-org from https://rsr.akvo.org/organisation/474/iati/
dflat: input XML file does not exist
restored 6 files
--
Downloading wv_cd-activity from https://www.wvi.org/accountability/DRC-activities.xml
curl: download ERROR 403
Parsing wv_cd-activity from https://www.wvi.org/accountability/DRC-activities.xml
dflat: input XML file does not exist
restored 25 files
--
Downloading wv_cd-org from https://www.wvi.org/accountability/DRC-organisation.xml
curl: download ERROR 403
Parsing wv_cd-org from https://www.wvi.org/accountability/DRC-organisation.xml
dflat: input XML file does not exist
restored 1 files
--
Downloading wv_cf-activity from https://www.wvi.org/accountability/CAR-activities.xml
curl: download ERROR 403
Parsing wv_cf-activity from https://www.wvi.org/accountability/CAR-activities.xml
dflat: input XML file does not exist
restored 2 files
--
Downloading wv_cf-org from https://www.wvi.org/accountability/CAR-organisation.xml
curl: download ERROR 403
Parsing wv_cf-org from https://www.wvi.org/accountability/CAR-organisation.xml
dflat: input XML file does not exist
restored 1 files
--
Downloading wv_de-activities from https://www.wvi.org/accountability/de/IATI-activities.xml
curl: download ERROR 403
Parsing wv_de-activities from https://www.wvi.org/accountability/de/IATI-activities.xml
dflat: input XML file does not exist
restored 165 files
--
Downloading wv_de-org from https://www.wvi.org/accountability/de/IATI-organisation.xml
curl: download ERROR 403
Parsing wv_de-org from https://www.wvi.org/accountability/de/IATI-organisation.xml
dflat: input XML file does not exist
restored 1 files
--
Downloading wv_et_activities-activity from https://www.wvi.org/accountability/ETH-activities.xml
curl: download ERROR 403
Parsing wv_et_activities-activity from https://www.wvi.org/accountability/ETH-activities.xml
dflat: input XML file does not exist
restored 7 files
--
Downloading wv_et_activities-org from https://www.wvi.org/accountability/ETH-organisation.xml
curl: download ERROR 403
Parsing wv_et_activities-org from https://www.wvi.org/accountability/ETH-organisation.xml
dflat: input XML file does not exist
restored 1 files
--
Downloading wvi-activities from https://wvi.org/accountability/IATI-activities.xml
curl: download ERROR 403
Parsing wvi-activities from https://wvi.org/accountability/IATI-activities.xml
dflat: input XML file does not exist
restored 71 files
--
Downloading wvi-org from https://www.wvi.org/accountability/IATI-organisation.xml
curl: download ERROR 403
Parsing wvi-org from https://www.wvi.org/accountability/IATI-organisation.xml
dflat: input XML file does not exist
restored 1 files
--
Downloading wvuk-activitiesarchive from https://wvukfilestorage.blob.core.windows.net/wvuk-iati/wvuk-activities_aidstream.xml
curl: download ERROR 403
Parsing wvuk-activitiesarchive from https://wvukfilestorage.blob.core.windows.net/wvuk-iati/wvuk-activities_aidstream.xml
dflat: input XML file does not exist
restored 71 files
--
Downloading wvuk-activitiesfile from https://wvukfilestorage.blob.core.windows.net/wvuk-iati/wvuk-iati-activityfile.xml
curl: download ERROR 403
Parsing wvuk-activitiesfile from https://wvukfilestorage.blob.core.windows.net/wvuk-iati/wvuk-iati-activityfile.xml
dflat: input XML file does not exist
restored 233 files
--
Downloading wwc_27068084-orgtun5 from https://drive.google.com/file/d/1Gxp-9s9LW2V_DL7LPlIwDsOdJTlO8YMl/view?usp=sharing
curl: download ERROR 401
Parsing wwc_27068084-orgtun5 from https://drive.google.com/file/d/1Gxp-9s9LW2V_DL7LPlIwDsOdJTlO8YMl/view?usp=sharing
dflat: input XML file does not exist
restored 0 files
--
Downloading wwc_27068084-orgtunisia from https://drive.google.com/file/d/1-5ZJn90Eds8wnFWhDwzZqTd6Y65QigJw/view?usp=sharing
curl: download ERROR 401
Parsing wwc_27068084-orgtunisia from https://drive.google.com/file/d/1-5ZJn90Eds8wnFWhDwzZqTd6Y65QigJw/view?usp=sharing
dflat: input XML file does not exist
restored 0 files
--
Downloading wwc_27068084-orgtuni from https://drive.google.com/file/d/1EfVFQFLLHdZAyhXNcrQtUftMUdN1Rk8p/view?usp=sharing
curl: download ERROR 401
Parsing wwc_27068084-orgtuni from https://drive.google.com/file/d/1EfVFQFLLHdZAyhXNcrQtUftMUdN1Rk8p/view?usp=sharing
dflat: input XML file does not exist
restored 0 files
--
Downloading wwc_27068084-orgtun from https://drive.google.com/file/d/1cG52vHo3UIxERMWQrgVygfwSU4J96Y5y/view?usp=sharing
curl: download ERROR 401
Parsing wwc_27068084-orgtun from https://drive.google.com/file/d/1cG52vHo3UIxERMWQrgVygfwSU4J96Y5y/view?usp=sharing
dflat: input XML file does not exist
restored 0 files
--
Downloading wwc_27068084-org from https://drive.google.com/file/d/1WihOkmVMv5sV39Z1kz470sQcXa7zxc7V/view?usp=sharing
curl: download ERROR 404
Parsing wwc_27068084-org from https://drive.google.com/file/d/1WihOkmVMv5sV39Z1kz470sQcXa7zxc7V/view?usp=sharing
dflat: input XML file does not exist
restored 0 files
--
Downloading wwc_27068084-tunis from https://drive.google.com/file/d/1p5lNTdWB0TuKwttmCQTVESLTXaOBvtrc/view?usp=sharing
curl: download ERROR 401
Parsing wwc_27068084-tunis from https://drive.google.com/file/d/1p5lNTdWB0TuKwttmCQTVESLTXaOBvtrc/view?usp=sharing
dflat: input XML file does not exist
restored 0 files
--
Downloading wwf-se-all_activities from https://csoadmin.sida.se/iati/World-Wide-Fund-for-nature.xml
curl: download ERROR 000
Parsing wwf-se-all_activities from https://csoadmin.sida.se/iati/World-Wide-Fund-for-nature.xml
dflat: input XML file does not exist
restored 24 files
--
Downloading ze-act1 from https://rsr.akvo.org/organisation/4652/iati/
curl: download ERROR 429
Parsing ze-act1 from https://rsr.akvo.org/organisation/4652/iati/
dflat: input XML file does not exist
restored 7 files
--
Downloading ze-org from https://rsr.akvo.org/organisation/4652/iati-org/
curl: download ERROR 429
Parsing ze-org from https://rsr.akvo.org/organisation/4652/iati-org/
dflat: input XML file does not exist
restored 1 files
--
Parsing zing-activities from http://zing.org.uk/open/zingactivities.xml
dflat: invalid XML format
restored 13 files
